 CommFunc

 Timestamp is 6736d8fb (Fri Nov 15 13:15:39 2024)

 Preferred load address is 10000000

 Start         Length     Name                   Class
 0001:00000000 00001dc0H .text$di                CODE
 0001:00001dc0 00006990H .text$mn                CODE
 0001:00008750 00001550H .text$x                 CODE
 0001:00009ca0 0000107dH .text$yd                CODE
 0002:00000000 00000104H .CRT$XCA                DATA
 0002:00000104 00000114H .CRT$XCU                DATA
 0002:00000218 00000104H .CRT$XCZ                DATA
 0002:0000031c 00000104H .CRT$XIA                DATA
 0002:00000420 00000104H .CRT$XIZ                DATA
 0002:00000524 00000104H .CRT$XPA                DATA
 0002:00000628 00000104H .CRT$XPZ                DATA
 0002:0000072c 00000104H .CRT$XTA                DATA
 0002:00000830 00000108H .CRT$XTZ                DATA
 0002:00000938 000003c8H .rdata                  DATA
 0002:00000d00 00000180H .rdata$CastGuardVftablesA DATA
 0002:00000e80 0000014cH .rdata$CastGuardVftablesC DATA
 0002:00000fcc 00000274H .rdata$r                DATA
 0002:00001240 00000160H .rdata$sxdata           DATA
 0002:000013a0 0000018cH .rdata$zzzdbg           DATA
 0002:0000152c 00000104H .rtc$IAA                DATA
 0002:00001630 00000104H .rtc$IZZ                DATA
 0002:00001734 00000104H .rtc$TAA                DATA
 0002:00001838 00000108H .rtc$TZZ                DATA
 0002:00001940 00000930H .xdata$x                DATA
 0002:00002270 0000028aH .edata                  DATA
 0003:00000000 000001c8H .data                   DATA
 0003:000001c8 00000178H .data$r                 DATA
 0003:00000340 00000120H .data$rs                DATA
 0003:00000460 00000458H .bss                    DATA
 0004:00000000 0000035cH .idata$5                DATA
 0004:0000035c 000000a0H .idata$2                DATA
 0004:000003fc 00000014H .idata$3                DATA
 0004:00000410 0000035cH .idata$4                DATA
 0004:0000076c 00001090H .idata$6                DATA
 0005:00000000 0000010eH .00cfg                  DATA
 0006:00000000 00000170H .rsrc$01                DATA
 0006:00000170 00000400H .rsrc$02                DATA

  Address         Publics by Value              Rva+Base       Lib:Object

 0000:00000000       ___AbsoluteZero            00000000     <absolute>
 0000:00000000       ___arm64x_extra_rfe_table  00000000     <absolute>
 0000:00000000       ___arm64x_extra_rfe_table_size 00000000     <absolute>
 0000:00000000       ___arm64x_native_entrypoint 00000000     <absolute>
 0000:00000000       ___arm64x_redirection_metadata 00000000     <absolute>
 0000:00000000       ___arm64x_redirection_metadata_count 00000000     <absolute>
 0000:00000000       ___dynamic_value_reloc_table 00000000     <absolute>
 0000:00000000       ___enclave_config          00000000     <absolute>
 0000:00000000       ___guard_check_icall_a64n_fptr 00000000     <absolute>
 0000:00000000       ___guard_eh_cont_count     00000000     <absolute>
 0000:00000000       ___guard_eh_cont_table     00000000     <absolute>
 0000:00000000       ___guard_fids_count        00000000     <absolute>
 0000:00000000       ___guard_fids_table        00000000     <absolute>
 0000:00000000       ___guard_iat_count         00000000     <absolute>
 0000:00000000       ___guard_iat_table         00000000     <absolute>
 0000:00000000       ___guard_longjmp_count     00000000     <absolute>
 0000:00000000       ___guard_longjmp_table     00000000     <absolute>
 0000:00000000       ___hybrid_auxiliary_delayload_iat 00000000     <absolute>
 0000:00000000       ___hybrid_auxiliary_delayload_iat_copy 00000000     <absolute>
 0000:00000000       ___hybrid_auxiliary_iat    00000000     <absolute>
 0000:00000000       ___hybrid_auxiliary_iat_copy 00000000     <absolute>
 0000:00000000       ___hybrid_code_map         00000000     <absolute>
 0000:00000000       ___hybrid_code_map_count   00000000     <absolute>
 0000:00000000       ___hybrid_image_info_bitfield 00000000     <absolute>
 0000:00000000       ___volatile_metadata       00000000     <absolute>
 0000:00000000       ___x64_code_ranges_to_entry_points 00000000     <absolute>
 0000:00000000       ___x64_code_ranges_to_entry_points_count 00000000     <absolute>
 0000:00000014       ___safe_se_handler_count   00000014     <absolute>
 0000:00000100       ___guard_flags             00000100     <absolute>
 0000:00000000       ___ImageBase               10000000     <linker-defined>
 0001:00001dc0       ?HttpDnsSetup@@YA_N_N@Z    10002dc0 f   HttpDns.obj
 0001:00001e20       ?HttpDnsCleanup@@YAXXZ     10002e20 f   HttpDns.obj
 0001:00001e40       ?Resolve@@YA?AV?$basic_string@DU?$char_traits@D@std@@V?$allocator@D@2@@std@@ABV12@@Z 10002e40 f   HttpDns.obj
 0001:000021c0       ?Resolve@@YA?AVQUrl@@V1@@Z 100031c0 f   HttpDns.obj
 0001:00002480       ?HttpDnsResolved@@YA_NVQUrl@@@Z 10003480 f   HttpDns.obj
 0001:000025a0       ?HttpDnsResolved@@YA_NXZ   100035a0 f   HttpDns.obj
 0001:00002850       ??$?0$$V@?$_Compressed_pair@V?$allocator@D@std@@V?$_String_val@U?$_Simple_types@D@std@@@2@$00@std@@QAE@U_Zero_then_variadic_args_t@1@@Z 10003850 f i HttpDns.obj
 0001:00002880       ??$?0AAPAUHttpDns@@@?$_Compressed_pair@U?$default_delete@UHttpDns@@@std@@PAUHttpDns@@$00@std@@QAE@U_Zero_then_variadic_args_t@1@AAPAUHttpDns@@@Z 10003880 f i HttpDns.obj
 0001:000028b0       ??$?0U?$default_delete@UHttpDns@@@std@@$0A@@?$unique_ptr@UHttpDns@@U?$default_delete@UHttpDns@@@std@@@std@@QAE@$$QAV01@@Z 100038b0 f i HttpDns.obj
 0001:00002910       ??$?0U?$default_delete@UHttpDns@@@std@@$0A@@?$unique_ptr@UHttpDns@@U?$default_delete@UHttpDns@@@std@@@std@@QAE@PAUHttpDns@@@Z 10003910 f i HttpDns.obj
 0001:00002940       ??$?0U?$default_delete@UHttpDns@@@std@@PAUHttpDns@@@?$_Compressed_pair@U?$default_delete@UHttpDns@@@std@@PAUHttpDns@@$00@std@@QAE@U_One_then_variadic_args_t@1@$$QAU?$default_delete@UHttpDns@@@1@$$QAPAUHttpDns@@@Z 10003940 f i HttpDns.obj
 0001:00002980       ??$?0V?$allocator@D@std@@$$V@?$_Compressed_pair@V?$allocator@D@std@@V?$_String_val@U?$_Simple_types@D@std@@@2@$00@std@@QAE@U_One_then_variadic_args_t@1@$$QAV?$allocator@D@1@@Z 10003980 f i HttpDns.obj
 0001:000029b0       ??$?4U?$default_delete@UHttpDns@@@std@@$0A@@?$unique_ptr@UHttpDns@@U?$default_delete@UHttpDns@@@std@@@std@@QAEAAV01@$$QAV01@@Z 100039b0 f i HttpDns.obj
 0001:00002a00       ??$_Allocate@$07U_Default_allocate_traits@std@@@std@@YAPAXI@Z 10003a00 f i HttpDns.obj
 0001:00002a40       ??$_Allocate_at_least_helper@V?$allocator@D@std@@@std@@YAPADAAV?$allocator@D@0@AAI@Z 10003a40 f i HttpDns.obj
 0001:00002a60       ??$_Allocate_for_capacity@$0A@@?$basic_string@DU?$char_traits@D@std@@V?$allocator@D@2@@std@@CAPADAAV?$allocator@D@1@AAI@Z 10003a60 f i HttpDns.obj
 0001:00002ab0       ??$_Allocate_manually_vector_aligned@U_Default_allocate_traits@std@@@std@@YAPAXI@Z 10003ab0 f i HttpDns.obj
 0001:00002b30       ??$_Atomic_address_as@HU?$_Atomic_padded@H@std@@@std@@YAPDHABU?$_Atomic_padded@H@0@@Z 10003b30 f i HttpDns.obj
 0001:00002b40       ??$_Atomic_address_as@JU?$_Atomic_padded@H@std@@@std@@YAPCJAAU?$_Atomic_padded@H@0@@Z 10003b40 f i HttpDns.obj
 0001:00002b50       ??$_Construct@$00PBD@?$basic_string@DU?$char_traits@D@std@@V?$allocator@D@2@@std@@AAEXQBDI@Z 10003b50 f i HttpDns.obj
 0001:00002cd0       ??$_Construct@$01PBD@?$basic_string@DU?$char_traits@D@std@@V?$allocator@D@2@@std@@AAEXQBDI@Z 10003cd0 f i HttpDns.obj
 0001:00002e10       ??$_Construct_in_place@PADABQAD@std@@YAXAAPADABQAD@Z 10003e10 f i HttpDns.obj
 0001:00002e60       ??$_Convert_size@II@std@@YAII@Z 10003e60 f i HttpDns.obj
 0001:00002e70       ??$_Deallocate@$07@std@@YAXPAXI@Z 10003e70 f i HttpDns.obj
 0001:00002ef0       ??$_Destroy_in_place@PAD@std@@YAXAAPAD@Z 10003ef0 f i HttpDns.obj
 0001:00002f00       ??$_Get_size_of_n@$00@std@@YAII@Z 10003f00 f i HttpDns.obj
 0001:00002f20       ??$_Max_limit@H@std@@YAHXZ 10003f20 f i HttpDns.obj
 0001:00002f40       ??$_Unfancy@D@std@@YAPADPAD@Z 10003f40 f i HttpDns.obj
 0001:00002f50       ??$addressof@PAD@std@@YAPAPADAAPAD@Z 10003f50 f i HttpDns.obj
 0001:00002f60       ??$callDestructorIfNecessary@VQString@@@QMapNodeBase@@SAXAAVQString@@@Z 10003f60 f i HttpDns.obj
 0001:00002f80       ??$deref@H@?$QAtomicOps@H@@SA_NAAU?$atomic@H@std@@@Z 10003f80 f i HttpDns.obj
 0001:00002fc0       ??$exchange@PAUHttpDns@@$$T@std@@YAPAUHttpDns@@AAPAU1@$$QA$$T@Z 10003fc0 f i HttpDns.obj
 0001:00002ff0       ??$exchange@PAUHttpDns@@AAPAU1@@std@@YAPAUHttpDns@@AAPAU1@0@Z 10003ff0 f i HttpDns.obj
 0001:00003020       ??$forward@AAPAUHttpDns@@@std@@YAAAPAUHttpDns@@AAPAU1@@Z 10004020 f i HttpDns.obj
 0001:00003030       ??$forward@ABQAD@std@@YAABQADABQAD@Z 10004030 f i HttpDns.obj
 0001:00003040       ??$forward@PAUHttpDns@@@std@@YA$$QAPAUHttpDns@@AAPAU1@@Z 10004040 f i HttpDns.obj
 0001:00003050       ??$forward@U?$default_delete@UHttpDns@@@std@@@std@@YA$$QAU?$default_delete@UHttpDns@@@0@AAU10@@Z 10004050 f i HttpDns.obj
 0001:00003060       ??$forward@V?$allocator@D@std@@@std@@YA$$QAV?$allocator@D@0@AAV10@@Z 10004060 f i HttpDns.obj
 0001:00003070       ??$loadRelaxed@H@?$QAtomicOps@H@@SAHABU?$atomic@H@std@@@Z 10004070 f i HttpDns.obj
 0001:00003090       ??$make_unique@UHttpDns@@$$V$0A@@std@@YA?AV?$unique_ptr@UHttpDns@@U?$default_delete@UHttpDns@@@std@@@0@XZ 10004090 f i HttpDns.obj
 0001:00003160       ??$max@I@std@@YAABIABI0@Z  10004160 f i HttpDns.obj
 0001:000031a0       ??$min@I@std@@YAABIABI0@Z  100041a0 f i HttpDns.obj
 0001:000031e0       ??$move@AAV?$QList@VQString@@@@@std@@YA$$QAV?$QList@VQString@@@@AAV1@@Z 100041e0 f i HttpDns.obj
 0001:000031f0       ??$qMapLessThanKey@VQString@@@@YA_NABVQString@@0@Z 100041f0 f i HttpDns.obj
 0001:00003210       ??0?$QFlags@W4ComponentFormattingOption@QUrl@@@@QAE@W4ComponentFormattingOption@QUrl@@@Z 10004210 f i HttpDns.obj
 0001:00003230       ??0?$QList@VQString@@@@QAE@$$QAV0@@Z 10004230 f i HttpDns.obj
 0001:00003260       ??0?$QList@VQString@@@@QAE@XZ 10004260 f i HttpDns.obj
 0001:00003280       ??0?$QMap@VQString@@V1@@@QAE@XZ 10004280 f i HttpDns.obj
 0001:000032a0       ??0?$QUrlTwoFlags@W4UrlFormattingOption@QUrl@@W4ComponentFormattingOption@2@@@QAE@W4ComponentFormattingOption@QUrl@@@Z 100042a0 f i HttpDns.obj
 0001:000032c0       ??0?$_String_val@U?$_Simple_types@D@std@@@std@@QAE@XZ 100042c0 f i HttpDns.obj
 0001:00003300       ??0?$allocator@D@std@@QAE@XZ 10004300 f i HttpDns.obj
 0001:00003320       ??0?$basic_string@DU?$char_traits@D@std@@V?$allocator@D@2@@std@@QAE@ABV01@@Z 10004320 f i HttpDns.obj
 0001:000033d0       ??0?$basic_string@DU?$char_traits@D@std@@V?$allocator@D@2@@std@@QAE@QBD@Z 100043d0 f i HttpDns.obj
 0001:00003470       ??0HttpDns@@QAE@XZ         10004470 f i HttpDns.obj
 0001:00003730       ??0QStringList@@QAE@$$QAV?$QList@VQString@@@@@Z 10004730 f i HttpDns.obj
 0001:00003760       ??0_Bxty@?$_String_val@U?$_Simple_types@D@std@@@std@@QAE@XZ 10004760 f i HttpDns.obj
 0001:00003790       ??0_Fake_proxy_ptr_impl@std@@QAE@ABU_Fake_allocator@1@ABU_Container_base0@1@@Z 10004790 f i HttpDns.obj
 0001:000037b0       ??0bad_alloc@std@@AAE@QBD@Z 100047b0 f i HttpDns.obj
 0001:000037e0       ??0bad_alloc@std@@QAE@ABV01@@Z 100047e0 f i HttpDns.obj
 0001:00003810       ??0bad_array_new_length@std@@QAE@ABV01@@Z 10004810 f i HttpDns.obj
 0001:00003840       ??0bad_array_new_length@std@@QAE@XZ 10004840 f i HttpDns.obj
 0001:00003870       ??0const_iterator@?$QMap@VQString@@V1@@@QAE@PBU?$QMapNode@VQString@@V1@@@@Z 10004870 f i HttpDns.obj
 0001:00003890       ??0exception@std@@QAE@ABV01@@Z 10004890 f i HttpDns.obj
 0001:000038e0       ??0exception@std@@QAE@QBDH@Z 100048e0 f i HttpDns.obj
 0001:00003920       ??0iterator@?$QMap@VQString@@V1@@@QAE@PAU?$QMapNode@VQString@@V1@@@@Z 10004920 f i HttpDns.obj
 0001:00003940       ??1?$QList@VQString@@@@QAE@XZ 10004940 f i HttpDns.obj
 0001:000039b0       ??1?$QMap@VQString@@V1@@@QAE@XZ 100049b0 f i HttpDns.obj
 0001:00003a20       ??1?$_Compressed_pair@V?$allocator@D@std@@V?$_String_val@U?$_Simple_types@D@std@@@2@$00@std@@QAE@XZ 10004a20 f i HttpDns.obj
 0001:00003a40       ??1?$_String_val@U?$_Simple_types@D@std@@@std@@QAE@XZ 10004a40 f i HttpDns.obj
 0001:00003a60       ??1?$basic_string@DU?$char_traits@D@std@@V?$allocator@D@2@@std@@QAE@XZ 10004a60 f i HttpDns.obj
 0001:00003a90       ??1?$unique_ptr@UHttpDns@@U?$default_delete@UHttpDns@@@std@@@std@@QAE@XZ 10004a90 f i HttpDns.obj
 0001:00003ad0       ??1HttpDns@@QAE@XZ         10004ad0 f i HttpDns.obj
 0001:00003b10       ??1QStringList@@QAE@XZ     10004b10 f i HttpDns.obj
 0001:00003b30       ??1_Bxty@?$_String_val@U?$_Simple_types@D@std@@@std@@QAE@XZ 10004b30 f i HttpDns.obj
 0001:00003b40       ??1bad_alloc@std@@UAE@XZ   10004b40 f i HttpDns.obj
 0001:00003b60       ??1bad_array_new_length@std@@UAE@XZ 10004b60 f i HttpDns.obj
 0001:00003b80       ??1exception@std@@UAE@XZ   10004b80 f i HttpDns.obj
 0001:00003bb0       ??2@YAPAXIPAX@Z            10004bb0 f i HttpDns.obj
 0001:00003bc0       ??4?$unique_ptr@UHttpDns@@U?$default_delete@UHttpDns@@@std@@@std@@QAEAAV01@$$T@Z 10004bc0 f i HttpDns.obj
 0001:00003be0       ??9const_iterator@?$QMap@VQString@@V1@@@QBE_NABV01@@Z 10004be0 f i HttpDns.obj
 0001:00003c20       ??C?$unique_ptr@UHttpDns@@U?$default_delete@UHttpDns@@@std@@@std@@QBEPAUHttpDns@@XZ 10004c20 f i HttpDns.obj
 0001:00003c40       ??Econst_iterator@?$QMap@VQString@@V1@@@QAEAAV01@XZ 10004c40 f i HttpDns.obj
 0001:00003c70       ??F?$_Atomic_integral@H$03@std@@QAEHXZ 10004c70 f i HttpDns.obj
 0001:00003ca0       ??R?$default_delete@UHttpDns@@@std@@QBEXPAUHttpDns@@@Z 10004ca0 f i HttpDns.obj
 0001:00003ce0       ??_GHttpDns@@QAEPAXI@Z     10004ce0 f i HttpDns.obj
 0001:00003d20       ??_GQString@@QAEPAXI@Z     10004d20 f i HttpDns.obj
 0001:00003d60       ??_Ebad_alloc@std@@UAEPAXI@Z 10004d60 f i HttpDns.obj
 0001:00003d60       ??_Gbad_alloc@std@@UAEPAXI@Z 10004d60 f i HttpDns.obj
 0001:00003da0       ??_Ebad_array_new_length@std@@UAEPAXI@Z 10004da0 f i HttpDns.obj
 0001:00003da0       ??_Gbad_array_new_length@std@@UAEPAXI@Z 10004da0 f i HttpDns.obj
 0001:00003de0       ??_Eexception@std@@UAEPAXI@Z 10004de0 f i HttpDns.obj
 0001:00003de0       ??_Gexception@std@@UAEPAXI@Z 10004de0 f i HttpDns.obj
 0001:00003e20       ?_Adjust_manually_vector_aligned@std@@YAXAAPAXAAI@Z 10004e20 f i HttpDns.obj
 0001:00003ea0       ?_Allocate@_Default_allocate_traits@std@@SAPAXI@Z 10004ea0 f i HttpDns.obj
 0001:00003ec0       ?_Calculate_growth@?$basic_string@DU?$char_traits@D@std@@V?$allocator@D@2@@std@@CAIIII@Z 10004ec0 f i HttpDns.obj
 0001:00003f30       ?_Deallocate_for_capacity@?$basic_string@DU?$char_traits@D@std@@V?$allocator@D@2@@std@@CAXAAV?$allocator@D@2@QADI@Z 10004f30 f i HttpDns.obj
 0001:00003f90       ?_Get_first@?$_Compressed_pair@U?$default_delete@UHttpDns@@@std@@PAUHttpDns@@$00@std@@QAEAAU?$default_delete@UHttpDns@@@2@XZ 10004f90 f i HttpDns.obj
 0001:00003fb0       ?_Get_first@?$_Compressed_pair@V?$allocator@D@std@@V?$_String_val@U?$_Simple_types@D@std@@@2@$00@std@@QAEAAV?$allocator@D@2@XZ 10004fb0 f i HttpDns.obj
 0001:00003fd0       ?_Get_first@?$_Compressed_pair@V?$allocator@D@std@@V?$_String_val@U?$_Simple_types@D@std@@@2@$00@std@@QBEABV?$allocator@D@2@XZ 10004fd0 f i HttpDns.obj
 0001:00003ff0       ?_Getal@?$basic_string@DU?$char_traits@D@std@@V?$allocator@D@2@@std@@AAEAAV?$allocator@D@2@XZ 10004ff0 f i HttpDns.obj
 0001:00004010       ?_Getal@?$basic_string@DU?$char_traits@D@std@@V?$allocator@D@2@@std@@ABEABV?$allocator@D@2@XZ 10005010 f i HttpDns.obj
 0001:00004030       ?_Large_mode_engaged@?$_String_val@U?$_Simple_types@D@std@@@std@@QBE_NXZ 10005030 f i HttpDns.obj
 0001:00004070       ?_Myptr@?$_String_val@U?$_Simple_types@D@std@@@std@@QBEPBDXZ 10005070 f i HttpDns.obj
 0001:000040c0       ?_Orphan_all@_Container_base0@std@@QAEXXZ 100050c0 f i HttpDns.obj
 0001:000040d0       ?_Release@_Fake_proxy_ptr_impl@std@@QAEXXZ 100050d0 f i HttpDns.obj
 0001:000040e0       ?_Switch_to_buf@_Bxty@?$_String_val@U?$_Simple_types@D@std@@@std@@QAEXXZ 100050e0 f i HttpDns.obj
 0001:00004100       ?_Throw_bad_array_new_length@std@@YAXXZ 10005100 f i HttpDns.obj
 0001:00004130       ?_Tidy_deallocate@?$basic_string@DU?$char_traits@D@std@@V?$allocator@D@2@@std@@AAEXXZ 10005130 f i HttpDns.obj
 0001:000041e0       ?_Xlen_string@std@@YAXXZ   100051e0 f i HttpDns.obj
 0001:00004200       ?allocate@?$allocator@D@std@@QAEPADI@Z 10005200 f i HttpDns.obj
 0001:00004230       ?append@?$QList@VQString@@@@QAEXABVQString@@@Z 10005230 f i HttpDns.obj
 0001:00004410       ?assign@?$_Narrow_char_traits@DH@std@@SAXAADABD@Z 10005410 f i HttpDns.obj
 0001:00004430       ?begin@?$QMap@VQString@@V1@@@QBE?AVconst_iterator@1@XZ 10005430 f i HttpDns.obj
 0001:00004460       ?begin@?$QMapData@VQString@@V1@@@QAEPAU?$QMapNode@VQString@@V1@@@XZ 10005460 f i HttpDns.obj
 0001:00004490       ?c_str@?$basic_string@DU?$char_traits@D@std@@V?$allocator@D@2@@std@@QBEPBDXZ 10005490 f i HttpDns.obj
 0001:000044b0       ?contains@?$QMap@VQString@@V1@@@QBE_NABVQString@@@Z 100054b0 f i HttpDns.obj
 0001:00004500       ?contains@QStringList@@QBE_NABVQString@@W4CaseSensitivity@Qt@@@Z 10005500 f i HttpDns.obj
 0001:00004530       ?copy@?$QMapNode@VQString@@V1@@@QBEPAU1@PAU?$QMapData@VQString@@V1@@@@Z 10005530 f i HttpDns.obj
 0001:00004630       ?copy@?$_Char_traits@DH@std@@SAPADQADQBDI@Z 10005630 f i HttpDns.obj
 0001:00004660       ?create@?$QMapData@VQString@@V1@@@SAPAU1@XZ 10005660 f i HttpDns.obj
 0001:00004670       ?createNode@?$QMapData@VQString@@V1@@@QAEPAU?$QMapNode@VQString@@V1@@@ABVQString@@0PAU2@_N@Z 10005670 f i HttpDns.obj
 0001:000047d0       ?dealloc@?$QList@VQString@@@@AAEXPAUData@QListData@@@Z 100057d0 f i HttpDns.obj
 0001:00004820       ?deallocate@?$allocator@D@std@@QAEXQADI@Z 10005820 f i HttpDns.obj
 0001:00004850       ?deref@?$QBasicAtomicInteger@H@@QAE_NXZ 10005850 f i HttpDns.obj
 0001:00004870       ?deref@RefCount@QtPrivate@@QAE_NXZ 10005870 f i HttpDns.obj
 0001:000048c0       ?destroy@?$QMapData@VQString@@V1@@@QAEXXZ 100058c0 f i HttpDns.obj
 0001:00004920       ?destroySubTree@?$QMapNode@VQString@@V1@@@QAEXXZ 10005920 f i HttpDns.obj
 0001:00004970       ?detach@?$QMap@VQString@@V1@@@QAEXXZ 10005970 f i HttpDns.obj
 0001:000049a0       ?detach_helper@?$QList@VQString@@@@AAEXH@Z 100059a0 f i HttpDns.obj
 0001:00004ac0       ?detach_helper@?$QMap@VQString@@V1@@@AAEXXZ 10005ac0 f i HttpDns.obj
 0001:00004b60       ?detach_helper_grow@?$QList@VQString@@@@AAEPAUNode@1@HH@Z 10005b60 f i HttpDns.obj
 0001:00004d50       ?doDestroySubTree@?$QMapNode@VQString@@V1@@@AAEXU?$integral_constant@_N$00@std@@@Z 10005d50 f i HttpDns.obj
 0001:00004da0       ?end@?$QMap@VQString@@V1@@@QBE?AVconst_iterator@1@XZ 10005da0 f i HttpDns.obj
 0001:00004dd0       ?end@?$QMapData@VQString@@V1@@@QAEPAU?$QMapNode@VQString@@V1@@@XZ 10005dd0 f i HttpDns.obj
 0001:00004df0       ?findNode@?$QMapData@VQString@@V1@@@QBEPAU?$QMapNode@VQString@@V1@@@ABVQString@@@Z 10005df0 f i HttpDns.obj
 0001:00004e60       ?get_deleter@?$unique_ptr@UHttpDns@@U?$default_delete@UHttpDns@@@std@@@std@@QAEAAU?$default_delete@UHttpDns@@@2@XZ 10005e60 f i HttpDns.obj
 0001:00004e80       ?insert@?$QMap@VQString@@V1@@@QAE?AViterator@1@ABVQString@@0@Z 10005e80 f i HttpDns.obj
 0001:00004fc0       ?isEmpty@?$QMap@VQString@@V1@@@QBE_NXZ 10005fc0 f i HttpDns.obj
 0001:00005000       ?isShared@RefCount@QtPrivate@@QBE_NXZ 10006000 f i HttpDns.obj
 0001:00005050       ?key@const_iterator@?$QMap@VQString@@V1@@@QBEABVQString@@XZ 10006050 f i HttpDns.obj
 0001:00005070       ?keys@?$QMap@VQString@@V1@@@QBE?AV?$QList@VQString@@@@XZ 10006070 f i HttpDns.obj
 0001:00005170       ?leftNode@?$QMapNode@VQString@@V1@@@QBEPAU1@XZ 10006170 f i HttpDns.obj
 0001:00005190       ?length@?$_Narrow_char_traits@DH@std@@SAIQBD@Z 10006190 f i HttpDns.obj
 0001:000051b0       ?load@?$_Atomic_storage@H$03@std@@QBEHW4memory_order@2@@Z 100061b0 f i HttpDns.obj
 0001:00005210       ?loadRelaxed@?$QBasicAtomicInteger@H@@QBEHXZ 10006210 f i HttpDns.obj
 0001:00005230       ?lowerBound@?$QMapNode@VQString@@V1@@@QAEPAU1@ABVQString@@@Z 10006230 f i HttpDns.obj
 0001:000052b0       ?max_size@?$_Default_allocator_traits@V?$allocator@D@std@@@std@@SAIABV?$allocator@D@2@@Z 100062b0 f i HttpDns.obj
 0001:000052c0       ?max_size@?$basic_string@DU?$char_traits@D@std@@V?$allocator@D@2@@std@@QBEIXZ 100062c0 f i HttpDns.obj
 0001:00005340       ?nextNode@?$QMapNode@VQString@@V1@@@QBEPBU1@XZ 10006340 f i HttpDns.obj
 0001:00005360       ?node_construct@?$QList@VQString@@@@AAEXPAUNode@1@ABVQString@@@Z 10006360 f i HttpDns.obj
 0001:00005410       ?node_copy@?$QList@VQString@@@@AAEXPAUNode@1@00@Z 10006410 f i HttpDns.obj
 0001:00005680       ?node_destruct@?$QList@VQString@@@@AAEXPAUNode@1@0@Z 10006680 f i HttpDns.obj
 0001:00005710       ?node_destruct@?$QList@VQString@@@@AAEXPAUNode@1@@Z 10006710 f i HttpDns.obj
 0001:00005770       ?release@?$unique_ptr@UHttpDns@@U?$default_delete@UHttpDns@@@std@@@std@@QAEPAUHttpDns@@XZ 10006770 f i HttpDns.obj
 0001:000057a0       ?reserve@?$QList@VQString@@@@QAEXH@Z 100067a0 f i HttpDns.obj
 0001:00005800       ?reset@?$unique_ptr@UHttpDns@@U?$default_delete@UHttpDns@@@std@@@std@@QAEXPAUHttpDns@@@Z 10006800 f i HttpDns.obj
 0001:00005850       ?rightNode@?$QMapNode@VQString@@V1@@@QBEPAU1@XZ 10006850 f i HttpDns.obj
 0001:00005870       ?root@?$QMapData@VQString@@V1@@@QBEPAU?$QMapNode@VQString@@V1@@@XZ 10006870 f i HttpDns.obj
 0001:00005890       ?select_on_container_copy_construction@?$_Default_allocator_traits@V?$allocator@D@std@@@std@@SA?AV?$allocator@D@2@ABV32@@Z 10006890 f i HttpDns.obj
 0001:000058a0       ?size@?$QMap@VQString@@V1@@@QBEHXZ 100068a0 f i HttpDns.obj
 0001:000058c0       ?what@exception@std@@UBEPBDXZ 100068c0 f i HttpDns.obj
 0001:000058f5       _hdns_status_is_ok         100068f5 f   httpdns:httpdns.dll
 0001:000058fb       _hdns_log_set_level        100068fb f   httpdns:httpdns.dll
 0001:00005901       _hdns_sdk_init             10006901 f   httpdns:httpdns.dll
 0001:00005907       _hdns_client_create        10006907 f   httpdns:httpdns.dll
 0001:0000590d       _hdns_client_start         1000690d f   httpdns:httpdns.dll
 0001:00005913       _hdns_client_set_timeout   10006913 f   httpdns:httpdns.dll
 0001:00005919       _hdns_client_set_using_cache 10006919 f   httpdns:httpdns.dll
 0001:0000591f       _hdns_client_set_using_https 1000691f f   httpdns:httpdns.dll
 0001:00005925       _hdns_client_set_using_sign 10006925 f   httpdns:httpdns.dll
 0001:0000592b       _hdns_client_set_retry_times 1000692b f   httpdns:httpdns.dll
 0001:00005931       _hdns_client_set_region    10006931 f   httpdns:httpdns.dll
 0001:00005937       _hdns_client_add_custom_ttl_item 10006937 f   httpdns:httpdns.dll
 0001:0000593d       _hdns_list_cleanup         1000693d f   httpdns:httpdns.dll
 0001:00005943       _hdns_get_result_for_host_sync_with_cache 10006943 f   httpdns:httpdns.dll
 0001:00005949       _hdns_select_first_ip      10006949 f   httpdns:httpdns.dll
 0001:0000594f       _hdns_log_set_log_file_path 1000694f f   httpdns:httpdns.dll
 0001:00005955       _hdns_client_cleanup       10006955 f   httpdns:httpdns.dll
 0001:0000595b       _hdns_sdk_cleanup          1000695b f   httpdns:httpdns.dll
 0001:00005961       ??0QMessageLogger@@QAE@PBDH0@Z 10006961 f   Qt5Core:Qt5Core.dll
 0001:00005967       ?debug@QMessageLogger@@QBE?AVQDebug@@XZ 10006967 f   Qt5Core:Qt5Core.dll
 0001:0000596d       ??0QString@@QAE@ABV0@@Z    1000696d f   Qt5Core:Qt5Core.dll
 0001:00005973       ??1QString@@QAE@XZ         10006973 f   Qt5Core:Qt5Core.dll
 0001:00005979       ??4QString@@QAEAAV0@ABV0@@Z 10006979 f   Qt5Core:Qt5Core.dll
 0001:0000597f       ??M@YA_NABVQString@@0@Z    1000697f f   Qt5Core:Qt5Core.dll
 0001:00005985       ??0QString@@QAE@PBD@Z      10006985 f   Qt5Core:Qt5Core.dll
 0001:0000598b       ?fromStdString@QString@@SA?AV1@ABV?$basic_string@DU?$char_traits@D@std@@V?$allocator@D@2@@std@@@Z 1000698b f   Qt5Core:Qt5Core.dll
 0001:00005991       ?toStdString@QString@@QBE?AV?$basic_string@DU?$char_traits@D@std@@V?$allocator@D@2@@std@@XZ 10006991 f   Qt5Core:Qt5Core.dll
 0001:00005997       ?detach@QListData@@QAEPAUData@1@H@Z 10006997 f   Qt5Core:Qt5Core.dll
 0001:0000599d       ?detach_grow@QListData@@QAEPAUData@1@PAHH@Z 1000699d f   Qt5Core:Qt5Core.dll
 0001:000059a3       ?realloc@QListData@@QAEXH@Z 100069a3 f   Qt5Core:Qt5Core.dll
 0001:000059a9       ?dispose@QListData@@QAEXXZ 100069a9 f   Qt5Core:Qt5Core.dll
 0001:000059af       ?dispose@QListData@@SAXPAUData@1@@Z 100069af f   Qt5Core:Qt5Core.dll
 0001:000059b5       ?append@QListData@@QAEPAPAXXZ 100069b5 f   Qt5Core:Qt5Core.dll
 0001:000059bb       ?begin@QListData@@QBEPAPAXXZ 100069bb f   Qt5Core:Qt5Core.dll
 0001:000059c1       ?end@QListData@@QBEPAPAXXZ 100069c1 f   Qt5Core:Qt5Core.dll
 0001:000059c7       ?QStringList_contains@QtPrivate@@YA_NPBVQStringList@@ABVQString@@W4CaseSensitivity@Qt@@@Z 100069c7 f   Qt5Core:Qt5Core.dll
 0001:000059cd       ??0QUrl@@QAE@$$QAV0@@Z     100069cd f   Qt5Core:Qt5Core.dll
 0001:000059d3       ??1QUrl@@QAE@XZ            100069d3 f   Qt5Core:Qt5Core.dll
 0001:000059d9       ?toString@QUrl@@QBE?AVQString@@V?$QUrlTwoFlags@W4UrlFormattingOption@QUrl@@W4ComponentFormattingOption@2@@@@Z 100069d9 f   Qt5Core:Qt5Core.dll
 0001:000059df       ?setHost@QUrl@@QAEXABVQString@@W4ParsingMode@1@@Z 100069df f   Qt5Core:Qt5Core.dll
 0001:000059e5       ?host@QUrl@@QBE?AVQString@@V?$QFlags@W4ComponentFormattingOption@QUrl@@@@@Z 100069e5 f   Qt5Core:Qt5Core.dll
 0001:000059eb       ?nextNode@QMapNodeBase@@QBEPBU1@XZ 100069eb f   Qt5Core:Qt5Core.dll
 0001:000059f1       ?color@QMapNodeBase@@QBE?AW4Color@1@XZ 100069f1 f   Qt5Core:Qt5Core.dll
 0001:000059f7       ?setColor@QMapNodeBase@@QAEXW4Color@1@@Z 100069f7 f   Qt5Core:Qt5Core.dll
 0001:000059fd       ?setParent@QMapNodeBase@@QAEXPAU1@@Z 100069fd f   Qt5Core:Qt5Core.dll
 0001:00005a03       ?freeNodeAndRebalance@QMapDataBase@@QAEXPAUQMapNodeBase@@@Z 10006a03 f   Qt5Core:Qt5Core.dll
 0001:00005a09       ?recalcMostLeftNode@QMapDataBase@@QAEXXZ 10006a09 f   Qt5Core:Qt5Core.dll
 0001:00005a0f       ?createNode@QMapDataBase@@QAEPAUQMapNodeBase@@HHPAU2@_N@Z 10006a0f f   Qt5Core:Qt5Core.dll
 0001:00005a15       ?freeTree@QMapDataBase@@QAEXPAUQMapNodeBase@@H@Z 10006a15 f   Qt5Core:Qt5Core.dll
 0001:00005a1b       ?createData@QMapDataBase@@SAPAU1@XZ 10006a1b f   Qt5Core:Qt5Core.dll
 0001:00005a21       ?freeData@QMapDataBase@@SAXPAU1@@Z 10006a21 f   Qt5Core:Qt5Core.dll
 0001:00005a27       ??1QDebug@@QAE@XZ          10006a27 f   Qt5Core:Qt5Core.dll
 0001:00005a2d       ??6QDebug@@QAEAAV0@PBD@Z   10006a2d f   Qt5Core:Qt5Core.dll
 0001:00005a33       ??6QDebug@@QAEAAV0@ABVQString@@@Z 10006a33 f   Qt5Core:Qt5Core.dll
 0001:00005a39       ??0QReadWriteLock@@QAE@W4RecursionMode@0@@Z 10006a39 f   Qt5Core:Qt5Core.dll
 0001:00005a3f       ??1QReadWriteLock@@QAE@XZ  10006a3f f   Qt5Core:Qt5Core.dll
 0001:00005a45       ?lockForRead@QReadWriteLock@@QAEXXZ 10006a45 f   Qt5Core:Qt5Core.dll
 0001:00005a4b       ?lockForWrite@QReadWriteLock@@QAEXXZ 10006a4b f   Qt5Core:Qt5Core.dll
 0001:00005a51       ?unlock@QReadWriteLock@@QAEXXZ 10006a51 f   Qt5Core:Qt5Core.dll
 0001:00005a57       ??0QReadLocker@@QAE@PAVQReadWriteLock@@@Z 10006a57 f   Qt5Core:Qt5Core.dll
 0001:00005a5d       ??1QReadLocker@@QAE@XZ     10006a5d f   Qt5Core:Qt5Core.dll
 0001:00005a63       ??0QDir@@QAE@ABVQString@@@Z 10006a63 f   Qt5Core:Qt5Core.dll
 0001:00005a69       ??1QDir@@QAE@XZ            10006a69 f   Qt5Core:Qt5Core.dll
 0001:00005a6f       ?absoluteFilePath@QDir@@QBE?AVQString@@ABV2@@Z 10006a6f f   Qt5Core:Qt5Core.dll
 0001:00005a75       ?applicationDirPath@QCoreApplication@@SA?AVQString@@XZ 10006a75 f   Qt5Core:Qt5Core.dll
 0001:00005a7b       ?_Xlength_error@std@@YAXPBD@Z 10006a7b f   msvcprt:MSVCP140.dll
 0001:00005a81       ??2@YAPAXI@Z               10006a81 f   MSVCRT:new_scalar.obj
 0001:00005abd       ??3@YAXPAXI@Z              10006abd f   MSVCRT:delete_scalar_size.obj
 0001:00005ace       ?configure_argv@__scrt_narrow_argv_policy@@SAHXZ 10006ace f i MSVCRT:utility.obj
 0001:00005b33       ?initialize_environment@__scrt_narrow_environment_policy@@SAHXZ 10006b33 f i MSVCRT:utility.obj
 0001:00005b77       _NtCurrentTeb              10006b77 f i MSVCRT:utility.obj
 0001:00005b7e       ___scrt_acquire_startup_lock 10006b7e f   MSVCRT:utility.obj
 0001:00005bbc       ___scrt_dllmain_after_initialize_c 10006bbc f   MSVCRT:utility.obj
 0001:00005bf1       ___scrt_dllmain_before_initialize_c 10006bf1 f   MSVCRT:utility.obj
 0001:00005c02       ___scrt_dllmain_crt_thread_attach 10006c02 f   MSVCRT:utility.obj
 0001:00005c28       ___scrt_dllmain_crt_thread_detach 10006c28 f   MSVCRT:utility.obj
 0001:00005c38       ___scrt_dllmain_exception_filter 10006c38 f   MSVCRT:utility.obj
 0001:00005c79       ___scrt_dllmain_uninitialize_c 10006c79 f   MSVCRT:utility.obj
 0001:00005ca4       ___scrt_dllmain_uninitialize_critical 10006ca4 f   MSVCRT:utility.obj
 0001:00005cb4       ___scrt_initialize_crt     10006cb4 f   MSVCRT:utility.obj
 0001:00005cfb       ___scrt_initialize_onexit_tables 10006cfb f   MSVCRT:utility.obj
 0001:00005da3       ___scrt_is_nonwritable_in_current_image 10006da3 f   MSVCRT:utility.obj
 0001:00005e5c       ___scrt_release_startup_lock 10006e5c f   MSVCRT:utility.obj
 0001:00005e80       ___scrt_uninitialize_crt   10006e80 f   MSVCRT:utility.obj
 0001:00005eb2       __onexit                   10006eb2 f   MSVCRT:utility.obj
 0001:00005eea       _at_quick_exit             10006eea f   MSVCRT:utility.obj
 0001:00005f15       _atexit                    10006f15 f   MSVCRT:utility.obj
 0001:00005f2f       @__security_check_cookie@4 10006f2f f   MSVCRT:secchk.obj
 0001:00005f40       ??1type_info@@UAE@XZ       10006f40 f   MSVCRT:std_type_info_static.obj
 0001:00005f47       ??_Etype_info@@UAEPAXI@Z   10006f47 f i MSVCRT:std_type_info_static.obj
 0001:00005f47       ??_Gtype_info@@UAEPAXI@Z   10006f47 f i MSVCRT:std_type_info_static.obj
 0001:0000637f       __CRT_INIT@12              1000737f f   MSVCRT:dll_dllmain.obj
 0001:0000638a       __DllMainCRTStartup@12     1000738a f   MSVCRT:dll_dllmain.obj
 0001:000063b5       ??0bad_alloc@std@@QAE@XZ   100073b5 f i MSVCRT:throw_bad_alloc.obj
 0001:000063d3       ?__scrt_throw_std_bad_alloc@@YAXXZ 100073d3 f   MSVCRT:throw_bad_alloc.obj
 0001:000063f7       ?__scrt_throw_std_bad_array_new_length@@YAXXZ 100073f7 f   MSVCRT:throw_bad_alloc.obj
 0001:0000641b       ??3@YAXPAX@Z               1000741b f   MSVCRT:delete_scalar.obj
 0001:00006420       ___isa_available_init      10007420 f   MSVCRT:cpu_disp.obj
 0001:00006818       __get_startup_argv_mode    10007818 f   MSVCRT:argv_mode.obj
 0001:0000681c       ___scrt_is_ucrt_dll_in_use 1000781c f   MSVCRT:ucrt_detection.obj
 0001:0000682b       ___scrt_fastfail           1000782b f   MSVCRT:utility_desktop.obj
 0001:00006985       ___scrt_get_show_window_mode 10007985 f   MSVCRT:utility_desktop.obj
 0001:000069c2       ___scrt_initialize_mta     100079c2 f   MSVCRT:utility_desktop.obj
 0001:000069c7       ___scrt_initialize_winrt   100079c7 f   MSVCRT:utility_desktop.obj
 0001:000069ca       ___scrt_is_managed_app     100079ca f   MSVCRT:utility_desktop.obj
 0001:00006a1c       ___scrt_set_unhandled_exception_filter 10007a1c f   MSVCRT:utility_desktop.obj
 0001:00006a2b       ___scrt_exe_initialize_mta 10007a2b f   MSVCRT:utility_desktop.obj
 0001:00006a2b       ___scrt_stub_for_initialize_mta 10007a2b f   MSVCRT:utility_desktop.obj
 0001:00006a2e       ___scrt_unhandled_exception_filter@4 10007a2e f   MSVCRT:utility_desktop.obj
 0001:00006a99       __crt_debugger_hook        10007a99 f   MSVCRT:utility_desktop.obj
 0001:00006ab0       __SEH_prolog4              10007ab0 f   MSVCRT:sehprolg4.obj
 0001:00006b10       __SEH_epilog4              10007b10 f   MSVCRT:sehprolg4.obj
 0001:00006b29       __except_handler4          10007b29 f   MSVCRT:chandler4gs.obj
 0001:00006b63       @_guard_check_icall_nop@4  10007b63 f i MSVCRT:guard_support.obj
 0001:00006b66       _ReadNoFence               10007b66 f i MSVCRT:guard_support.obj
 0001:00006b72       _ReadPointerNoFence        10007b72 f i MSVCRT:guard_support.obj
 0001:00006b7e       __InlineInterlockedExchangePointer 10007b7e f i MSVCRT:guard_support.obj
 0001:00006b8e       ___castguard_check_failure_debugbreak 10007b8e f i MSVCRT:guard_support.obj
 0001:00006baf       ___castguard_check_failure_fastfail 10007baf f i MSVCRT:guard_support.obj
 0001:00006bd5       ___castguard_check_failure_nop 10007bd5 f i MSVCRT:guard_support.obj
 0001:00006bd8       ___castguard_check_failure_os_handled 10007bd8 f i MSVCRT:guard_support.obj
 0001:00006c1c       ___castguard_check_failure_user_handled 10007c1c f i MSVCRT:guard_support.obj
 0001:00006ca4       ___castguard_set_user_handler 10007ca4 f i MSVCRT:guard_support.obj
 0001:00006cb6       ___castguard_slow_path_check_debugbreak 10007cb6 f i MSVCRT:guard_support.obj
 0001:00006cee       ___castguard_slow_path_check_fastfail 10007cee f i MSVCRT:guard_support.obj
 0001:00006d2b       ___castguard_slow_path_check_nop 10007d2b f i MSVCRT:guard_support.obj
 0001:00006d2e       ___castguard_slow_path_check_os_handled 10007d2e f i MSVCRT:guard_support.obj
 0001:00006d79       ___castguard_slow_path_check_user_handled 10007d79 f i MSVCRT:guard_support.obj
 0001:00006df1       __guard_icall_checks_enforced 10007df1 f i MSVCRT:guard_support.obj
 0001:00006e07       ___raise_securityfailure   10007e07 f   MSVCRT:gs_report.obj
 0001:00006e39       ___report_gsfailure        10007e39 f   MSVCRT:gs_report.obj
 0001:00006f72       ___report_rangecheckfailure 10007f72 f   MSVCRT:gs_report.obj
 0001:00006f82       ___report_securityfailure  10007f82 f   MSVCRT:gs_report.obj
 0001:00007086       ___report_securityfailureEx 10008086 f   MSVCRT:gs_report.obj
 0001:00007241       ___security_init_cookie    10008241 f   MSVCRT:gs_support.obj
 0001:0000729e       _DllMain@12                1000829e f   MSVCRT:dll_dllmain_stub.obj
 0001:000072c8       ?__scrt_initialize_type_info@@YAXXZ 100082c8 f   MSVCRT:tncleanup.obj
 0001:000072d7       ?__scrt_uninitialize_type_info@@YAXXZ 100082d7 f   MSVCRT:tncleanup.obj
 0001:000072e6       ___local_stdio_printf_options 100082e6 f i MSVCRT:default_local_stdio_options.obj
 0001:000072ec       ___local_stdio_scanf_options 100082ec f i MSVCRT:default_local_stdio_options.obj
 0001:000072f2       ___scrt_initialize_default_local_stdio_options 100082f2 f   MSVCRT:default_local_stdio_options.obj
 0001:00007316       ___scrt_get_dyn_tls_init_callback 10008316 f   MSVCRT:dyn_tls_init.obj
 0001:0000731c       __RTC_Initialize           1000831c f   MSVCRT:initsect.obj
 0001:00007353       __RTC_Terminate            10008353 f   MSVCRT:initsect.obj
 0001:0000738a       _memcpy                    1000838a f   vcruntime:VCRUNTIME140.dll
 0001:00007390       ___std_exception_copy      10008390 f   vcruntime:VCRUNTIME140.dll
 0001:00007396       ___std_exception_destroy   10008396 f   vcruntime:VCRUNTIME140.dll
 0001:0000739c       __CxxThrowException@8      1000839c f   vcruntime:VCRUNTIME140.dll
 0001:000073a2       ___CxxFrameHandler3        100083a2 f   vcruntime:VCRUNTIME140.dll
 0001:000073a8       ___current_exception       100083a8 f   vcruntime:VCRUNTIME140.dll
 0001:000073ae       ___current_exception_context 100083ae f   vcruntime:VCRUNTIME140.dll
 0001:000073b4       _memset                    100083b4 f   vcruntime:VCRUNTIME140.dll
 0001:000073ba       __except_handler4_common   100083ba f   vcruntime:VCRUNTIME140.dll
 0001:000073c0       ___std_type_info_destroy_list 100083c0 f   vcruntime:VCRUNTIME140.dll
 0001:000073c6       __invalid_parameter_noinfo_noreturn 100083c6 f   ucrt:api-ms-win-crt-runtime-l1-1-0.dll
 0001:000073cc       _strlen                    100083cc f   ucrt:api-ms-win-crt-string-l1-1-0.dll
 0001:000073d2       __callnewh                 100083d2 f   ucrt:api-ms-win-crt-heap-l1-1-0.dll
 0001:000073d8       _malloc                    100083d8 f   ucrt:api-ms-win-crt-heap-l1-1-0.dll
 0001:000073de       __seh_filter_dll           100083de f   ucrt:api-ms-win-crt-runtime-l1-1-0.dll
 0001:000073e4       __configure_narrow_argv    100083e4 f   ucrt:api-ms-win-crt-runtime-l1-1-0.dll
 0001:000073ea       __initialize_narrow_environment 100083ea f   ucrt:api-ms-win-crt-runtime-l1-1-0.dll
 0001:000073f0       __initialize_onexit_table  100083f0 f   ucrt:api-ms-win-crt-runtime-l1-1-0.dll
 0001:000073f6       __register_onexit_function 100083f6 f   ucrt:api-ms-win-crt-runtime-l1-1-0.dll
 0001:000073fc       __execute_onexit_table     100083fc f   ucrt:api-ms-win-crt-runtime-l1-1-0.dll
 0001:00007402       __crt_atexit               10008402 f   ucrt:api-ms-win-crt-runtime-l1-1-0.dll
 0001:00007408       __crt_at_quick_exit        10008408 f   ucrt:api-ms-win-crt-runtime-l1-1-0.dll
 0001:0000740e       __cexit                    1000840e f   ucrt:api-ms-win-crt-runtime-l1-1-0.dll
 0001:00007414       __initterm                 10008414 f   ucrt:api-ms-win-crt-runtime-l1-1-0.dll
 0001:0000741a       __initterm_e               1000841a f   ucrt:api-ms-win-crt-runtime-l1-1-0.dll
 0001:00007420       _free                      10008420 f   ucrt:api-ms-win-crt-heap-l1-1-0.dll
 0001:00007426       _terminate                 10008426 f   ucrt:api-ms-win-crt-runtime-l1-1-0.dll
 0001:0000742c       _IsProcessorFeaturePresent@4 1000842c f   kernel32:KERNEL32.dll
 0001:00007432       _IsDebuggerPresent@0       10008432 f   kernel32:KERNEL32.dll
 0001:00007438       _UnhandledExceptionFilter@4 10008438 f   kernel32:KERNEL32.dll
 0001:0000743e       _SetUnhandledExceptionFilter@4 1000843e f   kernel32:KERNEL32.dll
 0001:00007444       _GetStartupInfoW@4         10008444 f   kernel32:KERNEL32.dll
 0001:0000744a       _GetModuleHandleW@4        1000844a f   kernel32:KERNEL32.dll
 0001:00007450       _GetCurrentProcess@0       10008450 f   kernel32:KERNEL32.dll
 0001:00007456       _TerminateProcess@8        10008456 f   kernel32:KERNEL32.dll
 0001:0000745c       _QueryPerformanceCounter@4 1000845c f   kernel32:KERNEL32.dll
 0001:00007462       _GetCurrentProcessId@0     10008462 f   kernel32:KERNEL32.dll
 0001:00007468       _GetCurrentThreadId@0      10008468 f   kernel32:KERNEL32.dll
 0001:0000746e       _GetSystemTimeAsFileTime@4 1000846e f   kernel32:KERNEL32.dll
 0001:00007474       _DisableThreadLibraryCalls@4 10008474 f   kernel32:KERNEL32.dll
 0001:0000747a       _InitializeSListHead@4     1000847a f   kernel32:KERNEL32.dll
 0001:00007480       ___acrt_initialize         10008480 f   MSVCRT:ucrt_stubs.obj
 0001:00007480       ___scrt_stub_for_acrt_initialize 10008480 f   MSVCRT:ucrt_stubs.obj
 0001:00007480       ___vcrt_initialize         10008480 f   MSVCRT:ucrt_stubs.obj
 0001:00007483       ___acrt_thread_attach      10008483 f   MSVCRT:ucrt_stubs.obj
 0001:00007483       ___scrt_stub_for_acrt_thread_attach 10008483 f   MSVCRT:ucrt_stubs.obj
 0001:00007483       ___vcrt_thread_attach      10008483 f   MSVCRT:ucrt_stubs.obj
 0001:00007486       ___acrt_thread_detach      10008486 f   MSVCRT:ucrt_stubs.obj
 0001:00007486       ___scrt_stub_for_acrt_thread_detach 10008486 f   MSVCRT:ucrt_stubs.obj
 0001:00007486       ___vcrt_thread_detach      10008486 f   MSVCRT:ucrt_stubs.obj
 0001:00007489       ___acrt_uninitialize       10008489 f   MSVCRT:ucrt_stubs.obj
 0001:00007489       ___scrt_stub_for_acrt_uninitialize 10008489 f   MSVCRT:ucrt_stubs.obj
 0001:00007489       ___vcrt_uninitialize       10008489 f   MSVCRT:ucrt_stubs.obj
 0001:0000748c       ___acrt_uninitialize_critical 1000848c f   MSVCRT:ucrt_stubs.obj
 0001:0000748c       ___scrt_stub_for_acrt_uninitialize_critical 1000848c f   MSVCRT:ucrt_stubs.obj
 0001:0000748c       ___vcrt_uninitialize_critical 1000848c f   MSVCRT:ucrt_stubs.obj
 0001:0000748f       ___scrt_stub_for_is_c_termination_complete 1000848f f   MSVCRT:ucrt_stubs.obj
 0001:0000748f       __is_c_termination_complete 1000848f f   MSVCRT:ucrt_stubs.obj
 0001:00007492       __filter_x86_sse2_floating_point_exception 10008492 f   MSVCRT:x86_exception_filter.obj
 0001:00007492       __filter_x86_sse2_floating_point_exception_default 10008492 f   MSVCRT:x86_exception_filter.obj
 0002:00000000       ___xc_a                    1000c000     MSVCRT:initializers.obj
 0002:00000218       ___xc_z                    1000c218     MSVCRT:initializers.obj
 0002:0000031c       ___xi_a                    1000c31c     MSVCRT:initializers.obj
 0002:00000420       ___xi_z                    1000c420     MSVCRT:initializers.obj
 0002:00000524       ___xp_a                    1000c524     MSVCRT:initializers.obj
 0002:00000628       ___xp_z                    1000c628     MSVCRT:initializers.obj
 0002:0000072c       ___xt_a                    1000c72c     MSVCRT:initializers.obj
 0002:00000830       ___xt_z                    1000c830     MSVCRT:initializers.obj
 0002:0000098c       ??_C@_06GOJOEFBG@181005@   1000c98c     HttpDns.obj
 0002:00000994       ??_C@_0CB@EPBDEIEO@15bcb3a89b384d12dfd3fa98f3d139f@ 1000c994     HttpDns.obj
 0002:000009c0       ??_7exception@std@@6B@     1000c9c0     HttpDns.obj
 0002:000009cc       ??_C@_0BC@EOODALEL@Unknown?5exception@ 1000c9cc     HttpDns.obj
 0002:000009e8       ??_7bad_alloc@std@@6B@     1000c9e8     HttpDns.obj
 0002:000009f8       ??_7bad_array_new_length@std@@6B@ 1000c9f8     HttpDns.obj
 0002:00000a04       ??_C@_0BF@KINCDENJ@bad?5array?5new?5length@ 1000ca04     HttpDns.obj
 0002:00000a20       ??_C@_0BA@JFNIOLAK@string?5too?5long@ 1000ca20     HttpDns.obj
 0002:00000a34       ??_C@_0BA@PKLMDPEK@Log?1httpdns?4log@ 1000ca34     HttpDns.obj
 0002:00000a48       ??_C@_06FJKEMHGD@global@   1000ca48     HttpDns.obj
 0002:00000a50       ??_C@_0BI@LOHEAOJK@httpdns?9sc?4aliyuncs?4com@ 1000ca50     HttpDns.obj
 0002:00000a70       ??_7type_info@@6B@         1000ca70     MSVCRT:std_type_info_static.obj
 0002:00000a78       __pDefaultRawDllMain       1000ca78     MSVCRT:dll_dllmain.obj
 0002:00000a78       __pRawDllMain              1000ca78     MSVCRT:dll_dllmain.obj
 0002:00000a7c       ??_C@_0P@GHFPNOJB@bad?5allocation@ 1000ca7c     MSVCRT:throw_bad_alloc.obj
 0002:00000aa0       __load_config_used         1000caa0     MSVCRT:loadcfg.obj
 0002:00000d00       ___CastGuardVftablesStart  1000cd00     MSVCRT:guard_support.obj
 0002:00000e80       ___CastGuardVftablesEnd    1000ce80     MSVCRT:guard_support.obj
 0002:00000fcc       ??_R4exception@std@@6B@    1000cfcc     HttpDns.obj
 0002:00000fe4       ??_R3exception@std@@8      1000cfe4     HttpDns.obj
 0002:00000ff8       ??_R2exception@std@@8      1000cff8     HttpDns.obj
 0002:00001000       ??_R1A@?0A@EA@exception@std@@8 1000d000     HttpDns.obj
 0002:00001024       ??_R4bad_array_new_length@std@@6B@ 1000d024     HttpDns.obj
 0002:0000103c       ??_R3bad_array_new_length@std@@8 1000d03c     HttpDns.obj
 0002:00001050       ??_R2bad_array_new_length@std@@8 1000d050     HttpDns.obj
 0002:00001060       ??_R1A@?0A@EA@bad_array_new_length@std@@8 1000d060     HttpDns.obj
 0002:00001084       ??_R1A@?0A@EA@bad_alloc@std@@8 1000d084     HttpDns.obj
 0002:000010a8       ??_R3bad_alloc@std@@8      1000d0a8     HttpDns.obj
 0002:000010bc       ??_R2bad_alloc@std@@8      1000d0bc     HttpDns.obj
 0002:000010c8       ??_R4bad_alloc@std@@6B@    1000d0c8     HttpDns.obj
 0002:000010e0       ??_R4type_info@@6B@        1000d0e0     MSVCRT:std_type_info_static.obj
 0002:000010f8       ??_R3type_info@@8          1000d0f8     MSVCRT:std_type_info_static.obj
 0002:0000110c       ??_R2type_info@@8          1000d10c     MSVCRT:std_type_info_static.obj
 0002:00001114       ??_R1A@?0A@EA@type_info@@8 1000d114     MSVCRT:std_type_info_static.obj
 0002:00001240       ___safe_se_handler_table   1000d240     <linker-defined>
 0002:0000152c       ___rtc_iaa                 1000d52c     MSVCRT:initsect.obj
 0002:00001630       ___rtc_izz                 1000d630     MSVCRT:initsect.obj
 0002:00001734       ___rtc_taa                 1000d734     MSVCRT:initsect.obj
 0002:00001838       ___rtc_tzz                 1000d838     MSVCRT:initsect.obj
 0002:00001f74       __CT??_R0?AVexception@std@@@8??0exception@std@@QAE@ABV01@@Z12 1000df74     HttpDns.obj
 0002:00001f94       __TI3?AVbad_array_new_length@std@@ 1000df94     HttpDns.obj
 0002:00001fa8       __CTA3?AVbad_array_new_length@std@@ 1000dfa8     HttpDns.obj
 0002:00001fbc       __CT??_R0?AVbad_array_new_length@std@@@8??0bad_array_new_length@std@@QAE@ABV01@@Z12 1000dfbc     HttpDns.obj
 0002:00001fdc       __CT??_R0?AVbad_alloc@std@@@8??0bad_alloc@std@@QAE@ABV01@@Z12 1000dfdc     HttpDns.obj
 0002:00002090       __TI2?AVbad_alloc@std@@    1000e090     MSVCRT:throw_bad_alloc.obj
 0002:000020a4       __CTA2?AVbad_alloc@std@@   1000e0a4     MSVCRT:throw_bad_alloc.obj
 0003:00000000       ___scrt_native_dllmain_reason 1000f000     MSVCRT:utility.obj
 0003:00000040       ___security_cookie         1000f040     MSVCRT:gs_cookie.obj
 0003:00000080       ___security_cookie_complement 1000f080     MSVCRT:gs_cookie.obj
 0003:00000098       ___isa_inverted            1000f098     MSVCRT:cpu_disp.obj
 0003:000000a0       ___isa_enabled             1000f0a0     MSVCRT:cpu_disp.obj
 0003:000000b0       ___scrt_ucrt_dll_is_in_use 1000f0b0     MSVCRT:ucrt_stubs.obj
 0003:000001c8       ??_R0?AVexception@std@@@8  1000f1c8     HttpDns.obj
 0003:000001ec       ??_R0?AVbad_array_new_length@std@@@8 1000f1ec     HttpDns.obj
 0003:0000021c       ??_R0?AVbad_alloc@std@@@8  1000f21c     HttpDns.obj
 0003:00000340       ??_R0?AVtype_info@@@8      1000f340     MSVCRT:std_type_info_static.obj
 0003:00000460       ?m_bUseHttpDns@@3_NA       1000f460     HttpDns.obj
 0003:00000464       ?m_dnsLock@@3VQReadWriteLock@@A 1000f464     HttpDns.obj
 0003:00000468       ?m_dnsCache@@3V?$QMap@VQString@@V1@@@A 1000f468     HttpDns.obj
 0003:0000046c       ?appPath@@3VQDir@@A        1000f46c     HttpDns.obj
 0003:00000470       ?s_httpdns@@3V?$unique_ptr@UHttpDns@@U?$default_delete@UHttpDns@@@std@@@std@@A 1000f470     HttpDns.obj
 0003:00000478       ___scrt_current_native_startup_state 1000f478     MSVCRT:utility.obj
 0003:0000047c       ___scrt_native_startup_lock 1000f47c     MSVCRT:utility.obj
 0003:000004a8       ___avx10_version           1000f4a8     MSVCRT:cpu_disp.obj
 0003:000004ac       ___isa_available           1000f4ac     MSVCRT:cpu_disp.obj
 0003:000004b0       ___favor                   1000f4b0     MSVCRT:cpu_disp.obj
 0003:000004b8       ___scrt_debugger_hook_flag 1000f4b8     MSVCRT:utility_desktop.obj
 0003:000004bc       ___castguard_check_failure_user_handled_fptr 1000f4bc     MSVCRT:guard_support.obj
 0003:00000880       ?__type_info_root_node@@3U__type_info_node@@A 1000f880     MSVCRT:tncleanup.obj
 0003:00000890       ?_OptionsStorage@?1??__local_stdio_printf_options@@9@4_KA 1000f890     MSVCRT:default_local_stdio_options.obj
 0003:000008a0       ?_OptionsStorage@?1??__local_stdio_scanf_options@@9@4_KA 1000f8a0     MSVCRT:default_local_stdio_options.obj
 0003:000008ac       ___dyn_tls_init_callback   1000f8ac     <common>
 0004:00000000       __imp__GetCurrentProcess@0 10010000     kernel32:KERNEL32.dll
 0004:00000004       __imp__InitializeSListHead@4 10010004     kernel32:KERNEL32.dll
 0004:00000008       __imp__DisableThreadLibraryCalls@4 10010008     kernel32:KERNEL32.dll
 0004:0000000c       __imp__GetSystemTimeAsFileTime@4 1001000c     kernel32:KERNEL32.dll
 0004:00000010       __imp__GetCurrentThreadId@0 10010010     kernel32:KERNEL32.dll
 0004:00000014       __imp__GetCurrentProcessId@0 10010014     kernel32:KERNEL32.dll
 0004:00000018       __imp__QueryPerformanceCounter@4 10010018     kernel32:KERNEL32.dll
 0004:0000001c       __imp__TerminateProcess@8  1001001c     kernel32:KERNEL32.dll
 0004:00000020       __imp__IsDebuggerPresent@0 10010020     kernel32:KERNEL32.dll
 0004:00000024       __imp__GetModuleHandleW@4  10010024     kernel32:KERNEL32.dll
 0004:00000028       __imp__GetStartupInfoW@4   10010028     kernel32:KERNEL32.dll
 0004:0000002c       __imp__SetUnhandledExceptionFilter@4 1001002c     kernel32:KERNEL32.dll
 0004:00000030       __imp__UnhandledExceptionFilter@4 10010030     kernel32:KERNEL32.dll
 0004:00000034       __imp__IsProcessorFeaturePresent@4 10010034     kernel32:KERNEL32.dll
 0004:00000038       \177KERNEL32_NULL_THUNK_DATA 10010038     kernel32:KERNEL32.dll
 0004:0000006c       __imp_?_Xlength_error@std@@YAXPBD@Z 1001006c     msvcprt:MSVCP140.dll
 0004:00000070       \177MSVCP140_NULL_THUNK_DATA 10010070     msvcprt:MSVCP140.dll
 0004:0000009c       __imp_?shared_null@QMapDataBase@@2U1@B 1001009c     Qt5Core:Qt5Core.dll
 0004:000000a0       __imp_?shared_null@QListData@@2UData@1@B 100100a0     Qt5Core:Qt5Core.dll
 0004:000000a4       __imp_??0QMessageLogger@@QAE@PBDH0@Z 100100a4     Qt5Core:Qt5Core.dll
 0004:000000a8       __imp_?debug@QMessageLogger@@QBE?AVQDebug@@XZ 100100a8     Qt5Core:Qt5Core.dll
 0004:000000ac       __imp_??0QString@@QAE@ABV0@@Z 100100ac     Qt5Core:Qt5Core.dll
 0004:000000b0       __imp_??1QString@@QAE@XZ   100100b0     Qt5Core:Qt5Core.dll
 0004:000000b4       __imp_??4QString@@QAEAAV0@ABV0@@Z 100100b4     Qt5Core:Qt5Core.dll
 0004:000000b8       __imp_??M@YA_NABVQString@@0@Z 100100b8     Qt5Core:Qt5Core.dll
 0004:000000bc       __imp_??0QString@@QAE@PBD@Z 100100bc     Qt5Core:Qt5Core.dll
 0004:000000c0       __imp_?fromStdString@QString@@SA?AV1@ABV?$basic_string@DU?$char_traits@D@std@@V?$allocator@D@2@@std@@@Z 100100c0     Qt5Core:Qt5Core.dll
 0004:000000c4       __imp_?toStdString@QString@@QBE?AV?$basic_string@DU?$char_traits@D@std@@V?$allocator@D@2@@std@@XZ 100100c4     Qt5Core:Qt5Core.dll
 0004:000000c8       __imp_?detach@QListData@@QAEPAUData@1@H@Z 100100c8     Qt5Core:Qt5Core.dll
 0004:000000cc       __imp_?detach_grow@QListData@@QAEPAUData@1@PAHH@Z 100100cc     Qt5Core:Qt5Core.dll
 0004:000000d0       __imp_?realloc@QListData@@QAEXH@Z 100100d0     Qt5Core:Qt5Core.dll
 0004:000000d4       __imp_?dispose@QListData@@QAEXXZ 100100d4     Qt5Core:Qt5Core.dll
 0004:000000d8       __imp_?dispose@QListData@@SAXPAUData@1@@Z 100100d8     Qt5Core:Qt5Core.dll
 0004:000000dc       __imp_?append@QListData@@QAEPAPAXXZ 100100dc     Qt5Core:Qt5Core.dll
 0004:000000e0       __imp_?begin@QListData@@QBEPAPAXXZ 100100e0     Qt5Core:Qt5Core.dll
 0004:000000e4       __imp_?end@QListData@@QBEPAPAXXZ 100100e4     Qt5Core:Qt5Core.dll
 0004:000000e8       __imp_?QStringList_contains@QtPrivate@@YA_NPBVQStringList@@ABVQString@@W4CaseSensitivity@Qt@@@Z 100100e8     Qt5Core:Qt5Core.dll
 0004:000000ec       __imp_??0QUrl@@QAE@$$QAV0@@Z 100100ec     Qt5Core:Qt5Core.dll
 0004:000000f0       __imp_??1QUrl@@QAE@XZ      100100f0     Qt5Core:Qt5Core.dll
 0004:000000f4       __imp_?toString@QUrl@@QBE?AVQString@@V?$QUrlTwoFlags@W4UrlFormattingOption@QUrl@@W4ComponentFormattingOption@2@@@@Z 100100f4     Qt5Core:Qt5Core.dll
 0004:000000f8       __imp_?setHost@QUrl@@QAEXABVQString@@W4ParsingMode@1@@Z 100100f8     Qt5Core:Qt5Core.dll
 0004:000000fc       __imp_?host@QUrl@@QBE?AVQString@@V?$QFlags@W4ComponentFormattingOption@QUrl@@@@@Z 100100fc     Qt5Core:Qt5Core.dll
 0004:00000100       __imp_?nextNode@QMapNodeBase@@QBEPBU1@XZ 10010100     Qt5Core:Qt5Core.dll
 0004:00000104       __imp_?color@QMapNodeBase@@QBE?AW4Color@1@XZ 10010104     Qt5Core:Qt5Core.dll
 0004:00000108       __imp_?setColor@QMapNodeBase@@QAEXW4Color@1@@Z 10010108     Qt5Core:Qt5Core.dll
 0004:0000010c       __imp_?setParent@QMapNodeBase@@QAEXPAU1@@Z 1001010c     Qt5Core:Qt5Core.dll
 0004:00000110       __imp_?freeNodeAndRebalance@QMapDataBase@@QAEXPAUQMapNodeBase@@@Z 10010110     Qt5Core:Qt5Core.dll
 0004:00000114       __imp_?recalcMostLeftNode@QMapDataBase@@QAEXXZ 10010114     Qt5Core:Qt5Core.dll
 0004:00000118       __imp_?createNode@QMapDataBase@@QAEPAUQMapNodeBase@@HHPAU2@_N@Z 10010118     Qt5Core:Qt5Core.dll
 0004:0000011c       __imp_?freeTree@QMapDataBase@@QAEXPAUQMapNodeBase@@H@Z 1001011c     Qt5Core:Qt5Core.dll
 0004:00000120       __imp_?createData@QMapDataBase@@SAPAU1@XZ 10010120     Qt5Core:Qt5Core.dll
 0004:00000124       __imp_?freeData@QMapDataBase@@SAXPAU1@@Z 10010124     Qt5Core:Qt5Core.dll
 0004:00000128       __imp_??1QDebug@@QAE@XZ    10010128     Qt5Core:Qt5Core.dll
 0004:0000012c       __imp_??6QDebug@@QAEAAV0@PBD@Z 1001012c     Qt5Core:Qt5Core.dll
 0004:00000130       __imp_??6QDebug@@QAEAAV0@ABVQString@@@Z 10010130     Qt5Core:Qt5Core.dll
 0004:00000134       __imp_??0QReadWriteLock@@QAE@W4RecursionMode@0@@Z 10010134     Qt5Core:Qt5Core.dll
 0004:00000138       __imp_??1QReadWriteLock@@QAE@XZ 10010138     Qt5Core:Qt5Core.dll
 0004:0000013c       __imp_?lockForRead@QReadWriteLock@@QAEXXZ 1001013c     Qt5Core:Qt5Core.dll
 0004:00000140       __imp_?lockForWrite@QReadWriteLock@@QAEXXZ 10010140     Qt5Core:Qt5Core.dll
 0004:00000144       __imp_?unlock@QReadWriteLock@@QAEXXZ 10010144     Qt5Core:Qt5Core.dll
 0004:00000148       __imp_??0QReadLocker@@QAE@PAVQReadWriteLock@@@Z 10010148     Qt5Core:Qt5Core.dll
 0004:0000014c       __imp_??1QReadLocker@@QAE@XZ 1001014c     Qt5Core:Qt5Core.dll
 0004:00000150       __imp_??0QDir@@QAE@ABVQString@@@Z 10010150     Qt5Core:Qt5Core.dll
 0004:00000154       __imp_??1QDir@@QAE@XZ      10010154     Qt5Core:Qt5Core.dll
 0004:00000158       __imp_?absoluteFilePath@QDir@@QBE?AVQString@@ABV2@@Z 10010158     Qt5Core:Qt5Core.dll
 0004:0000015c       __imp_?applicationDirPath@QCoreApplication@@SA?AVQString@@XZ 1001015c     Qt5Core:Qt5Core.dll
 0004:00000160       \177Qt5Core_NULL_THUNK_DATA 10010160     Qt5Core:Qt5Core.dll
 0004:000001b0       __imp____std_type_info_destroy_list 100101b0     vcruntime:VCRUNTIME140.dll
 0004:000001b4       __imp___CxxThrowException@8 100101b4     vcruntime:VCRUNTIME140.dll
 0004:000001b8       __imp___except_handler4_common 100101b8     vcruntime:VCRUNTIME140.dll
 0004:000001bc       __imp__memset              100101bc     vcruntime:VCRUNTIME140.dll
 0004:000001c0       __imp__memcpy              100101c0     vcruntime:VCRUNTIME140.dll
 0004:000001c4       __imp____std_exception_copy 100101c4     vcruntime:VCRUNTIME140.dll
 0004:000001c8       __imp____std_exception_destroy 100101c8     vcruntime:VCRUNTIME140.dll
 0004:000001cc       __imp____current_exception 100101cc     vcruntime:VCRUNTIME140.dll
 0004:000001d0       __imp____CxxFrameHandler3  100101d0     vcruntime:VCRUNTIME140.dll
 0004:000001d4       __imp____current_exception_context 100101d4     vcruntime:VCRUNTIME140.dll
 0004:000001d8       \177VCRUNTIME140_NULL_THUNK_DATA 100101d8     vcruntime:VCRUNTIME140.dll
 0004:0000020c       __imp__malloc              1001020c     ucrt:api-ms-win-crt-heap-l1-1-0.dll
 0004:00000210       __imp__free                10010210     ucrt:api-ms-win-crt-heap-l1-1-0.dll
 0004:00000214       __imp___callnewh           10010214     ucrt:api-ms-win-crt-heap-l1-1-0.dll
 0004:00000218       \177api-ms-win-crt-heap-l1-1-0_NULL_THUNK_DATA 10010218     ucrt:api-ms-win-crt-heap-l1-1-0.dll
 0004:00000244       __imp___invalid_parameter_noinfo_noreturn 10010244     ucrt:api-ms-win-crt-runtime-l1-1-0.dll
 0004:00000248       __imp__terminate           10010248     ucrt:api-ms-win-crt-runtime-l1-1-0.dll
 0004:0000024c       __imp___initterm_e         1001024c     ucrt:api-ms-win-crt-runtime-l1-1-0.dll
 0004:00000250       __imp___initterm           10010250     ucrt:api-ms-win-crt-runtime-l1-1-0.dll
 0004:00000254       __imp___seh_filter_dll     10010254     ucrt:api-ms-win-crt-runtime-l1-1-0.dll
 0004:00000258       __imp___configure_narrow_argv 10010258     ucrt:api-ms-win-crt-runtime-l1-1-0.dll
 0004:0000025c       __imp___initialize_narrow_environment 1001025c     ucrt:api-ms-win-crt-runtime-l1-1-0.dll
 0004:00000260       __imp___initialize_onexit_table 10010260     ucrt:api-ms-win-crt-runtime-l1-1-0.dll
 0004:00000264       __imp___register_onexit_function 10010264     ucrt:api-ms-win-crt-runtime-l1-1-0.dll
 0004:00000268       __imp___cexit              10010268     ucrt:api-ms-win-crt-runtime-l1-1-0.dll
 0004:0000026c       __imp___crt_atexit         1001026c     ucrt:api-ms-win-crt-runtime-l1-1-0.dll
 0004:00000270       __imp___crt_at_quick_exit  10010270     ucrt:api-ms-win-crt-runtime-l1-1-0.dll
 0004:00000274       __imp___execute_onexit_table 10010274     ucrt:api-ms-win-crt-runtime-l1-1-0.dll
 0004:00000278       \177api-ms-win-crt-runtime-l1-1-0_NULL_THUNK_DATA 10010278     ucrt:api-ms-win-crt-runtime-l1-1-0.dll
 0004:000002ac       __imp__strlen              100102ac     ucrt:api-ms-win-crt-string-l1-1-0.dll
 0004:000002b0       \177api-ms-win-crt-string-l1-1-0_NULL_THUNK_DATA 100102b0     ucrt:api-ms-win-crt-string-l1-1-0.dll
 0004:000002dc       __imp__hdns_sdk_cleanup    100102dc     httpdns:httpdns.dll
 0004:000002e0       __imp__hdns_log_set_log_file_path 100102e0     httpdns:httpdns.dll
 0004:000002e4       __imp__hdns_client_cleanup 100102e4     httpdns:httpdns.dll
 0004:000002e8       __imp__hdns_status_is_ok   100102e8     httpdns:httpdns.dll
 0004:000002ec       __imp__hdns_select_first_ip 100102ec     httpdns:httpdns.dll
 0004:000002f0       __imp__hdns_get_result_for_host_sync_with_cache 100102f0     httpdns:httpdns.dll
 0004:000002f4       __imp__hdns_list_cleanup   100102f4     httpdns:httpdns.dll
 0004:000002f8       __imp__hdns_client_add_custom_ttl_item 100102f8     httpdns:httpdns.dll
 0004:000002fc       __imp__hdns_client_set_region 100102fc     httpdns:httpdns.dll
 0004:00000300       __imp__hdns_client_set_retry_times 10010300     httpdns:httpdns.dll
 0004:00000304       __imp__hdns_client_set_using_sign 10010304     httpdns:httpdns.dll
 0004:00000308       __imp__hdns_client_set_using_https 10010308     httpdns:httpdns.dll
 0004:0000030c       __imp__hdns_client_set_using_cache 1001030c     httpdns:httpdns.dll
 0004:00000310       __imp__hdns_client_set_timeout 10010310     httpdns:httpdns.dll
 0004:00000314       __imp__hdns_client_start   10010314     httpdns:httpdns.dll
 0004:00000318       __imp__hdns_client_create  10010318     httpdns:httpdns.dll
 0004:0000031c       __imp__hdns_sdk_init       1001031c     httpdns:httpdns.dll
 0004:00000320       __imp__hdns_log_set_level  10010320     httpdns:httpdns.dll
 0004:00000324       \177httpdns_NULL_THUNK_DATA 10010324     httpdns:httpdns.dll
 0004:0000035c       __IMPORT_DESCRIPTOR_httpdns 1001035c     httpdns:httpdns.dll
 0004:00000370       __IMPORT_DESCRIPTOR_Qt5Core 10010370     Qt5Core:Qt5Core.dll
 0004:00000384       __IMPORT_DESCRIPTOR_MSVCP140 10010384     msvcprt:MSVCP140.dll
 0004:00000398       __IMPORT_DESCRIPTOR_VCRUNTIME140 10010398     vcruntime:VCRUNTIME140.dll
 0004:000003ac       __IMPORT_DESCRIPTOR_api-ms-win-crt-runtime-l1-1-0 100103ac     ucrt:api-ms-win-crt-runtime-l1-1-0.dll
 0004:000003c0       __IMPORT_DESCRIPTOR_api-ms-win-crt-string-l1-1-0 100103c0     ucrt:api-ms-win-crt-string-l1-1-0.dll
 0004:000003d4       __IMPORT_DESCRIPTOR_api-ms-win-crt-heap-l1-1-0 100103d4     ucrt:api-ms-win-crt-heap-l1-1-0.dll
 0004:000003e8       __IMPORT_DESCRIPTOR_KERNEL32 100103e8     kernel32:KERNEL32.dll
 0004:000003fc       __NULL_IMPORT_DESCRIPTOR   100103fc     httpdns:httpdns.dll
 0005:00000000       ___guard_check_icall_fptr  10012000     MSVCRT:guard_support.obj
 0005:00000004       ___guard_xfg_check_icall_fptr 10012004     MSVCRT:guard_support.obj
 0005:00000008       ___castguard_check_failure_os_handled_fptr 10012008     MSVCRT:guard_support.obj

 entry point at        0001:0000048d

 Static symbols

 0000:fffeb000       .debug$S                   10000000     CommFunc.exp
 0000:00000000       _volmd                     10000000     HttpDns.obj
 0000:00000000       _volmd                     10000000     HttpDns.obj
 0000:00000000       _volmd                     10000000     HttpDns.obj
 0000:00000000       _volmd                     10000000     HttpDns.obj
 0000:00000000       _volmd                     10000000     HttpDns.obj
 0000:00000000       _volmd                     10000000     HttpDns.obj
 0000:00000000       _volmd                     10000000     HttpDns.obj
 0000:00000000       _volmd                     10000000     HttpDns.obj
 0000:00000000       _volmd                     10000000     HttpDns.obj
 0000:00000000       _volmd                     10000000     HttpDns.obj
 0000:00000000       _volmd                     10000000     HttpDns.obj
 0000:00000000       _volmd                     10000000     HttpDns.obj
 0000:00000000       _volmd                     10000000     HttpDns.obj
 0000:00000000       _volmd                     10000000     HttpDns.obj
 0000:00000000       _volmd                     10000000     HttpDns.obj
 0000:00000000       _volmd                     10000000     HttpDns.obj
 0000:00000000       _volmd                     10000000     HttpDns.obj
 0000:00000000       _volmd                     10000000     HttpDns.obj
 0000:fffeb000       .debug$S                   10000000     ucrt:api-ms-win-crt-heap-l1-1-0.dll
 0000:fffeb000       .debug$S                   10000000     ucrt:api-ms-win-crt-heap-l1-1-0.dll
 0000:fffeb000       .debug$S                   10000000     ucrt:api-ms-win-crt-heap-l1-1-0.dll
 0000:fffeb000       .debug$S                   10000000     ucrt:api-ms-win-crt-runtime-l1-1-0.dll
 0000:fffeb000       .debug$S                   10000000     ucrt:api-ms-win-crt-runtime-l1-1-0.dll
 0000:fffeb000       .debug$S                   10000000     ucrt:api-ms-win-crt-runtime-l1-1-0.dll
 0000:fffeb000       .debug$S                   10000000     ucrt:api-ms-win-crt-runtime-l1-1-0.dll
 0000:fffeb000       .debug$S                   10000000     ucrt:api-ms-win-crt-runtime-l1-1-0.dll
 0000:fffeb000       .debug$S                   10000000     ucrt:api-ms-win-crt-runtime-l1-1-0.dll
 0000:fffeb000       .debug$S                   10000000     ucrt:api-ms-win-crt-runtime-l1-1-0.dll
 0000:fffeb000       .debug$S                   10000000     ucrt:api-ms-win-crt-runtime-l1-1-0.dll
 0000:fffeb000       .debug$S                   10000000     ucrt:api-ms-win-crt-runtime-l1-1-0.dll
 0000:fffeb000       .debug$S                   10000000     ucrt:api-ms-win-crt-runtime-l1-1-0.dll
 0000:fffeb000       .debug$S                   10000000     ucrt:api-ms-win-crt-runtime-l1-1-0.dll
 0000:fffeb000       .debug$S                   10000000     ucrt:api-ms-win-crt-runtime-l1-1-0.dll
 0000:fffeb000       .debug$S                   10000000     ucrt:api-ms-win-crt-runtime-l1-1-0.dll
 0000:fffeb000       .debug$S                   10000000     ucrt:api-ms-win-crt-string-l1-1-0.dll
 0000:fffeb000       .debug$S                   10000000     kernel32:KERNEL32.dll
 0000:fffeb000       .debug$S                   10000000     kernel32:KERNEL32.dll
 0000:fffeb000       .debug$S                   10000000     kernel32:KERNEL32.dll
 0000:fffeb000       .debug$S                   10000000     kernel32:KERNEL32.dll
 0000:fffeb000       .debug$S                   10000000     kernel32:KERNEL32.dll
 0000:fffeb000       .debug$S                   10000000     kernel32:KERNEL32.dll
 0000:fffeb000       .debug$S                   10000000     kernel32:KERNEL32.dll
 0000:fffeb000       .debug$S                   10000000     kernel32:KERNEL32.dll
 0000:fffeb000       .debug$S                   10000000     kernel32:KERNEL32.dll
 0000:fffeb000       .debug$S                   10000000     kernel32:KERNEL32.dll
 0000:fffeb000       .debug$S                   10000000     kernel32:KERNEL32.dll
 0000:fffeb000       .debug$S                   10000000     kernel32:KERNEL32.dll
 0000:fffeb000       .debug$S                   10000000     kernel32:KERNEL32.dll
 0000:fffeb000       .debug$S                   10000000     kernel32:KERNEL32.dll
 0000:fffeb000       .debug$S                   10000000     httpdns:httpdns.dll
 0000:fffeb000       .debug$S                   10000000     httpdns:httpdns.dll
 0000:fffeb000       .debug$S                   10000000     httpdns:httpdns.dll
 0000:fffeb000       .debug$S                   10000000     httpdns:httpdns.dll
 0000:fffeb000       .debug$S                   10000000     httpdns:httpdns.dll
 0000:fffeb000       .debug$S                   10000000     httpdns:httpdns.dll
 0000:fffeb000       .debug$S                   10000000     httpdns:httpdns.dll
 0000:fffeb000       .debug$S                   10000000     httpdns:httpdns.dll
 0000:fffeb000       .debug$S                   10000000     httpdns:httpdns.dll
 0000:fffeb000       .debug$S                   10000000     httpdns:httpdns.dll
 0000:fffeb000       .debug$S                   10000000     httpdns:httpdns.dll
 0000:fffeb000       .debug$S                   10000000     httpdns:httpdns.dll
 0000:fffeb000       .debug$S                   10000000     httpdns:httpdns.dll
 0000:fffeb000       .debug$S                   10000000     httpdns:httpdns.dll
 0000:fffeb000       .debug$S                   10000000     httpdns:httpdns.dll
 0000:fffeb000       .debug$S                   10000000     httpdns:httpdns.dll
 0000:fffeb000       .debug$S                   10000000     httpdns:httpdns.dll
 0000:fffeb000       .debug$S                   10000000     httpdns:httpdns.dll
 0000:fffeb000       .debug$S                   10000000     Qt5Core:Qt5Core.dll
 0000:fffeb000       .debug$S                   10000000     Qt5Core:Qt5Core.dll
 0000:fffeb000       .debug$S                   10000000     Qt5Core:Qt5Core.dll
 0000:fffeb000       .debug$S                   10000000     Qt5Core:Qt5Core.dll
 0000:fffeb000       .debug$S                   10000000     Qt5Core:Qt5Core.dll
 0000:fffeb000       .debug$S                   10000000     Qt5Core:Qt5Core.dll
 0000:fffeb000       .debug$S                   10000000     Qt5Core:Qt5Core.dll
 0000:fffeb000       .debug$S                   10000000     Qt5Core:Qt5Core.dll
 0000:fffeb000       .debug$S                   10000000     Qt5Core:Qt5Core.dll
 0000:fffeb000       .debug$S                   10000000     Qt5Core:Qt5Core.dll
 0000:fffeb000       .debug$S                   10000000     Qt5Core:Qt5Core.dll
 0000:fffeb000       .debug$S                   10000000     Qt5Core:Qt5Core.dll
 0000:fffeb000       .debug$S                   10000000     Qt5Core:Qt5Core.dll
 0000:fffeb000       .debug$S                   10000000     Qt5Core:Qt5Core.dll
 0000:fffeb000       .debug$S                   10000000     Qt5Core:Qt5Core.dll
 0000:fffeb000       .debug$S                   10000000     Qt5Core:Qt5Core.dll
 0000:fffeb000       .debug$S                   10000000     Qt5Core:Qt5Core.dll
 0000:fffeb000       .debug$S                   10000000     Qt5Core:Qt5Core.dll
 0000:fffeb000       .debug$S                   10000000     Qt5Core:Qt5Core.dll
 0000:fffeb000       .debug$S                   10000000     Qt5Core:Qt5Core.dll
 0000:fffeb000       .debug$S                   10000000     Qt5Core:Qt5Core.dll
 0000:fffeb000       .debug$S                   10000000     Qt5Core:Qt5Core.dll
 0000:fffeb000       .debug$S                   10000000     Qt5Core:Qt5Core.dll
 0000:fffeb000       .debug$S                   10000000     Qt5Core:Qt5Core.dll
 0000:fffeb000       .debug$S                   10000000     Qt5Core:Qt5Core.dll
 0000:fffeb000       .debug$S                   10000000     Qt5Core:Qt5Core.dll
 0000:fffeb000       .debug$S                   10000000     Qt5Core:Qt5Core.dll
 0000:fffeb000       .debug$S                   10000000     Qt5Core:Qt5Core.dll
 0000:fffeb000       .debug$S                   10000000     Qt5Core:Qt5Core.dll
 0000:fffeb000       .debug$S                   10000000     Qt5Core:Qt5Core.dll
 0000:fffeb000       .debug$S                   10000000     Qt5Core:Qt5Core.dll
 0000:fffeb000       .debug$S                   10000000     Qt5Core:Qt5Core.dll
 0000:fffeb000       .debug$S                   10000000     Qt5Core:Qt5Core.dll
 0000:fffeb000       .debug$S                   10000000     Qt5Core:Qt5Core.dll
 0000:fffeb000       .debug$S                   10000000     Qt5Core:Qt5Core.dll
 0000:fffeb000       .debug$S                   10000000     Qt5Core:Qt5Core.dll
 0000:fffeb000       .debug$S                   10000000     Qt5Core:Qt5Core.dll
 0000:fffeb000       .debug$S                   10000000     Qt5Core:Qt5Core.dll
 0000:fffeb000       .debug$S                   10000000     Qt5Core:Qt5Core.dll
 0000:fffeb000       .debug$S                   10000000     Qt5Core:Qt5Core.dll
 0000:fffeb000       .debug$S                   10000000     Qt5Core:Qt5Core.dll
 0000:fffeb000       .debug$S                   10000000     Qt5Core:Qt5Core.dll
 0000:fffeb000       .debug$S                   10000000     Qt5Core:Qt5Core.dll
 0000:fffeb000       .debug$S                   10000000     Qt5Core:Qt5Core.dll
 0000:fffeb000       .debug$S                   10000000     Qt5Core:Qt5Core.dll
 0000:fffeb000       .debug$S                   10000000     Qt5Core:Qt5Core.dll
 0000:fffeb000       .debug$S                   10000000     Qt5Core:Qt5Core.dll
 0000:fffeb000       .debug$S                   10000000     Qt5Core:Qt5Core.dll
 0000:fffeb000       .debug$S                   10000000     Qt5Core:Qt5Core.dll
 0000:fffee000       __guard_fids___except_handler4 10000000     MSVCRT:chandler4gs.obj
 0000:00000000       _volmd                     10000000     MSVCRT:cpu_disp.obj
 0000:fffee000       __guard_fids_?dllmain_dispatch@@YAHQAUHINSTANCE__@@KQAX@Z 10000000     MSVCRT:dll_dllmain.obj
 0000:00000000       _volmd                     10000000     MSVCRT:gs_report.obj
 0000:fffee000       __guard_fids__             10000000     MSVCRT:guard_support.obj
 0000:fffee000       __guard_fids__             10000000     MSVCRT:guard_support.obj
 0000:fffee000       __guard_fids___guard_icall_checks_enforced 10000000     MSVCRT:guard_support.obj
 0000:00000000       _volmd                     10000000     MSVCRT:guard_support.obj
 0000:00000000       _volmd                     10000000     MSVCRT:guard_support.obj
 0000:00000000       _volmd                     10000000     MSVCRT:guard_support.obj
 0000:00000000       _volmd                     10000000     MSVCRT:guard_support.obj
 0000:00000000       _volmd                     10000000     MSVCRT:guard_support.obj
 0000:00000000       _volmd                     10000000     MSVCRT:guard_support.obj
 0000:00000000       _volmd                     10000000     MSVCRT:guard_support.obj
 0000:00000000       _volmd                     10000000     MSVCRT:guard_support.obj
 0000:00000000       _volmd                     10000000     MSVCRT:guard_support.obj
 0000:fffee000       __guard_fids__             10000000     MSVCRT:std_type_info_static.obj
 0000:fffee000       __guard_fids__             10000000     MSVCRT:throw_bad_alloc.obj
 0000:fffee000       __guard_fids__             10000000     MSVCRT:throw_bad_alloc.obj
 0000:fffee000       __guard_fids__             10000000     MSVCRT:throw_bad_alloc.obj
 0000:fffee000       __guard_fids__             10000000     MSVCRT:throw_bad_alloc.obj
 0000:fffee000       __guard_fids__             10000000     MSVCRT:throw_bad_alloc.obj
 0000:fffee000       __guard_fids__             10000000     MSVCRT:throw_bad_alloc.obj
 0000:fffee000       __guard_fids__             10000000     MSVCRT:throw_bad_alloc.obj
 0000:fffee000       __guard_fids__             10000000     MSVCRT:throw_bad_alloc.obj
 0000:fffee000       __guard_fids____scrt_set_unhandled_exception_filter 10000000     MSVCRT:utility_desktop.obj
 0000:fffeb000       .debug$S                   10000000     msvcprt:MSVCP140.dll
 0000:fffeb000       .debug$S                   10000000     vcruntime:VCRUNTIME140.dll
 0000:fffeb000       .debug$S                   10000000     vcruntime:VCRUNTIME140.dll
 0000:fffeb000       .debug$S                   10000000     vcruntime:VCRUNTIME140.dll
 0000:fffeb000       .debug$S                   10000000     vcruntime:VCRUNTIME140.dll
 0000:fffeb000       .debug$S                   10000000     vcruntime:VCRUNTIME140.dll
 0000:fffeb000       .debug$S                   10000000     vcruntime:VCRUNTIME140.dll
 0000:fffeb000       .debug$S                   10000000     vcruntime:VCRUNTIME140.dll
 0000:fffeb000       .debug$S                   10000000     vcruntime:VCRUNTIME140.dll
 0000:fffeb000       .debug$S                   10000000     vcruntime:VCRUNTIME140.dll
 0000:fffeb000       .debug$S                   10000000     vcruntime:VCRUNTIME140.dll
 0000:0000000c       _volmd                     1000000c     HttpDns.obj
 0000:00000018       _volmd                     10000018     HttpDns.obj
 0000:00000028       _volmd                     10000028     HttpDns.obj
 0000:00000038       _volmd                     10000038     HttpDns.obj
 0000:00000048       _volmd                     10000048     HttpDns.obj
 0001:00000a10       ??__EappPath@@YAXXZ        10001a10 f   HttpDns.obj
 0001:00000ab0       ??__Em_dnsCache@@YAXXZ     10001ab0 f   HttpDns.obj
 0001:00000ae0       ??__Em_dnsLock@@YAXXZ      10001ae0 f   HttpDns.obj
 0001:00000b10       ??__Es_httpdns@@YAXXZ      10001b10 f   HttpDns.obj
 0001:0000429c       __catch$?append@?$QList@VQString@@@@QAEXABVQString@@@Z$0 1000529c f i HttpDns.obj
 0001:000042fe       __catch$?append@?$QList@VQString@@@@QAEXABVQString@@@Z$2 100052fe f i HttpDns.obj
 0001:0000435e       __catch$?append@?$QList@VQString@@@@QAEXABVQString@@@Z$4 1000535e f i HttpDns.obj
 0001:00004709       __catch$?createNode@?$QMapData@VQString@@V1@@@QAEPAU?$QMapNode@VQString@@V1@@@ABVQString@@0PAU2@_N@Z$0 10005709 f i HttpDns.obj
 0001:00004738       __catch$?createNode@?$QMapData@VQString@@V1@@@QAEPAU?$QMapNode@VQString@@V1@@@ABVQString@@0PAU2@_N@Z$2 10005738 f i HttpDns.obj
 0001:00004a15       __catch$?detach_helper@?$QList@VQString@@@@AAEXH@Z$0 10005a15 f i HttpDns.obj
 0001:00004bdf       __catch$?detach_helper_grow@?$QList@VQString@@@@AAEPAUNode@1@HH@Z$0 10005bdf f i HttpDns.obj
 0001:00004c4c       __catch$?detach_helper_grow@?$QList@VQString@@@@AAEPAUNode@1@HH@Z$2 10005c4c f i HttpDns.obj
 0001:000054ae       __catch$?node_copy@?$QList@VQString@@@@AAEXPAUNode@1@00@Z$0 100064ae f i HttpDns.obj
 0001:00005567       __catch$?node_copy@?$QList@VQString@@@@AAEXPAUNode@1@00@Z$2 10006567 f i HttpDns.obj
 0001:00005ade       ?find_pe_section@@YAPAU_IMAGE_SECTION_HEADER@@QAEI@Z 10006ade f   MSVCRT:utility.obj
 0001:00005b38       ?is_potentially_valid_image_base@@YA_NQAX@Z 10006b38 f   MSVCRT:utility.obj
 0001:00005f72       ?dllmain_crt_dispatch@@YGHQAUHINSTANCE__@@KQAX@Z 10006f72 f   MSVCRT:dll_dllmain.obj
 0001:00005fd9       ?dllmain_crt_process_attach@@YAHQAUHINSTANCE__@@QAX@Z 10006fd9 f   MSVCRT:dll_dllmain.obj
 0001:00006121       ?dllmain_crt_process_detach@@YAH_N@Z 10007121 f   MSVCRT:dll_dllmain.obj
 0001:000061fd       ?dllmain_dispatch@@YAHQAUHINSTANCE__@@KQAX@Z 100071fd f   MSVCRT:dll_dllmain.obj
 0001:0000634a       ?dllmain_raw@@YGHQAUHINSTANCE__@@KQAX@Z 1000734a f   MSVCRT:dll_dllmain.obj
 0001:00006ab0       $$000000                   10007ab0     MSVCRT:sehprolg4.obj
 0001:00006b10       $$000000                   10007b10     MSVCRT:sehprolg4.obj
 0001:00006c07       ___castguard_check_failure_os_handled_wrapper 10007c07 f   MSVCRT:guard_support.obj
 0001:00006c5d       ___castguard_check_failure_user_handled_wrapper 10007c5d f   MSVCRT:guard_support.obj
 0001:00006c83       ___castguard_compat_check  10007c83 f   MSVCRT:guard_support.obj
 0001:00006dd1       ___castguard_slow_path_compat_check 10007dd1 f   MSVCRT:guard_support.obj
 0001:000071e1       ___get_entropy             100081e1 f   MSVCRT:gs_support.obj
 0001:00008750       __unwindfunclet$?Resolve@@YA?AV?$basic_string@DU?$char_traits@D@std@@V?$allocator@D@2@@std@@ABV12@@Z$0 10009750 f   HttpDns.obj
 0001:0000875c       __unwindfunclet$?Resolve@@YA?AV?$basic_string@DU?$char_traits@D@std@@V?$allocator@D@2@@std@@ABV12@@Z$1 1000975c f   HttpDns.obj
 0001:00008768       __unwindfunclet$?Resolve@@YA?AV?$basic_string@DU?$char_traits@D@std@@V?$allocator@D@2@@std@@ABV12@@Z$2 10009768 f   HttpDns.obj
 0001:00008774       __unwindfunclet$?Resolve@@YA?AV?$basic_string@DU?$char_traits@D@std@@V?$allocator@D@2@@std@@ABV12@@Z$3 10009774 f   HttpDns.obj
 0001:00008780       __unwindfunclet$?Resolve@@YA?AV?$basic_string@DU?$char_traits@D@std@@V?$allocator@D@2@@std@@ABV12@@Z$5 10009780 f   HttpDns.obj
 0001:0000878c       __unwindfunclet$?Resolve@@YA?AV?$basic_string@DU?$char_traits@D@std@@V?$allocator@D@2@@std@@ABV12@@Z$6 1000978c f   HttpDns.obj
 0001:0000879d       __ehhandler$?Resolve@@YA?AV?$basic_string@DU?$char_traits@D@std@@V?$allocator@D@2@@std@@ABV12@@Z 1000979d f   HttpDns.obj
 0001:000087c7       __unwindfunclet$?Resolve@@YA?AVQUrl@@V1@@Z$0 100097c7 f   HttpDns.obj
 0001:000087d0       __unwindfunclet$?Resolve@@YA?AVQUrl@@V1@@Z$1 100097d0 f   HttpDns.obj
 0001:000087d9       __unwindfunclet$?Resolve@@YA?AVQUrl@@V1@@Z$2 100097d9 f   HttpDns.obj
 0001:000087e2       __unwindfunclet$?Resolve@@YA?AVQUrl@@V1@@Z$3 100097e2 f   HttpDns.obj
 0001:000087eb       __unwindfunclet$?Resolve@@YA?AVQUrl@@V1@@Z$4 100097eb f   HttpDns.obj
 0001:000087f4       __unwindfunclet$?Resolve@@YA?AVQUrl@@V1@@Z$5 100097f4 f   HttpDns.obj
 0001:000087fc       __unwindfunclet$?Resolve@@YA?AVQUrl@@V1@@Z$6 100097fc f   HttpDns.obj
 0001:00008804       __unwindfunclet$?Resolve@@YA?AVQUrl@@V1@@Z$7 10009804 f   HttpDns.obj
 0001:00008810       __unwindfunclet$?Resolve@@YA?AVQUrl@@V1@@Z$8 10009810 f   HttpDns.obj
 0001:0000881c       __unwindfunclet$?Resolve@@YA?AVQUrl@@V1@@Z$9 1000981c f   HttpDns.obj
 0001:0000882d       __ehhandler$?Resolve@@YA?AVQUrl@@V1@@Z 1000982d f   HttpDns.obj
 0001:00008857       __unwindfunclet$?HttpDnsResolved@@YA_NVQUrl@@@Z$0 10009857 f   HttpDns.obj
 0001:00008860       __unwindfunclet$?HttpDnsResolved@@YA_NVQUrl@@@Z$1 10009860 f   HttpDns.obj
 0001:00008869       __unwindfunclet$?HttpDnsResolved@@YA_NVQUrl@@@Z$3 10009869 f   HttpDns.obj
 0001:00008876       __ehhandler$?HttpDnsResolved@@YA_NVQUrl@@@Z 10009876 f   HttpDns.obj
 0001:00008893       __unwindfunclet$?HttpDnsResolved@@YA_NXZ$0 10009893 f   HttpDns.obj
 0001:000088a1       __ehhandler$?HttpDnsResolved@@YA_NXZ 100098a1 f   HttpDns.obj
 0001:00008920       __ehhandler$??$_Deallocate@$07@std@@YAXPAXI@Z 10009920 f   HttpDns.obj
 0001:00008950       __unwindfunclet$??$make_unique@UHttpDns@@$$V$0A@@std@@YA?AV?$unique_ptr@UHttpDns@@U?$default_delete@UHttpDns@@@std@@@0@XZ$0 10009950 f   HttpDns.obj
 0001:00008964       __ehhandler$??$make_unique@UHttpDns@@$$V$0A@@std@@YA?AV?$unique_ptr@UHttpDns@@U?$default_delete@UHttpDns@@@std@@@0@XZ 10009964 f   HttpDns.obj
 0001:00008990       __unwindfunclet$??0?$basic_string@DU?$char_traits@D@std@@V?$allocator@D@2@@std@@QAE@ABV01@@Z$0 10009990 f   HttpDns.obj
 0001:0000899d       __ehhandler$??0?$basic_string@DU?$char_traits@D@std@@V?$allocator@D@2@@std@@QAE@ABV01@@Z 1000999d f   HttpDns.obj
 0001:000089d0       __unwindfunclet$??0?$basic_string@DU?$char_traits@D@std@@V?$allocator@D@2@@std@@QAE@QBD@Z$0 100099d0 f   HttpDns.obj
 0001:000089dd       __ehhandler$??0?$basic_string@DU?$char_traits@D@std@@V?$allocator@D@2@@std@@QAE@QBD@Z 100099dd f   HttpDns.obj
 0001:00008a10       __unwindfunclet$??0HttpDns@@QAE@XZ$0 10009a10 f   HttpDns.obj
 0001:00008a1c       __unwindfunclet$??0HttpDns@@QAE@XZ$1 10009a1c f   HttpDns.obj
 0001:00008a2d       __ehhandler$??0HttpDns@@QAE@XZ 10009a2d f   HttpDns.obj
 0001:00008a70       __ehhandler$??1?$QList@VQString@@@@QAE@XZ 10009a70 f   HttpDns.obj
 0001:00008aa0       __ehhandler$??1?$QMap@VQString@@V1@@@QAE@XZ 10009aa0 f   HttpDns.obj
 0001:00008ad0       __unwindfunclet$??__EappPath@@YAXXZ$0 10009ad0 f   HttpDns.obj
 0001:00008ade       __ehhandler$??__EappPath@@YAXXZ 10009ade f   HttpDns.obj
 0001:00008b10       __ehhandler$?_Deallocate_for_capacity@?$basic_string@DU?$char_traits@D@std@@V?$allocator@D@2@@std@@CAXAAV?$allocator@D@2@QADI@Z 10009b10 f   HttpDns.obj
 0001:00008b40       __ehhandler$?append@?$QList@VQString@@@@QAEXABVQString@@@Z 10009b40 f   HttpDns.obj
 0001:00008b70       __ehhandler$?createNode@?$QMapData@VQString@@V1@@@QAEPAU?$QMapNode@VQString@@V1@@@ABVQString@@0PAU2@_N@Z 10009b70 f   HttpDns.obj
 0001:00008ba0       __ehhandler$?detach_helper@?$QList@VQString@@@@AAEXH@Z 10009ba0 f   HttpDns.obj
 0001:00008bd0       __ehhandler$?detach_helper_grow@?$QList@VQString@@@@AAEPAUNode@1@HH@Z 10009bd0 f   HttpDns.obj
 0001:00008c00       __unwindfunclet$?keys@?$QMap@VQString@@V1@@@QBE?AV?$QList@VQString@@@@XZ$0 10009c00 f   HttpDns.obj
 0001:00008c0d       __ehhandler$?keys@?$QMap@VQString@@V1@@@QBE?AV?$QList@VQString@@@@XZ 10009c0d f   HttpDns.obj
 0001:00008c40       __ehhandler$?node_copy@?$QList@VQString@@@@AAEXPAUNode@1@00@Z 10009c40 f   HttpDns.obj
 0001:00009ca0       ??__FappPath@@YAXXZ        1000aca0 f   HttpDns.obj
 0001:00009cc0       ??__Fm_dnsCache@@YAXXZ     1000acc0 f   HttpDns.obj
 0001:00009ce0       ??__Fm_dnsLock@@YAXXZ      1000ace0 f   HttpDns.obj
 0001:00009d00       ??__Fs_httpdns@@YAXXZ      1000ad00 f   HttpDns.obj
 0002:00000104       ?m_dnsLock$initializer$@@3P6AXXZA 1000c104     HttpDns.obj
 0002:00000108       ?m_dnsCache$initializer$@@3P6AXXZA 1000c108     HttpDns.obj
 0002:0000010c       ?appPath$initializer$@@3P6AXXZA 1000c10c     HttpDns.obj
 0002:00000110       ?s_httpdns$initializer$@@3P6AXXZA 1000c110     HttpDns.obj
 0002:00000938       ?HTTPDNS_ACCOUNT@@3QBDB    1000c938     HttpDns.obj
 0002:0000093c       ?HTTPDNS_SECRET@@3QBDB     1000c93c     HttpDns.obj
 0002:00000940       ?_Fake_alloc@std@@3U_Fake_allocator@1@B 1000c940     HttpDns.obj
 0002:00000944       $SG148977                  1000c944     HttpDns.obj
 0002:00000950       $SG148978                  1000c950     HttpDns.obj
 0002:00000960       $SG149256                  1000c960     HttpDns.obj
 0002:00000970       $SG149257                  1000c970     HttpDns.obj
 0002:00000a90       _GS_ExceptionPointers      1000ca90     MSVCRT:gs_report.obj
 0002:00001940       __unwindtable$??0?$basic_string@DU?$char_traits@D@std@@V?$allocator@D@2@@std@@QAE@ABV01@@Z 1000d940     HttpDns.obj
 0002:00001948       __ehfuncinfo$??0?$basic_string@DU?$char_traits@D@std@@V?$allocator@D@2@@std@@QAE@ABV01@@Z 1000d948     HttpDns.obj
 0002:00001970       __unwindtable$??0?$basic_string@DU?$char_traits@D@std@@V?$allocator@D@2@@std@@QAE@QBD@Z 1000d970     HttpDns.obj
 0002:00001978       __ehfuncinfo$??0?$basic_string@DU?$char_traits@D@std@@V?$allocator@D@2@@std@@QAE@QBD@Z 1000d978     HttpDns.obj
 0002:000019a0       __ehfuncinfo$?_Deallocate_for_capacity@?$basic_string@DU?$char_traits@D@std@@V?$allocator@D@2@@std@@CAXAAV?$allocator@D@2@QADI@Z 1000d9a0     HttpDns.obj
 0002:000019c8       __ehfuncinfo$??1?$QList@VQString@@@@QAE@XZ 1000d9c8     HttpDns.obj
 0002:000019f0       __catchsym$?append@?$QList@VQString@@@@QAEXABVQString@@@Z$8 1000d9f0     HttpDns.obj
 0002:00001a00       __catchsym$?append@?$QList@VQString@@@@QAEXABVQString@@@Z$7 1000da00     HttpDns.obj
 0002:00001a10       __catchsym$?append@?$QList@VQString@@@@QAEXABVQString@@@Z$6 1000da10     HttpDns.obj
 0002:00001a20       __ehfuncinfo$?append@?$QList@VQString@@@@QAEXABVQString@@@Z 1000da20     HttpDns.obj
 0002:00001a44       __unwindtable$?append@?$QList@VQString@@@@QAEXABVQString@@@Z 1000da44     HttpDns.obj
 0002:00001a74       __tryblocktable$?append@?$QList@VQString@@@@QAEXABVQString@@@Z 1000da74     HttpDns.obj
 0002:00001ac4       __catchsym$?detach_helper_grow@?$QList@VQString@@@@AAEPAUNode@1@HH@Z$5 1000dac4     HttpDns.obj
 0002:00001ad4       __catchsym$?detach_helper_grow@?$QList@VQString@@@@AAEPAUNode@1@HH@Z$4 1000dad4     HttpDns.obj
 0002:00001ae4       __unwindtable$?detach_helper_grow@?$QList@VQString@@@@AAEPAUNode@1@HH@Z 1000dae4     HttpDns.obj
 0002:00001b04       __ehfuncinfo$?detach_helper_grow@?$QList@VQString@@@@AAEPAUNode@1@HH@Z 1000db04     HttpDns.obj
 0002:00001b28       __tryblocktable$?detach_helper_grow@?$QList@VQString@@@@AAEPAUNode@1@HH@Z 1000db28     HttpDns.obj
 0002:00001b60       __catchsym$?detach_helper@?$QList@VQString@@@@AAEXH@Z$2 1000db60     HttpDns.obj
 0002:00001b70       __unwindtable$?detach_helper@?$QList@VQString@@@@AAEXH@Z 1000db70     HttpDns.obj
 0002:00001b80       __tryblocktable$?detach_helper@?$QList@VQString@@@@AAEXH@Z 1000db80     HttpDns.obj
 0002:00001b94       __ehfuncinfo$?detach_helper@?$QList@VQString@@@@AAEXH@Z 1000db94     HttpDns.obj
 0002:00001bc0       __catchsym$?node_copy@?$QList@VQString@@@@AAEXPAUNode@1@00@Z$5 1000dbc0     HttpDns.obj
 0002:00001bd0       __catchsym$?node_copy@?$QList@VQString@@@@AAEXPAUNode@1@00@Z$4 1000dbd0     HttpDns.obj
 0002:00001be0       __unwindtable$?node_copy@?$QList@VQString@@@@AAEXPAUNode@1@00@Z 1000dbe0     HttpDns.obj
 0002:00001c00       __ehfuncinfo$?node_copy@?$QList@VQString@@@@AAEXPAUNode@1@00@Z 1000dc00     HttpDns.obj
 0002:00001c24       __tryblocktable$?node_copy@?$QList@VQString@@@@AAEXPAUNode@1@00@Z 1000dc24     HttpDns.obj
 0002:00001c5c       __unwindtable$?HttpDnsResolved@@YA_NXZ 1000dc5c     HttpDns.obj
 0002:00001c64       __unwindtable$?HttpDnsResolved@@YA_NVQUrl@@@Z 1000dc64     HttpDns.obj
 0002:00001c7c       __ehfuncinfo$?HttpDnsResolved@@YA_NXZ 1000dc7c     HttpDns.obj
 0002:00001ca0       __ehfuncinfo$?HttpDnsResolved@@YA_NVQUrl@@@Z 1000dca0     HttpDns.obj
 0002:00001cc4       __ehfuncinfo$?Resolve@@YA?AVQUrl@@V1@@Z 1000dcc4     HttpDns.obj
 0002:00001ce8       __ehfuncinfo$?Resolve@@YA?AV?$basic_string@DU?$char_traits@D@std@@V?$allocator@D@2@@std@@ABV12@@Z 1000dce8     HttpDns.obj
 0002:00001d0c       __unwindtable$?Resolve@@YA?AV?$basic_string@DU?$char_traits@D@std@@V?$allocator@D@2@@std@@ABV12@@Z 1000dd0c     HttpDns.obj
 0002:00001d3c       __unwindtable$?Resolve@@YA?AVQUrl@@V1@@Z 1000dd3c     HttpDns.obj
 0002:00001dbc       __ehfuncinfo$??1?$QMap@VQString@@V1@@@QAE@XZ 1000ddbc     HttpDns.obj
 0002:00001de4       __unwindtable$?keys@?$QMap@VQString@@V1@@@QBE?AV?$QList@VQString@@@@XZ 1000dde4     HttpDns.obj
 0002:00001dec       __ehfuncinfo$?keys@?$QMap@VQString@@V1@@@QBE?AV?$QList@VQString@@@@XZ 1000ddec     HttpDns.obj
 0002:00001e14       __unwindtable$??__EappPath@@YAXXZ 1000de14     HttpDns.obj
 0002:00001e1c       __ehfuncinfo$??__EappPath@@YAXXZ 1000de1c     HttpDns.obj
 0002:00001e44       __unwindtable$??0HttpDns@@QAE@XZ 1000de44     HttpDns.obj
 0002:00001e54       __ehfuncinfo$??0HttpDns@@QAE@XZ 1000de54     HttpDns.obj
 0002:00001e80       __unwindtable$??$make_unique@UHttpDns@@$$V$0A@@std@@YA?AV?$unique_ptr@UHttpDns@@U?$default_delete@UHttpDns@@@std@@@0@XZ 1000de80     HttpDns.obj
 0002:00001e88       __ehfuncinfo$??$make_unique@UHttpDns@@$$V$0A@@std@@YA?AV?$unique_ptr@UHttpDns@@U?$default_delete@UHttpDns@@@std@@@0@XZ 1000de88     HttpDns.obj
 0002:00001eb0       __catchsym$?createNode@?$QMapData@VQString@@V1@@@QAEPAU?$QMapNode@VQString@@V1@@@ABVQString@@0PAU2@_N@Z$5 1000deb0     HttpDns.obj
 0002:00001ec0       __catchsym$?createNode@?$QMapData@VQString@@V1@@@QAEPAU?$QMapNode@VQString@@V1@@@ABVQString@@0PAU2@_N@Z$4 1000dec0     HttpDns.obj
 0002:00001ed0       __unwindtable$?createNode@?$QMapData@VQString@@V1@@@QAEPAU?$QMapNode@VQString@@V1@@@ABVQString@@0PAU2@_N@Z 1000ded0     HttpDns.obj
 0002:00001ef0       __ehfuncinfo$?createNode@?$QMapData@VQString@@V1@@@QAEPAU?$QMapNode@VQString@@V1@@@ABVQString@@0PAU2@_N@Z 1000def0     HttpDns.obj
 0002:00001f14       __tryblocktable$?createNode@?$QMapData@VQString@@V1@@@QAEPAU?$QMapNode@VQString@@V1@@@ABVQString@@0PAU2@_N@Z 1000df14     HttpDns.obj
 0002:00001f4c       __ehfuncinfo$??$_Deallocate@$07@std@@YAXPAXI@Z 1000df4c     HttpDns.obj
 0002:00002000       __sehtable$___scrt_is_nonwritable_in_current_image 1000e000     MSVCRT:utility.obj
 0002:00002020       __sehtable$?dllmain_crt_process_attach@@YAHQAUHINSTANCE__@@QAX@Z 1000e020     MSVCRT:dll_dllmain.obj
 0002:00002040       __sehtable$?dllmain_crt_process_detach@@YAH_N@Z 1000e040     MSVCRT:dll_dllmain.obj
 0002:00002070       __sehtable$?dllmain_dispatch@@YAHQAUHINSTANCE__@@KQAX@Z 1000e070     MSVCRT:dll_dllmain.obj
 0002:00002270       .edata                     1000e270     CommFunc.exp
 0002:00002298       rgpv                       1000e298     CommFunc.exp
 0002:000022b0       rgszName                   1000e2b0     CommFunc.exp
 0002:000022c8       rgwOrd                     1000e2c8     CommFunc.exp
 0002:000022d4       szName                     1000e2d4     CommFunc.exp
 0002:000022e1       $N00001                    1000e2e1     CommFunc.exp
 0002:000022f8       $N00002                    1000e2f8     CommFunc.exp
 0002:00002318       $N00003                    1000e318     CommFunc.exp
 0002:00002331       $N00004                    1000e331     CommFunc.exp
 0002:00002349       $N00005                    1000e349     CommFunc.exp
 0002:0000239e       $N00006                    1000e39e     CommFunc.exp
 0003:00000480       ?is_initialized_as_dll@@3_NA 1000f480     MSVCRT:utility.obj
 0003:00000481       ?module_local_atexit_table_initialized@@3_NA 1000f481     MSVCRT:utility.obj
 0003:00000484       ?module_local_atexit_table@@3U_onexit_table_t@@A 1000f484     MSVCRT:utility.obj
 0003:00000490       ?module_local_at_quick_exit_table@@3U_onexit_table_t@@A 1000f490     MSVCRT:utility.obj
 0003:000004a4       ?__proc_attached@@3HA      1000f4a4     MSVCRT:dll_dllmain.obj
 0003:000004c0       _GS_ExceptionRecord        1000f4c0     MSVCRT:gs_report.obj
 0003:00000510       _GS_ContextRecord          1000f510     MSVCRT:gs_report.obj
 0004:0000093e       .idata$6                   1001093e     httpdns:httpdns.dll
 0004:0000116a       .idata$6                   1001116a     Qt5Core:Qt5Core.dll
 0004:00001196       .idata$6                   10011196     msvcprt:MSVCP140.dll
 0004:00001284       .idata$6                   10011284     vcruntime:VCRUNTIME140.dll
 0004:000013d6       .idata$6                   100113d6     ucrt:api-ms-win-crt-runtime-l1-1-0.dll
 0004:000013f8       .idata$6                   100113f8     ucrt:api-ms-win-crt-string-l1-1-0.dll
 0004:0000141a       .idata$6                   1001141a     ucrt:api-ms-win-crt-heap-l1-1-0.dll
 0004:00001584       .idata$6                   10011584     kernel32:KERNEL32.dll
 0006:00000170       $R000000                   10013170     * linker generated manifest res *
