 httpdns

 Timestamp is 6736d8fa (Fri Nov 15 13:15:38 2024)

 Preferred load address is 10000000

 Start         Length     Name                   Class
 0001:00000000 00018293H .text$mn                CODE
 0002:00000000 00000104H .CRT$XCA                DATA
 0002:00000104 00000104H .CRT$XCZ                DATA
 0002:00000208 00000104H .CRT$XIA                DATA
 0002:0000030c 00000104H .CRT$XIZ                DATA
 0002:00000410 00000104H .CRT$XPA                DATA
 0002:00000514 00000104H .CRT$XPZ                DATA
 0002:00000618 00000104H .CRT$XTA                DATA
 0002:0000071c 00000104H .CRT$XTZ                DATA
 0002:00000820 00000420H .rdata                  DATA
 0002:00000c40 00000180H .rdata$CastGuardVftablesA DATA
 0002:00000dc0 0000014cH .rdata$CastGuardVftablesC DATA
 0002:00000f0c 00000104H .rdata$sxdata           DATA
 0002:00001010 0000018cH .rdata$zzzdbg           DATA
 0002:0000119c 00000104H .rtc$IAA                DATA
 0002:000012a0 00000104H .rtc$IZZ                DATA
 0002:000013a4 00000104H .rtc$TAA                DATA
 0002:000014a8 00000108H .rtc$TZZ                DATA
 0002:000015b0 000001a0H .xdata$x                DATA
 0002:00001750 000026a2H .edata                  DATA
 0003:00000000 00003e18H .data                   DATA
 0003:00003e18 00000558H .bss                    DATA
 0004:00000000 00000528H .idata$5                DATA
 0004:00000528 0000012cH .idata$2                DATA
 0004:00000654 00000014H .idata$3                DATA
 0004:00000668 00000528H .idata$4                DATA
 0004:00000b90 00000ed1H .idata$6                DATA
 0005:00000000 0000010eH .00cfg                  DATA
 0006:00000000 000001c0H .rsrc$01                DATA
 0006:000001c0 00000640H .rsrc$02                DATA

  Address         Publics by Value              Rva+Base       Lib:Object

 0000:00000000       ___AbsoluteZero            00000000     <absolute>
 0000:00000000       ___arm64x_extra_rfe_table  00000000     <absolute>
 0000:00000000       ___arm64x_extra_rfe_table_size 00000000     <absolute>
 0000:00000000       ___arm64x_native_entrypoint 00000000     <absolute>
 0000:00000000       ___arm64x_redirection_metadata 00000000     <absolute>
 0000:00000000       ___arm64x_redirection_metadata_count 00000000     <absolute>
 0000:00000000       ___dynamic_value_reloc_table 00000000     <absolute>
 0000:00000000       ___enclave_config          00000000     <absolute>
 0000:00000000       ___guard_check_icall_a64n_fptr 00000000     <absolute>
 0000:00000000       ___guard_eh_cont_count     00000000     <absolute>
 0000:00000000       ___guard_eh_cont_table     00000000     <absolute>
 0000:00000000       ___guard_fids_count        00000000     <absolute>
 0000:00000000       ___guard_fids_table        00000000     <absolute>
 0000:00000000       ___guard_iat_count         00000000     <absolute>
 0000:00000000       ___guard_iat_table         00000000     <absolute>
 0000:00000000       ___guard_longjmp_count     00000000     <absolute>
 0000:00000000       ___guard_longjmp_table     00000000     <absolute>
 0000:00000000       ___hybrid_auxiliary_delayload_iat 00000000     <absolute>
 0000:00000000       ___hybrid_auxiliary_delayload_iat_copy 00000000     <absolute>
 0000:00000000       ___hybrid_auxiliary_iat    00000000     <absolute>
 0000:00000000       ___hybrid_auxiliary_iat_copy 00000000     <absolute>
 0000:00000000       ___hybrid_code_map         00000000     <absolute>
 0000:00000000       ___hybrid_code_map_count   00000000     <absolute>
 0000:00000000       ___hybrid_image_info_bitfield 00000000     <absolute>
 0000:00000000       ___volatile_metadata       00000000     <absolute>
 0000:00000000       ___x64_code_ranges_to_entry_points 00000000     <absolute>
 0000:00000000       ___x64_code_ranges_to_entry_points_count 00000000     <absolute>
 0000:00000001       ___safe_se_handler_count   00000001     <absolute>
 0000:00000100       ___guard_flags             00000100     <absolute>
 0000:00000000       ___ImageBase               10000000     <linker-defined>
 0001:00000d60       _hdns_sdk_init             10001d60 f   hdns_api.obj
 0001:00000f30       _hdns_client_create        10001f30 f   hdns_api.obj
 0001:00001010       _hdns_client_start         10002010 f   hdns_api.obj
 0001:00001170       _hdns_client_set_timeout   10002170 f   hdns_api.obj
 0001:000011b0       _hdns_client_set_using_cache 100021b0 f   hdns_api.obj
 0001:000011f0       _hdns_client_set_using_https 100021f0 f   hdns_api.obj
 0001:00001230       _hdns_client_set_using_sign 10002230 f   hdns_api.obj
 0001:00001270       _hdns_client_set_retry_times 10002270 f   hdns_api.obj
 0001:000012b0       _hdns_client_set_region    100022b0 f   hdns_api.obj
 0001:00001350       _hdns_client_set_schedule_center_region 10002350 f   hdns_api.obj
 0001:000014b0       _hdns_client_enable_update_cache_after_net_change 100024b0 f   hdns_api.obj
 0001:00001500       _hdns_client_enable_expired_ip 10002500 f   hdns_api.obj
 0001:00001540       _hdns_client_enable_failover_localdns 10002540 f   hdns_api.obj
 0001:00001580       _hdns_client_add_pre_resolve_host 10002580 f   hdns_api.obj
 0001:000015d0       _hdns_client_add_ip_probe_item 100025d0 f   hdns_api.obj
 0001:00001650       _hdns_client_add_custom_ttl_item 10002650 f   hdns_api.obj
 0001:000016d0       _hdns_client_get_session_id 100026d0 f   hdns_api.obj
 0001:00001710       _hdns_resv_req_create      10002710 f   hdns_api.obj
 0001:00001730       _hdns_resv_req_set_client_ip 10002730 f   hdns_api.obj
 0001:000017f0       _hdns_resv_req_set_host    100027f0 f   hdns_api.obj
 0001:000018b0       _hdns_resv_req_append_sdns_param 100028b0 f   hdns_api.obj
 0001:00001980       _hdns_resv_req_set_query_type 10002980 f   hdns_api.obj
 0001:00001a20       _hdns_resv_req_set_cache_key 10002a20 f   hdns_api.obj
 0001:00001ae0       _hdns_resv_req_cleanup     10002ae0 f   hdns_api.obj
 0001:00001b00       _hdns_list_create          10002b00 f   hdns_api.obj
 0001:00001b10       _hdns_list_add_str         10002b10 f   hdns_api.obj
 0001:00001bb0       _hdns_list_cleanup         10002bb0 f   hdns_api.obj
 0001:00001bd0       _hdns_get_result_for_host_sync_with_custom_request 10002bd0 f   hdns_api.obj
 0001:00001d30       _hdns_get_result_for_host_sync_with_cache 10002d30 f   hdns_api.obj
 0001:00001d80       _hdns_get_result_for_host_sync_without_cache 10002d80 f   hdns_api.obj
 0001:00001dd0       _hdns_get_results_for_hosts_sync_with_cache 10002dd0 f   hdns_api.obj
 0001:00001e20       _hdns_get_results_for_hosts_sync_without_cache 10002e20 f   hdns_api.obj
 0001:00001e70       _hdns_get_result_for_host_async_with_custom_request 10002e70 f   hdns_api.obj
 0001:00001fc0       _hdns_get_result_for_host_async_with_cache 10002fc0 f   hdns_api.obj
 0001:00002120       _hdns_get_result_for_host_async_without_cache 10003120 f   hdns_api.obj
 0001:00002280       _hdns_get_results_for_hosts_async_with_cache 10003280 f   hdns_api.obj
 0001:00002450       _hdns_get_results_for_hosts_async_without_cache 10003450 f   hdns_api.obj
 0001:00002620       _hdns_select_ip_randomly   10003620 f   hdns_api.obj
 0001:00002640       _hdns_select_first_ip      10003640 f   hdns_api.obj
 0001:00002660       _hdns_get_sdns_extra       10003660 f   hdns_api.obj
 0001:00002770       _hdns_log_set_log_file_path 10003770 f   hdns_api.obj
 0001:00002870       _hdns_log_set_log_level    10003870 f   hdns_api.obj
 0001:00002890       _hdns_remove_host_cache    10003890 f   hdns_api.obj
 0001:000028f0       _hdns_client_cleanup       100038f0 f   hdns_api.obj
 0001:00002940       _hdns_sdk_cleanup          10003940 f   hdns_api.obj
 0001:00002a90       _hdns_config_add_pre_resolve_host 10003a90 f   hdns_api.obj
 0001:00003c80       _hdns_create_buf           10004c80 f   hdns_buf.obj
 0001:00003ce0       _hdns_buf_pack             10004ce0 f   hdns_buf.obj
 0001:00003d40       _hdns_buf_list_content     10004d40 f   hdns_buf.obj
 0001:00003e20       _hdns_buf_append_string    10004e20 f   hdns_buf.obj
 0001:00003f00       _hdns_buf_list_len         10004f00 f   hdns_buf.obj
 0001:00004010       _hdns_cache_table_create   10005010 f   hdns_cache.obj
 0001:00004080       _hdns_cache_table_add      10005080 f   hdns_cache.obj
 0001:00004140       _hdns_cache_table_delete   10005140 f   hdns_cache.obj
 0001:000041c0       _hdns_cache_table_get      100051c0 f   hdns_cache.obj
 0001:00004260       _hdns_cache_table_clean    10005260 f   hdns_cache.obj
 0001:00004340       _hdns_cache_table_cleanup  10005340 f   hdns_cache.obj
 0001:00004370       _hdns_cache_get_keys       10005370 f   hdns_cache.obj
 0001:00004700       _hdns_do_single_resolve    10005700 f   hdns_client.obj
 0001:00004830       _hdns_do_batch_resolve     10005830 f   hdns_client.obj
 0001:00005040       _hdns_do_single_resolve_with_req 10006040 f   hdns_client.obj
 0001:00005630       _hdns_update_cache_on_net_change 10006630 f   hdns_client.obj
 0001:000056b0       _hdns_fetch_resv_results   100066b0 f   hdns_client.obj
 0001:000059c0       _hdns_batch_fetch_resv_results 100069c0 f   hdns_client.obj
 0001:00005fa0       _hdns_net_speed_cache_cb_fn 10006fa0 f   hdns_client.obj
 0001:000067e0       _hdns_config_create        100077e0 f   hdns_config.obj
 0001:00006840       _hdns_config_valid         10007840 f   hdns_config.obj
 0001:00006ab0       _hdns_config_cleanup       10007ab0 f   hdns_config.obj
 0001:00006ae0       _hdns_config_get_boot_servers 10007ae0 f   hdns_config.obj
 0001:00007370       _hdns_file_create_dir      10008370 f   hdns_file.obj
 0001:00007530       _hdns_file_write           10008530 f   hdns_file.obj
 0001:00007710       _hdns_file_read            10008710 f   hdns_file.obj
 0001:00007a80       _hdns_fstack_create        10008a80 f   hdns_fstack.obj
 0001:00007aa0       _hdns_fstack_pop           10008aa0 f   hdns_fstack.obj
 0001:00007b30       _hdns_fstack_destory       10008b30 f   hdns_fstack.obj
 0001:00007b50       _hdns_fstack_push          10008b50 f   hdns_fstack.obj
 0001:00007bc0       _hdns_http_controller_create 10008bc0 f   hdns_http.obj
 0001:00007c70       _hdns_http_request_create  10008c70 f   hdns_http.obj
 0001:00007d40       _hdns_http_response_create 10008d40 f   hdns_http.obj
 0001:00007e40       _hdns_http_should_retry    10008e40 f   hdns_http.obj
 0001:00007e90       _hdns_http_send_request    10008e90 f   hdns_http.obj
 0001:00008160       _hdns_ip_create            10009160 f   hdns_ip.obj
 0001:000081b0       _hdns_ip_cmp               100091b0 f   hdns_ip.obj
 0001:00008200       _hdns_ip_search            10009200 f   hdns_ip.obj
 0001:000082a0       _hdns_list_new             100092a0 f   hdns_list.obj
 0001:000082f0       _hdns_list_free            100092f0 f   hdns_list.obj
 0001:00008310       _hdns_list_add             10009310 f   hdns_list.obj
 0001:000083a0       _hdns_list_first           100093a0 f   hdns_list.obj
 0001:000083b0       _hdns_list_del             100093b0 f   hdns_list.obj
 0001:000083f0       _hdns_list_rotate          100093f0 f   hdns_list.obj
 0001:00008460       _hdns_list_dup             10009460 f   hdns_list.obj
 0001:000084c0       _hdns_list_get             100094c0 f   hdns_list.obj
 0001:00008520       _hdns_list_size            10009520 f   hdns_list.obj
 0001:00008570       _hdns_list_shuffle         10009570 f   hdns_list.obj
 0001:00008630       _hdns_list_contain         10009630 f   hdns_list.obj
 0001:00008690       _hdns_list_min             10009690 f   hdns_list.obj
 0001:00008700       _hdns_list_max             10009700 f   hdns_list.obj
 0001:00008770       _hdns_list_sort            10009770 f   hdns_list.obj
 0001:00008820       _hdns_list_search          10009820 f   hdns_list.obj
 0001:00008890       _hdns_list_is_end_node     10009890 f   hdns_list.obj
 0001:000088e0       _hdns_list_insert_tail     100098e0 f   hdns_list.obj
 0001:00008b30       _hdns_localdns_resolve     10009b30 f   hdns_localdns.obj
 0001:00008c40       _hdns_log_create           10009c40 f   hdns_log.obj
 0001:00008c60       _hdns_log_cleanup          10009c60 f   hdns_log.obj
 0001:00008c80       _hdns_log_set_print        10009c80 f   hdns_log.obj
 0001:00008c90       _hdns_log_set_format       10009c90 f   hdns_log.obj
 0001:00008ca0       _hdns_log_set_level        10009ca0 f   hdns_log.obj
 0001:00008cb0       _hdns_log_set_output       10009cb0 f   hdns_log.obj
 0001:00008d00       _hdns_log_print_default    10009d00 f   hdns_log.obj
 0001:00008d70       _hdns_log_format_default   10009d70 f   hdns_log.obj
 0001:00008fe0       ___local_stdio_printf_options 10009fe0 f i hdns_log.obj
 0001:00008ff0       __vfprintf_l               10009ff0 f i hdns_log.obj
 0001:00009030       _fprintf                   1000a030 f i hdns_log.obj
 0001:00009070       _vsnprintf                 1000a070 f i hdns_log.obj
 0001:000090e0       _hdns_net_detector_create  1000a0e0 f   hdns_net.obj
 0001:00009250       _hdns_net_detector_stop    1000a250 f   hdns_net.obj
 0001:000092a0       _hdns_net_detector_cleanup 1000a2a0 f   hdns_net.obj
 0001:00009360       _hdns_net_add_chg_cb_task  1000a360 f   hdns_net.obj
 0001:000094a0       _hdns_net_cancel_chg_cb_task 1000a4a0 f   hdns_net.obj
 0001:00009550       _hdns_net_add_speed_detect_task 1000a550 f   hdns_net.obj
 0001:00009660       _hdns_net_get_type         1000a660 f   hdns_net.obj
 0001:00009730       _hdns_net_is_changed       1000a730 f   hdns_net.obj
 0001:00009e20       _hdns_net_type_detector_update_cache 1000ae20 f   hdns_net.obj
 0001:0000aad0       _printf                    1000bad0 f i hdns_net.obj
 0001:0000ab20       _hdns_resv_resp_create_empty 1000bb20 f   hdns_resolver.obj
 0001:0000abd0       _hdns_resv_req_valid       1000bbd0 f   hdns_resolver.obj
 0001:0000ade0       _hdns_resv_req_new         1000bde0 f   hdns_resolver.obj
 0001:0000af80       _hdns_resv_req_free        1000bf80 f   hdns_resolver.obj
 0001:0000afb0       _hdns_resv_req_clone       1000bfb0 f   hdns_resolver.obj
 0001:0000b160       _hdns_resv_send_req        1000c160 f   hdns_resolver.obj
 0001:0000b3f0       _hdns_resv_resp_clone      1000c3f0 f   hdns_resolver.obj
 0001:0000b500       _hdns_resv_resp_destroy    1000c500 f   hdns_resolver.obj
 0001:0000b520       _hdns_parse_resv_resp      1000c520 f   hdns_resolver.obj
 0001:0000b580       _hdns_resv_resp_to_str     1000c580 f   hdns_resolver.obj
 0001:0000c550       _hdns_scheduler_create     1000d550 f   hdns_scheduler.obj
 0001:0000c710       _hdns_scheduler_refresh_async 1000d710 f   hdns_scheduler.obj
 0001:0000c7e0       _hdns_scheduler_failover   1000d7e0 f   hdns_scheduler.obj
 0001:0000c8f0       _hdns_scheduler_get        1000d8f0 f   hdns_scheduler.obj
 0001:0000ca50       _hdns_scheduler_cleanup    1000da50 f   hdns_scheduler.obj
 0001:0000cb20       _hdns_scheduler_refresh_resolvers 1000db20 f   hdns_scheduler.obj
 0001:0000d680       _hdns_net_speed_resolver_cb_fn 1000e680 f   hdns_scheduler.obj
 0001:0000dc30       __vsnprintf_l              1000ec30 f i hdns_scheduler.obj
 0001:0000dca0       __vsprintf_l               1000eca0 f i hdns_scheduler.obj
 0001:0000dcd0       _sprintf                   1000ecd0 f i hdns_scheduler.obj
 0001:0000dd10       _hdns_session_pool_init    1000ed10 f   hdns_session.obj
 0001:0000ded0       _hdns_session_require      1000eed0 f   hdns_session.obj
 0001:0000df50       _hdns_session_release      1000ef50 f   hdns_session.obj
 0001:0000dfc0       _hdns_session_pool_cleanup 1000efc0 f   hdns_session.obj
 0001:0000e140       _hdns_gen_resv_req_sign    1000f140 f   hdns_sign.obj
 0001:0000e160       _hdns_gen_sched_req_sign   1000f160 f   hdns_sign.obj
 0001:0000e340       _hdns_status_is_ok         1000f340 f   hdns_status.obj
 0001:0000e370       _hdns_status_ok            1000f370 f   hdns_status.obj
 0001:0000eac0       _hdns_status_error         1000fac0 f   hdns_status.obj
 0001:0000ee50       _hdns_strip_space          1000fe50 f   hdns_string.obj
 0001:0000ee70       _hdns_trip_space_and_cntrl 1000fe70 f   hdns_string.obj
 0001:0000ee90       _hdns_unquote_str          1000fe90 f   hdns_string.obj
 0001:0000eeb0       _hdns_pstrdup              1000feb0 f   hdns_string.obj
 0001:0000eed0       _hdns_ends_with            1000fed0 f   hdns_string.obj
 0001:0000ef40       _hdns_str_search           1000ff40 f   hdns_string.obj
 0001:0000ef90       _hdns_str_start_with       1000ff90 f   hdns_string.obj
 0001:0000f190       _hdns_http_transport_create 10010190 f   hdns_transport.obj
 0001:0000f2c0       _hdns_http_transport_perform 100102c0 f   hdns_transport.obj
 0001:00010a60       _hdns_curl_response_headers_parse 10011a60 f   hdns_transport.obj
 0001:00011170       _hdns_get_user_home_dir    10012170 f   hdns_utils.obj
 0001:00011230       _hdns_is_valid_ipv6        10012230 f   hdns_utils.obj
 0001:00011290       _hdns_is_valid_ipv4        10012290 f   hdns_utils.obj
 0001:000112e0       _hdns_md5                  100122e0 f   hdns_utils.obj
 0001:00011340       _hdns_encode_hex           10012340 f   hdns_utils.obj
 0001:000114c0       ___local_stdio_scanf_options 100124c0 f i cjson:cJSON.c.obj
 0001:000114d0       __vsscanf_l                100124d0 f i cjson:cJSON.c.obj
 0001:00011670       _cJSON_AddArrayToObject@8  10012670 f   cjson:cJSON.c.obj
 0001:000116c0       _cJSON_AddBoolToObject@12  100126c0 f   cjson:cJSON.c.obj
 0001:00011710       _cJSON_AddFalseToObject@8  10012710 f   cjson:cJSON.c.obj
 0001:00011760       _cJSON_AddItemReferenceToArray@8 10012760 f   cjson:cJSON.c.obj
 0001:000117a0       _cJSON_AddItemReferenceToObject@12 100127a0 f   cjson:cJSON.c.obj
 0001:000117f0       _cJSON_AddItemToArray@8    100127f0 f   cjson:cJSON.c.obj
 0001:00011810       _cJSON_AddItemToObject@12  10012810 f   cjson:cJSON.c.obj
 0001:00011840       _cJSON_AddItemToObjectCS@12 10012840 f   cjson:cJSON.c.obj
 0001:00011870       _cJSON_AddNullToObject@8   10012870 f   cjson:cJSON.c.obj
 0001:000118c0       _cJSON_AddNumberToObject@16 100128c0 f   cjson:cJSON.c.obj
 0001:00011920       _cJSON_AddObjectToObject@8 10012920 f   cjson:cJSON.c.obj
 0001:00011970       _cJSON_AddRawToObject@12   10012970 f   cjson:cJSON.c.obj
 0001:000119c0       _cJSON_AddStringToObject@12 100129c0 f   cjson:cJSON.c.obj
 0001:00011a10       _cJSON_AddTrueToObject@8   10012a10 f   cjson:cJSON.c.obj
 0001:00011a60       _cJSON_Compare@12          10012a60 f   cjson:cJSON.c.obj
 0001:00011da0       _cJSON_CreateArray@0       10012da0 f   cjson:cJSON.c.obj
 0001:00011dc0       _cJSON_CreateArrayReference@4 10012dc0 f   cjson:cJSON.c.obj
 0001:00011e00       _cJSON_CreateBool@4        10012e00 f   cjson:cJSON.c.obj
 0001:00011e30       _cJSON_CreateDoubleArray@8 10012e30 f   cjson:cJSON.c.obj
 0001:00011ef0       _cJSON_CreateFalse@0       10012ef0 f   cjson:cJSON.c.obj
 0001:00011f10       _cJSON_CreateFloatArray@8  10012f10 f   cjson:cJSON.c.obj
 0001:00011fe0       _cJSON_CreateIntArray@8    10012fe0 f   cjson:cJSON.c.obj
 0001:000120b0       _cJSON_CreateNull@0        100130b0 f   cjson:cJSON.c.obj
 0001:000120d0       _cJSON_CreateNumber@8      100130d0 f   cjson:cJSON.c.obj
 0001:00012150       _cJSON_CreateObject@0      10013150 f   cjson:cJSON.c.obj
 0001:00012170       _cJSON_CreateObjectReference@4 10013170 f   cjson:cJSON.c.obj
 0001:000121b0       _cJSON_CreateRaw@4         100131b0 f   cjson:cJSON.c.obj
 0001:00012210       _cJSON_CreateString@4      10013210 f   cjson:cJSON.c.obj
 0001:00012270       _cJSON_CreateStringArray@8 10013270 f   cjson:cJSON.c.obj
 0001:00012310       _cJSON_CreateStringReference@4 10013310 f   cjson:cJSON.c.obj
 0001:00012350       _cJSON_CreateTrue@0        10013350 f   cjson:cJSON.c.obj
 0001:00012370       _cJSON_Delete@4            10013370 f   cjson:cJSON.c.obj
 0001:00012410       _cJSON_DeleteItemFromArray@8 10013410 f   cjson:cJSON.c.obj
 0001:00012430       _cJSON_DeleteItemFromObject@8 10013430 f   cjson:cJSON.c.obj
 0001:00012450       _cJSON_DeleteItemFromObjectCaseSensitive@8 10013450 f   cjson:cJSON.c.obj
 0001:00012470       _cJSON_DetachItemFromArray@8 10013470 f   cjson:cJSON.c.obj
 0001:000124b0       _cJSON_DetachItemFromObject@8 100134b0 f   cjson:cJSON.c.obj
 0001:000124d0       _cJSON_DetachItemFromObjectCaseSensitive@8 100134d0 f   cjson:cJSON.c.obj
 0001:000124f0       _cJSON_DetachItemViaPointer@8 100134f0 f   cjson:cJSON.c.obj
 0001:00012580       _cJSON_Duplicate@8         10013580 f   cjson:cJSON.c.obj
 0001:000126b0       _cJSON_GetArrayItem@8      100136b0 f   cjson:cJSON.c.obj
 0001:000126e0       _cJSON_GetArraySize@4      100136e0 f   cjson:cJSON.c.obj
 0001:00012710       _cJSON_GetErrorPtr@0       10013710 f   cjson:cJSON.c.obj
 0001:00012720       _cJSON_GetNumberValue@4    10013720 f   cjson:cJSON.c.obj
 0001:00012750       _cJSON_GetObjectItem@8     10013750 f   cjson:cJSON.c.obj
 0001:00012770       _cJSON_GetObjectItemCaseSensitive@8 10013770 f   cjson:cJSON.c.obj
 0001:00012790       _cJSON_GetStringValue@4    10013790 f   cjson:cJSON.c.obj
 0001:000127b0       _cJSON_HasObjectItem@8     100137b0 f   cjson:cJSON.c.obj
 0001:000127d0       _cJSON_InitHooks@4         100137d0 f   cjson:cJSON.c.obj
 0001:00012880       _cJSON_InsertItemInArray@12 10013880 f   cjson:cJSON.c.obj
 0001:00012910       _cJSON_IsArray@4           10013910 f   cjson:cJSON.c.obj
 0001:00012930       _cJSON_IsBool@4            10013930 f   cjson:cJSON.c.obj
 0001:00012950       _cJSON_IsFalse@4           10013950 f   cjson:cJSON.c.obj
 0001:00012970       _cJSON_IsInvalid@4         10013970 f   cjson:cJSON.c.obj
 0001:00012990       _cJSON_IsNull@4            10013990 f   cjson:cJSON.c.obj
 0001:000129b0       _cJSON_IsNumber@4          100139b0 f   cjson:cJSON.c.obj
 0001:000129d0       _cJSON_IsObject@4          100139d0 f   cjson:cJSON.c.obj
 0001:000129f0       _cJSON_IsRaw@4             100139f0 f   cjson:cJSON.c.obj
 0001:00012a10       _cJSON_IsString@4          10013a10 f   cjson:cJSON.c.obj
 0001:00012a30       _cJSON_IsTrue@4            10013a30 f   cjson:cJSON.c.obj
 0001:00012a50       _cJSON_Minify@4            10013a50 f   cjson:cJSON.c.obj
 0001:00012ba0       _cJSON_Parse@4             10013ba0 f   cjson:cJSON.c.obj
 0001:00012bc0       _cJSON_ParseWithLength@8   10013bc0 f   cjson:cJSON.c.obj
 0001:00012be0       _cJSON_ParseWithLengthOpts@16 10013be0 f   cjson:cJSON.c.obj
 0001:00012d50       _cJSON_ParseWithOpts@12    10013d50 f   cjson:cJSON.c.obj
 0001:00012d90       _cJSON_Print@4             10013d90 f   cjson:cJSON.c.obj
 0001:00012db0       _cJSON_PrintBuffered@12    10013db0 f   cjson:cJSON.c.obj
 0001:00012e70       _cJSON_PrintPreallocated@16 10013e70 f   cjson:cJSON.c.obj
 0001:00012f00       _cJSON_PrintUnformatted@4  10013f00 f   cjson:cJSON.c.obj
 0001:00012f20       _cJSON_ReplaceItemInArray@12 10013f20 f   cjson:cJSON.c.obj
 0001:00012f60       _cJSON_ReplaceItemInObject@12 10013f60 f   cjson:cJSON.c.obj
 0001:00012f80       _cJSON_ReplaceItemInObjectCaseSensitive@12 10013f80 f   cjson:cJSON.c.obj
 0001:00012fa0       _cJSON_ReplaceItemViaPointer@12 10013fa0 f   cjson:cJSON.c.obj
 0001:00013040       _cJSON_SetNumberHelper@12  10014040 f   cjson:cJSON.c.obj
 0001:000130b0       _cJSON_SetValuestring@8    100140b0 f   cjson:cJSON.c.obj
 0001:00013170       _cJSON_Version@0           10014170 f   cjson:cJSON.c.obj
 0001:000131a0       _cJSON_free@4              100141a0 f   cjson:cJSON.c.obj
 0001:000131c0       _cJSON_malloc@4            100141c0 f   cjson:cJSON.c.obj
 0001:00014d80       _sscanf                    10015d80 f i cjson:cJSON.c.obj
 0001:00014f98       _apr_strerror@12           10015f98 f   libapr:libapr.dll
 0001:00014f9e       _apr_initialize@0          10015f9e f   libapr:libapr.dll
 0001:00014fa4       _apr_terminate             10015fa4 f   libapr:libapr.dll
 0001:00014faa       _apr_allocator_max_free_set@8 10015faa f   libapr:libapr.dll
 0001:00014fb0       _apr_thread_mutex_lock@4   10015fb0 f   libapr:libapr.dll
 0001:00014fb6       _apr_thread_mutex_unlock@4 10015fb6 f   libapr:libapr.dll
 0001:00014fbc       _apr_pool_create_ex@16     10015fbc f   libapr:libapr.dll
 0001:00014fc2       _apr_pool_allocator_get@4  10015fc2 f   libapr:libapr.dll
 0001:00014fc8       _apr_pool_destroy@4        10015fc8 f   libapr:libapr.dll
 0001:00014fce       _apr_palloc@8              10015fce f   libapr:libapr.dll
 0001:00014fd4       _apr_table_set@12          10015fd4 f   libapr:libapr.dll
 0001:00014fda       _apr_file_open@20          10015fda f   libapr:libapr.dll
 0001:00014fe0       _apr_file_close@4          10015fe0 f   libapr:libapr.dll
 0001:00014fe6       _apr_pstrdup@8             10015fe6 f   libapr:libapr.dll
 0001:00014fec       _apr_hash_set@16           10015fec f   libapr:libapr.dll
 0001:00014ff2       _apr_thread_mutex_create@12 10015ff2 f   libapr:libapr.dll
 0001:00014ff8       _apr_thread_mutex_destroy@4 10015ff8 f   libapr:libapr.dll
 0001:00014ffe       _apr_hash_make@4           10015ffe f   libapr:libapr.dll
 0001:00015004       _apr_hash_get@12           10016004 f   libapr:libapr.dll
 0001:0001500a       _apr_hash_clear@4          1001600a f   libapr:libapr.dll
 0001:00015010       _apr_hash_do@12            10016010 f   libapr:libapr.dll
 0001:00015016       _apr_time_now@0            10016016 f   libapr:libapr.dll
 0001:0001501c       _apr_array_make@12         1001601c f   libapr:libapr.dll
 0001:00015022       _apr_array_push@4          10016022 f   libapr:libapr.dll
 0001:00015028       _apr_array_clear@4         10016028 f   libapr:libapr.dll
 0001:0001502e       _apr_array_pstrcat@12      1001602e f   libapr:libapr.dll
 0001:00015034       _apr_pstrcat               10016034 f   libapr:libapr.dll
 0001:0001503a       _apr_stat@16               1001603a f   libapr:libapr.dll
 0001:00015040       _apr_file_write@12         10016040 f   libapr:libapr.dll
 0001:00015046       _apr_file_read_full@16     10016046 f   libapr:libapr.dll
 0001:0001504c       _apr_dir_make@12           1001604c f   libapr:libapr.dll
 0001:00015052       _apr_array_pop@4           10016052 f   libapr:libapr.dll
 0001:00015058       _apr_table_make@8          10016058 f   libapr:libapr.dll
 0001:0001505e       _apr_sockaddr_info_get@24  1001605e f   libapr:libapr.dll
 0001:00015064       _apr_sockaddr_ip_get@8     10016064 f   libapr:libapr.dll
 0001:0001506a       _apr_time_exp_lt@12        1001606a f   libapr:libapr.dll
 0001:00015070       _apr_os_thread_current@0   10016070 f   libapr:libapr.dll
 0001:00015076       _apr_snprintf              10016076 f   libapr:libapr.dll
 0001:0001507c       _apr_sleep@8               1001607c f   libapr:libapr.dll
 0001:00015082       _apr_socket_create@20      10016082 f   libapr:libapr.dll
 0001:00015088       _apr_socket_close@4        10016088 f   libapr:libapr.dll
 0001:0001508e       _apr_socket_connect@8      1001608e f   libapr:libapr.dll
 0001:00015094       _apr_atomic_read32@4       10016094 f   libapr:libapr.dll
 0001:0001509a       _apr_atomic_inc32@4        1001609a f   libapr:libapr.dll
 0001:000150a0       _apr_atomic_dec32@4        100160a0 f   libapr:libapr.dll
 0001:000150a6       _apr_thread_cond_create@8  100160a6 f   libapr:libapr.dll
 0001:000150ac       _apr_thread_cond_timedwait@16 100160ac f   libapr:libapr.dll
 0001:000150b2       _apr_thread_cond_signal@4  100160b2 f   libapr:libapr.dll
 0001:000150b8       _apr_thread_cond_broadcast@4 100160b8 f   libapr:libapr.dll
 0001:000150be       _apr_thread_cond_destroy@4 100160be f   libapr:libapr.dll
 0001:000150c4       _apr_is_empty_table@4      100160c4 f   libapr:libapr.dll
 0001:000150ca       _apr_table_copy@8          100160ca f   libapr:libapr.dll
 0001:000150d0       _apr_table_overlap@12      100160d0 f   libapr:libapr.dll
 0001:000150d6       _apr_itoa@8                100160d6 f   libapr:libapr.dll
 0001:000150dc       _apr_generate_random_bytes@8 100160dc f   libapr:libapr.dll
 0001:000150e2       _apr_pstrndup@12           100160e2 f   libapr:libapr.dll
 0001:000150e8       _apr_table_elts@4          100160e8 f   libapr:libapr.dll
 0001:000150ee       _apr_table_addn@12         100160ee f   libapr:libapr.dll
 0001:000150f4       _apr_psprintf              100160f4 f   libapr:libapr.dll
 0001:000150fa       _apr_env_get@12            100160fa f   libapr:libapr.dll
 0001:00015100       _apr_thread_pool_create@16 10016100 f   libaprutil:libaprutil.dll
 0001:00015106       _apr_thread_pool_destroy@4 10016106 f   libaprutil:libaprutil.dll
 0001:0001510c       _apr_thread_pool_push@20   1001610c f   libaprutil:libaprutil.dll
 0001:00015112       _apr_thread_pool_schedule@24 10016112 f   libaprutil:libaprutil.dll
 0001:00015118       _apr_thread_pool_tasks_cancel@8 10016118 f   libaprutil:libaprutil.dll
 0001:0001511e       _apr_thread_pool_idle_wait_set@12 1001611e f   libaprutil:libaprutil.dll
 0001:00015124       _apr_md5_init@4            10016124 f   libaprutil:libaprutil.dll
 0001:0001512a       _apr_md5_update@12         1001612a f   libaprutil:libaprutil.dll
 0001:00015130       _apr_md5_final@8           10016130 f   libaprutil:libaprutil.dll
 0001:00015136       _curl_global_init          10016136 f   libcurl.dll:libcurl.dll
 0001:0001513c       _curl_global_cleanup       1001613c f   libcurl.dll:libcurl.dll
 0001:00015142       _curl_easy_strerror        10016142 f   libcurl.dll:libcurl.dll
 0001:00015148       _curl_easy_init            10016148 f   libcurl.dll:libcurl.dll
 0001:0001514e       _curl_easy_cleanup         1001614e f   libcurl.dll:libcurl.dll
 0001:00015154       _curl_easy_reset           10016154 f   libcurl.dll:libcurl.dll
 0001:0001515a       _curl_slist_append         1001615a f   libcurl.dll:libcurl.dll
 0001:00015160       _curl_slist_free_all       10016160 f   libcurl.dll:libcurl.dll
 0001:00015166       _curl_easy_setopt          10016166 f   libcurl.dll:libcurl.dll
 0001:0001516c       _curl_easy_perform         1001616c f   libcurl.dll:libcurl.dll
 0001:00015172       _curl_easy_getinfo         10016172 f   libcurl.dll:libcurl.dll
 0001:00015178       @__security_check_cookie@4 10016178 f   MSVCRT:secchk.obj
 0001:00015190       __allmul                   10016190 f   MSVCRT:llmul.obj
 0001:000151e0       __alldiv                   100161e0 f   MSVCRT:lldiv.obj
 0001:000152b4       ___raise_securityfailure   100162b4 f   MSVCRT:gs_report.obj
 0001:000152e6       ___report_gsfailure        100162e6 f   MSVCRT:gs_report.obj
 0001:0001541f       ___report_rangecheckfailure 1001641f f   MSVCRT:gs_report.obj
 0001:0001542f       ___report_securityfailure  1001642f f   MSVCRT:gs_report.obj
 0001:00015533       ___report_securityfailureEx 10016533 f   MSVCRT:gs_report.obj
 0001:00015690       __alloca_probe             10016690 f   MSVCRT:chkstk.obj
 0001:00015690       __chkstk                   10016690 f   MSVCRT:chkstk.obj
 0001:00015ad2       __CRT_INIT@12              10016ad2 f   MSVCRT:dll_dllmain.obj
 0001:00015add       __DllMainCRTStartup@12     10016add f   MSVCRT:dll_dllmain.obj
 0001:00015b68       ___security_init_cookie    10016b68 f   MSVCRT:gs_support.obj
 0001:00015bc5       _DllMain@12                10016bc5 f   MSVCRT:dll_dllmain_stub.obj
 0001:00015bef       ?__scrt_initialize_type_info@@YAXXZ 10016bef f   MSVCRT:tncleanup.obj
 0001:00015bfe       ?__scrt_uninitialize_type_info@@YAXXZ 10016bfe f   MSVCRT:tncleanup.obj
 0001:00015c0d       ___scrt_initialize_default_local_stdio_options 10016c0d f   MSVCRT:default_local_stdio_options.obj
 0001:00015c31       ?configure_argv@__scrt_narrow_argv_policy@@SAHXZ 10016c31 f i MSVCRT:utility.obj
 0001:00015c96       ?initialize_environment@__scrt_narrow_environment_policy@@SAHXZ 10016c96 f i MSVCRT:utility.obj
 0001:00015cda       _NtCurrentTeb              10016cda f i MSVCRT:utility.obj
 0001:00015ce1       ___scrt_acquire_startup_lock 10016ce1 f   MSVCRT:utility.obj
 0001:00015d1f       ___scrt_dllmain_after_initialize_c 10016d1f f   MSVCRT:utility.obj
 0001:00015d54       ___scrt_dllmain_before_initialize_c 10016d54 f   MSVCRT:utility.obj
 0001:00015d65       ___scrt_dllmain_crt_thread_attach 10016d65 f   MSVCRT:utility.obj
 0001:00015d8b       ___scrt_dllmain_crt_thread_detach 10016d8b f   MSVCRT:utility.obj
 0001:00015d9b       ___scrt_dllmain_exception_filter 10016d9b f   MSVCRT:utility.obj
 0001:00015ddc       ___scrt_dllmain_uninitialize_c 10016ddc f   MSVCRT:utility.obj
 0001:00015e07       ___scrt_dllmain_uninitialize_critical 10016e07 f   MSVCRT:utility.obj
 0001:00015e17       ___scrt_initialize_crt     10016e17 f   MSVCRT:utility.obj
 0001:00015e5e       ___scrt_initialize_onexit_tables 10016e5e f   MSVCRT:utility.obj
 0001:00015f06       ___scrt_is_nonwritable_in_current_image 10016f06 f   MSVCRT:utility.obj
 0001:00015fbf       ___scrt_release_startup_lock 10016fbf f   MSVCRT:utility.obj
 0001:00015fe3       ___scrt_uninitialize_crt   10016fe3 f   MSVCRT:utility.obj
 0001:00016015       __onexit                   10017015 f   MSVCRT:utility.obj
 0001:0001604d       _at_quick_exit             1001704d f   MSVCRT:utility.obj
 0001:00016078       _atexit                    10017078 f   MSVCRT:utility.obj
 0001:00016092       ___scrt_get_dyn_tls_init_callback 10017092 f   MSVCRT:dyn_tls_init.obj
 0001:00016098       ___scrt_fastfail           10017098 f   MSVCRT:utility_desktop.obj
 0001:000161f2       ___scrt_get_show_window_mode 100171f2 f   MSVCRT:utility_desktop.obj
 0001:0001622f       ___scrt_initialize_mta     1001722f f   MSVCRT:utility_desktop.obj
 0001:00016234       ___scrt_initialize_winrt   10017234 f   MSVCRT:utility_desktop.obj
 0001:00016237       ___scrt_is_managed_app     10017237 f   MSVCRT:utility_desktop.obj
 0001:00016289       ___scrt_set_unhandled_exception_filter 10017289 f   MSVCRT:utility_desktop.obj
 0001:00016298       ___scrt_exe_initialize_mta 10017298 f   MSVCRT:utility_desktop.obj
 0001:00016298       ___scrt_stub_for_initialize_mta 10017298 f   MSVCRT:utility_desktop.obj
 0001:0001629b       ___scrt_unhandled_exception_filter@4 1001729b f   MSVCRT:utility_desktop.obj
 0001:00016306       __crt_debugger_hook        10017306 f   MSVCRT:utility_desktop.obj
 0001:00016310       __RTC_Initialize           10017310 f   MSVCRT:initsect.obj
 0001:00016347       __RTC_Terminate            10017347 f   MSVCRT:initsect.obj
 0001:00016380       __SEH_prolog4              10017380 f   MSVCRT:sehprolg4.obj
 0001:000163e0       __SEH_epilog4              100173e0 f   MSVCRT:sehprolg4.obj
 0001:000163f9       __except_handler4          100173f9 f   MSVCRT:chandler4gs.obj
 0001:00016433       @_guard_check_icall_nop@4  10017433 f i MSVCRT:guard_support.obj
 0001:00016436       _ReadNoFence               10017436 f i MSVCRT:guard_support.obj
 0001:00016442       _ReadPointerNoFence        10017442 f i MSVCRT:guard_support.obj
 0001:0001644e       __InlineInterlockedExchangePointer 1001744e f i MSVCRT:guard_support.obj
 0001:0001645e       ___castguard_check_failure_debugbreak 1001745e f i MSVCRT:guard_support.obj
 0001:0001647f       ___castguard_check_failure_fastfail 1001747f f i MSVCRT:guard_support.obj
 0001:000164a5       ___castguard_check_failure_nop 100174a5 f i MSVCRT:guard_support.obj
 0001:000164a8       ___castguard_check_failure_os_handled 100174a8 f i MSVCRT:guard_support.obj
 0001:000164ec       ___castguard_check_failure_user_handled 100174ec f i MSVCRT:guard_support.obj
 0001:00016574       ___castguard_set_user_handler 10017574 f i MSVCRT:guard_support.obj
 0001:00016586       ___castguard_slow_path_check_debugbreak 10017586 f i MSVCRT:guard_support.obj
 0001:000165be       ___castguard_slow_path_check_fastfail 100175be f i MSVCRT:guard_support.obj
 0001:000165fb       ___castguard_slow_path_check_nop 100175fb f i MSVCRT:guard_support.obj
 0001:000165fe       ___castguard_slow_path_check_os_handled 100175fe f i MSVCRT:guard_support.obj
 0001:00016649       ___castguard_slow_path_check_user_handled 10017649 f i MSVCRT:guard_support.obj
 0001:000166c1       __guard_icall_checks_enforced 100176c1 f i MSVCRT:guard_support.obj
 0001:000166d7       ___isa_available_init      100176d7 f   MSVCRT:cpu_disp.obj
 0001:00016acf       __get_startup_argv_mode    10017acf f   MSVCRT:argv_mode.obj
 0001:00016ad3       ___scrt_is_ucrt_dll_in_use 10017ad3 f   MSVCRT:ucrt_detection.obj
 0001:00016ae2       _closesocket@4             10017ae2 f   ws2_32:WS2_32.dll
 0001:00016ae8       _socket@12                 10017ae8 f   ws2_32:WS2_32.dll
 0001:00016aee       _gethostname@8             10017aee f   ws2_32:WS2_32.dll
 0001:00016af4       _WSAStartup@8              10017af4 f   ws2_32:WS2_32.dll
 0001:00016afa       _WSACleanup@0              10017afa f   ws2_32:WS2_32.dll
 0001:00016b00       _WSAGetLastError@0         10017b00 f   ws2_32:WS2_32.dll
 0001:00016b06       _getaddrinfo@16            10017b06 f   ws2_32:WS2_32.dll
 0001:00016b0c       _freeaddrinfo@4            10017b0c f   ws2_32:WS2_32.dll
 0001:00016b12       _inet_ntop@16              10017b12 f   ws2_32:WS2_32.dll
 0001:00016b18       _inet_pton@12              10017b18 f   ws2_32:WS2_32.dll
 0001:00016b1e       _memcpy                    10017b1e f   vcruntime:VCRUNTIME140.dll
 0001:00016b24       _memset                    10017b24 f   vcruntime:VCRUNTIME140.dll
 0001:00016b2a       ___std_type_info_destroy_list 10017b2a f   vcruntime:VCRUNTIME140.dll
 0001:00016b30       ___current_exception       10017b30 f   vcruntime:VCRUNTIME140.dll
 0001:00016b36       ___current_exception_context 10017b36 f   vcruntime:VCRUNTIME140.dll
 0001:00016b3c       __except_handler4_common   10017b3c f   vcruntime:VCRUNTIME140.dll
 0001:00016b42       _srand                     10017b42 f   ucrt:api-ms-win-crt-utility-l1-1-0.dll
 0001:00016b48       _rand                      10017b48 f   ucrt:api-ms-win-crt-utility-l1-1-0.dll
 0001:00016b4e       _strcmp                    10017b4e f   ucrt:api-ms-win-crt-string-l1-1-0.dll
 0001:00016b54       _strcpy                    10017b54 f   ucrt:api-ms-win-crt-string-l1-1-0.dll
 0001:00016b5a       _strlen                    10017b5a f   ucrt:api-ms-win-crt-string-l1-1-0.dll
 0001:00016b60       __time64                   10017b60 f   ucrt:api-ms-win-crt-time-l1-1-0.dll
 0001:00016b66       ___acrt_iob_func           10017b66 f   ucrt:api-ms-win-crt-stdio-l1-1-0.dll
 0001:00016b6c       ___stdio_common_vfprintf   10017b6c f   ucrt:api-ms-win-crt-stdio-l1-1-0.dll
 0001:00016b72       ___stdio_common_vsprintf   10017b72 f   ucrt:api-ms-win-crt-stdio-l1-1-0.dll
 0001:00016b78       _strncmp                   10017b78 f   ucrt:api-ms-win-crt-string-l1-1-0.dll
 0001:00016b7e       _strncpy                   10017b7e f   ucrt:api-ms-win-crt-string-l1-1-0.dll
 0001:00016b84       _isalnum                   10017b84 f   ucrt:api-ms-win-crt-string-l1-1-0.dll
 0001:00016b8a       ___stdio_common_vsscanf    10017b8a f   ucrt:api-ms-win-crt-stdio-l1-1-0.dll
 0001:00016b90       _free                      10017b90 f   ucrt:api-ms-win-crt-heap-l1-1-0.dll
 0001:00016b96       _malloc                    10017b96 f   ucrt:api-ms-win-crt-heap-l1-1-0.dll
 0001:00016b9c       _realloc                   10017b9c f   ucrt:api-ms-win-crt-heap-l1-1-0.dll
 0001:00016ba2       _strtod                    10017ba2 f   ucrt:api-ms-win-crt-convert-l1-1-0.dll
 0001:00016ba8       _tolower                   10017ba8 f   ucrt:api-ms-win-crt-string-l1-1-0.dll
 0001:00016bae       _localeconv                10017bae f   ucrt:api-ms-win-crt-locale-l1-1-0.dll
 0001:00016bb4       __dclass                   10017bb4 f   ucrt:api-ms-win-crt-math-l1-1-0.dll
 0001:00016bba       __initterm                 10017bba f   ucrt:api-ms-win-crt-runtime-l1-1-0.dll
 0001:00016bc0       __initterm_e               10017bc0 f   ucrt:api-ms-win-crt-runtime-l1-1-0.dll
 0001:00016bc6       __seh_filter_dll           10017bc6 f   ucrt:api-ms-win-crt-runtime-l1-1-0.dll
 0001:00016bcc       __configure_narrow_argv    10017bcc f   ucrt:api-ms-win-crt-runtime-l1-1-0.dll
 0001:00016bd2       __initialize_narrow_environment 10017bd2 f   ucrt:api-ms-win-crt-runtime-l1-1-0.dll
 0001:00016bd8       __initialize_onexit_table  10017bd8 f   ucrt:api-ms-win-crt-runtime-l1-1-0.dll
 0001:00016bde       __register_onexit_function 10017bde f   ucrt:api-ms-win-crt-runtime-l1-1-0.dll
 0001:00016be4       __execute_onexit_table     10017be4 f   ucrt:api-ms-win-crt-runtime-l1-1-0.dll
 0001:00016bea       __crt_atexit               10017bea f   ucrt:api-ms-win-crt-runtime-l1-1-0.dll
 0001:00016bf0       __crt_at_quick_exit        10017bf0 f   ucrt:api-ms-win-crt-runtime-l1-1-0.dll
 0001:00016bf6       __cexit                    10017bf6 f   ucrt:api-ms-win-crt-runtime-l1-1-0.dll
 0001:00016bfc       _terminate                 10017bfc f   ucrt:api-ms-win-crt-runtime-l1-1-0.dll
 0001:00016c02       _UnhandledExceptionFilter@4 10017c02 f   kernel32:KERNEL32.dll
 0001:00016c08       _SetUnhandledExceptionFilter@4 10017c08 f   kernel32:KERNEL32.dll
 0001:00016c0e       _GetCurrentProcess@0       10017c0e f   kernel32:KERNEL32.dll
 0001:00016c14       _TerminateProcess@8        10017c14 f   kernel32:KERNEL32.dll
 0001:00016c1a       _IsProcessorFeaturePresent@4 10017c1a f   kernel32:KERNEL32.dll
 0001:00016c20       _QueryPerformanceCounter@4 10017c20 f   kernel32:KERNEL32.dll
 0001:00016c26       _GetCurrentProcessId@0     10017c26 f   kernel32:KERNEL32.dll
 0001:00016c2c       _GetCurrentThreadId@0      10017c2c f   kernel32:KERNEL32.dll
 0001:00016c32       _GetSystemTimeAsFileTime@4 10017c32 f   kernel32:KERNEL32.dll
 0001:00016c38       _DisableThreadLibraryCalls@4 10017c38 f   kernel32:KERNEL32.dll
 0001:00016c3e       _InitializeSListHead@4     10017c3e f   kernel32:KERNEL32.dll
 0001:00016c44       _IsDebuggerPresent@0       10017c44 f   kernel32:KERNEL32.dll
 0001:00016c4a       _GetStartupInfoW@4         10017c4a f   kernel32:KERNEL32.dll
 0001:00016c50       _GetModuleHandleW@4        10017c50 f   kernel32:KERNEL32.dll
 0001:00016c56       ___acrt_initialize         10017c56 f   MSVCRT:ucrt_stubs.obj
 0001:00016c56       ___scrt_stub_for_acrt_initialize 10017c56 f   MSVCRT:ucrt_stubs.obj
 0001:00016c56       ___vcrt_initialize         10017c56 f   MSVCRT:ucrt_stubs.obj
 0001:00016c59       ___acrt_thread_attach      10017c59 f   MSVCRT:ucrt_stubs.obj
 0001:00016c59       ___scrt_stub_for_acrt_thread_attach 10017c59 f   MSVCRT:ucrt_stubs.obj
 0001:00016c59       ___vcrt_thread_attach      10017c59 f   MSVCRT:ucrt_stubs.obj
 0001:00016c5c       ___acrt_thread_detach      10017c5c f   MSVCRT:ucrt_stubs.obj
 0001:00016c5c       ___scrt_stub_for_acrt_thread_detach 10017c5c f   MSVCRT:ucrt_stubs.obj
 0001:00016c5c       ___vcrt_thread_detach      10017c5c f   MSVCRT:ucrt_stubs.obj
 0001:00016c5f       ___acrt_uninitialize       10017c5f f   MSVCRT:ucrt_stubs.obj
 0001:00016c5f       ___scrt_stub_for_acrt_uninitialize 10017c5f f   MSVCRT:ucrt_stubs.obj
 0001:00016c5f       ___vcrt_uninitialize       10017c5f f   MSVCRT:ucrt_stubs.obj
 0001:00016c62       ___acrt_uninitialize_critical 10017c62 f   MSVCRT:ucrt_stubs.obj
 0001:00016c62       ___scrt_stub_for_acrt_uninitialize_critical 10017c62 f   MSVCRT:ucrt_stubs.obj
 0001:00016c62       ___vcrt_uninitialize_critical 10017c62 f   MSVCRT:ucrt_stubs.obj
 0001:00016c65       ___scrt_stub_for_is_c_termination_complete 10017c65 f   MSVCRT:ucrt_stubs.obj
 0001:00016c65       __is_c_termination_complete 10017c65 f   MSVCRT:ucrt_stubs.obj
 0001:00016c68       __filter_x86_sse2_floating_point_exception 10017c68 f   MSVCRT:x86_exception_filter.obj
 0001:00016c68       __filter_x86_sse2_floating_point_exception_default 10017c68 f   MSVCRT:x86_exception_filter.obj
 0002:00000000       ___xc_a                    1001a000     MSVCRT:initializers.obj
 0002:00000104       ___xc_z                    1001a104     MSVCRT:initializers.obj
 0002:00000208       ___xi_a                    1001a208     MSVCRT:initializers.obj
 0002:0000030c       ___xi_z                    1001a30c     MSVCRT:initializers.obj
 0002:00000410       ___xp_a                    1001a410     MSVCRT:initializers.obj
 0002:00000514       ___xp_z                    1001a514     MSVCRT:initializers.obj
 0002:00000618       ___xt_a                    1001a618     MSVCRT:initializers.obj
 0002:0000071c       ___xt_z                    1001a71c     MSVCRT:initializers.obj
 0002:0000086c       _HDNS_INVALID_ARGUMENT_CODE 1001a86c     hdns_status.obj
 0002:0000087c       _HDNS_FAILED_VERIFICATION_CODE 1001a87c     hdns_status.obj
 0002:00000890       _HDNS_RESOLVE_FAIL_CODE    1001a890     hdns_status.obj
 0002:0000089c       _HDNS_OUT_MEMORY_CODE      1001a89c     hdns_status.obj
 0002:000008ac       _HDNS_SCHEDULE_FAIL_CODE   1001a8ac     hdns_status.obj
 0002:000008bc       _HDNS_OPEN_FILE_ERROR_CODE 1001a8bc     hdns_status.obj
 0002:000008e0       __real@412e848000000000    1001a8e0     hdns_transport.obj
 0002:000008f0       ??_C@_08IIKBNILN@?$CFi?4?$CFi?4?$CFi@ 1001a8f0     cjson:cJSON.c.obj
 0002:000008fc       ??_C@_04MLLLIHIP@null@     1001a8fc     cjson:cJSON.c.obj
 0002:00000904       ??_C@_02DPKJAMEF@?$CFd@    1001a904     cjson:cJSON.c.obj
 0002:00000908       ??_C@_06OEKDGAI@?$CF1?415g@ 1001a908     cjson:cJSON.c.obj
 0002:00000910       ??_C@_03CCCGLAML@?$CFlg@   1001a910     cjson:cJSON.c.obj
 0002:00000914       ??_C@_06NMOOCGG@?$CF1?417g@ 1001a914     cjson:cJSON.c.obj
 0002:0000091c       ??_C@_02JMMFPCED@?$CC?$CC@ 1001a91c     cjson:cJSON.c.obj
 0002:00000920       ??_C@_05CIFMCEEJ@u?$CF04x@ 1001a920     cjson:cJSON.c.obj
 0002:00000928       ??_C@_03PKPBNCAL@?o?$LL?$LP@ 1001a928     cjson:cJSON.c.obj
 0002:0000092c       ??_C@_05LAPONLG@false@     1001a92c     cjson:cJSON.c.obj
 0002:00000934       ??_C@_04LOAJBDKD@true@     1001a934     cjson:cJSON.c.obj
 0002:00000940       __real@3cb0000000000000    1001a940     cjson:cJSON.c.obj
 0002:00000950       __real@41dfffffffc00000    1001a950     cjson:cJSON.c.obj
 0002:00000960       __real@7ff8000000000000    1001a960     cjson:cJSON.c.obj
 0002:00000970       __real@c1e0000000000000    1001a970     cjson:cJSON.c.obj
 0002:00000980       __xmm@2e2e2e2e2e2e2e2e2e2e2e2e2e2e2e2e 1001a980     cjson:cJSON.c.obj
 0002:000009a0       __xmm@7fffffffffffffff7fffffffffffffff 1001a9a0     cjson:cJSON.c.obj
 0002:000009c0       __pDefaultRawDllMain       1001a9c0     MSVCRT:dll_dllmain.obj
 0002:000009c0       __pRawDllMain              1001a9c0     MSVCRT:dll_dllmain.obj
 0002:000009c8       __load_config_used         1001a9c8     MSVCRT:loadcfg.obj
 0002:00000c40       ___CastGuardVftablesStart  1001ac40     MSVCRT:guard_support.obj
 0002:00000dc0       ___CastGuardVftablesEnd    1001adc0     MSVCRT:guard_support.obj
 0002:00000f0c       ___safe_se_handler_table   1001af0c     <linker-defined>
 0002:0000119c       ___rtc_iaa                 1001b19c     MSVCRT:initsect.obj
 0002:000012a0       ___rtc_izz                 1001b2a0     MSVCRT:initsect.obj
 0002:000013a4       ___rtc_taa                 1001b3a4     MSVCRT:initsect.obj
 0002:000014a8       ___rtc_tzz                 1001b4a8     MSVCRT:initsect.obj
 0003:000010d0       _hdns_log_level            1001f0d0     hdns_log.obj
 0003:000010d4       _hdns_log_format           1001f0d4     hdns_log.obj
 0003:000010d8       _hdns_log_print            1001f0d8     hdns_log.obj
 0003:00003c80       ___security_cookie         10021c80     MSVCRT:gs_cookie.obj
 0003:00003cc0       ___security_cookie_complement 10021cc0     MSVCRT:gs_cookie.obj
 0003:00003ce0       __fltused                  10021ce0     MSVCRT:fltused.obj
 0003:00003ce4       ___scrt_native_dllmain_reason 10021ce4     MSVCRT:utility.obj
 0003:00003cf0       ___isa_inverted            10021cf0     MSVCRT:cpu_disp.obj
 0003:00003cf8       ___isa_enabled             10021cf8     MSVCRT:cpu_disp.obj
 0003:00003d00       ___scrt_ucrt_dll_is_in_use 10021d00     MSVCRT:ucrt_stubs.obj
 0003:00003e2c       _hdns_stdout_file          10021e2c     hdns_log.obj
 0003:00003e30       _hdns_print_lock           10021e30     hdns_log.obj
 0003:000042c8       ?__type_info_root_node@@3U__type_info_node@@A 100222c8     MSVCRT:tncleanup.obj
 0003:000042d8       ?_OptionsStorage@?1??__local_stdio_printf_options@@9@4_KA 100222d8     MSVCRT:default_local_stdio_options.obj
 0003:000042e8       ?_OptionsStorage@?1??__local_stdio_scanf_options@@9@4_KA 100222e8     MSVCRT:default_local_stdio_options.obj
 0003:000042f4       ___scrt_current_native_startup_state 100222f4     MSVCRT:utility.obj
 0003:000042f8       ___scrt_native_startup_lock 100222f8     MSVCRT:utility.obj
 0003:00004320       ___scrt_debugger_hook_flag 10022320     MSVCRT:utility_desktop.obj
 0003:00004324       ___castguard_check_failure_user_handled_fptr 10022324     MSVCRT:guard_support.obj
 0003:00004328       ___avx10_version           10022328     MSVCRT:cpu_disp.obj
 0003:0000432c       ___isa_available           1002232c     MSVCRT:cpu_disp.obj
 0003:00004330       ___favor                   10022330     MSVCRT:cpu_disp.obj
 0003:00004338       ?_OptionsStorage@?1??__local_stdio_printf_options@@9@9 10022338     <common>
 0003:00004350       ?_OptionsStorage@?1??__local_stdio_scanf_options@@9@9 10022350     <common>
 0003:00004364       ___dyn_tls_init_callback   10022364     <common>
 0004:00000000       __imp__GetCurrentProcessId@0 10023000     kernel32:KERNEL32.dll
 0004:00000004       __imp__UnhandledExceptionFilter@4 10023004     kernel32:KERNEL32.dll
 0004:00000008       __imp__SetUnhandledExceptionFilter@4 10023008     kernel32:KERNEL32.dll
 0004:0000000c       __imp__GetCurrentProcess@0 1002300c     kernel32:KERNEL32.dll
 0004:00000010       __imp__TerminateProcess@8  10023010     kernel32:KERNEL32.dll
 0004:00000014       __imp__IsProcessorFeaturePresent@4 10023014     kernel32:KERNEL32.dll
 0004:00000018       __imp__QueryPerformanceCounter@4 10023018     kernel32:KERNEL32.dll
 0004:0000001c       __imp__GetModuleHandleW@4  1002301c     kernel32:KERNEL32.dll
 0004:00000020       __imp__GetCurrentThreadId@0 10023020     kernel32:KERNEL32.dll
 0004:00000024       __imp__GetSystemTimeAsFileTime@4 10023024     kernel32:KERNEL32.dll
 0004:00000028       __imp__DisableThreadLibraryCalls@4 10023028     kernel32:KERNEL32.dll
 0004:0000002c       __imp__InitializeSListHead@4 1002302c     kernel32:KERNEL32.dll
 0004:00000030       __imp__IsDebuggerPresent@0 10023030     kernel32:KERNEL32.dll
 0004:00000034       __imp__GetStartupInfoW@4   10023034     kernel32:KERNEL32.dll
 0004:00000038       \177KERNEL32_NULL_THUNK_DATA 10023038     kernel32:KERNEL32.dll
 0004:0000006c       __imp__memcpy              1002306c     vcruntime:VCRUNTIME140.dll
 0004:00000070       __imp__memset              10023070     vcruntime:VCRUNTIME140.dll
 0004:00000074       __imp____std_type_info_destroy_list 10023074     vcruntime:VCRUNTIME140.dll
 0004:00000078       __imp____current_exception 10023078     vcruntime:VCRUNTIME140.dll
 0004:0000007c       __imp____current_exception_context 1002307c     vcruntime:VCRUNTIME140.dll
 0004:00000080       __imp___except_handler4_common 10023080     vcruntime:VCRUNTIME140.dll
 0004:00000084       \177VCRUNTIME140_NULL_THUNK_DATA 10023084     vcruntime:VCRUNTIME140.dll
 0004:000000b4       __imp__inet_ntop@16        100230b4     ws2_32:WS2_32.dll
 0004:000000b8       __imp__inet_pton@12        100230b8     ws2_32:WS2_32.dll
 0004:000000bc       __imp__closesocket@4       100230bc     ws2_32:WS2_32.dll
 0004:000000c0       __imp__freeaddrinfo@4      100230c0     ws2_32:WS2_32.dll
 0004:000000c4       __imp__getaddrinfo@16      100230c4     ws2_32:WS2_32.dll
 0004:000000c8       __imp__WSAGetLastError@0   100230c8     ws2_32:WS2_32.dll
 0004:000000cc       __imp__WSACleanup@0        100230cc     ws2_32:WS2_32.dll
 0004:000000d0       __imp__WSAStartup@8        100230d0     ws2_32:WS2_32.dll
 0004:000000d4       __imp__gethostname@8       100230d4     ws2_32:WS2_32.dll
 0004:000000d8       __imp__socket@12           100230d8     ws2_32:WS2_32.dll
 0004:000000dc       \177WS2_32_NULL_THUNK_DATA 100230dc     ws2_32:WS2_32.dll
 0004:00000110       __imp__strtod              10023110     ucrt:api-ms-win-crt-convert-l1-1-0.dll
 0004:00000114       \177api-ms-win-crt-convert-l1-1-0_NULL_THUNK_DATA 10023114     ucrt:api-ms-win-crt-convert-l1-1-0.dll
 0004:00000140       __imp__realloc             10023140     ucrt:api-ms-win-crt-heap-l1-1-0.dll
 0004:00000144       __imp__malloc              10023144     ucrt:api-ms-win-crt-heap-l1-1-0.dll
 0004:00000148       __imp__free                10023148     ucrt:api-ms-win-crt-heap-l1-1-0.dll
 0004:0000014c       \177api-ms-win-crt-heap-l1-1-0_NULL_THUNK_DATA 1002314c     ucrt:api-ms-win-crt-heap-l1-1-0.dll
 0004:00000178       __imp__localeconv          10023178     ucrt:api-ms-win-crt-locale-l1-1-0.dll
 0004:0000017c       \177api-ms-win-crt-locale-l1-1-0_NULL_THUNK_DATA 1002317c     ucrt:api-ms-win-crt-locale-l1-1-0.dll
 0004:000001a8       __imp___dclass             100231a8     ucrt:api-ms-win-crt-math-l1-1-0.dll
 0004:000001ac       \177api-ms-win-crt-math-l1-1-0_NULL_THUNK_DATA 100231ac     ucrt:api-ms-win-crt-math-l1-1-0.dll
 0004:000001d8       __imp___initterm_e         100231d8     ucrt:api-ms-win-crt-runtime-l1-1-0.dll
 0004:000001dc       __imp__terminate           100231dc     ucrt:api-ms-win-crt-runtime-l1-1-0.dll
 0004:000001e0       __imp___initterm           100231e0     ucrt:api-ms-win-crt-runtime-l1-1-0.dll
 0004:000001e4       __imp___configure_narrow_argv 100231e4     ucrt:api-ms-win-crt-runtime-l1-1-0.dll
 0004:000001e8       __imp___initialize_narrow_environment 100231e8     ucrt:api-ms-win-crt-runtime-l1-1-0.dll
 0004:000001ec       __imp___initialize_onexit_table 100231ec     ucrt:api-ms-win-crt-runtime-l1-1-0.dll
 0004:000001f0       __imp___register_onexit_function 100231f0     ucrt:api-ms-win-crt-runtime-l1-1-0.dll
 0004:000001f4       __imp___execute_onexit_table 100231f4     ucrt:api-ms-win-crt-runtime-l1-1-0.dll
 0004:000001f8       __imp___crt_atexit         100231f8     ucrt:api-ms-win-crt-runtime-l1-1-0.dll
 0004:000001fc       __imp___crt_at_quick_exit  100231fc     ucrt:api-ms-win-crt-runtime-l1-1-0.dll
 0004:00000200       __imp___cexit              10023200     ucrt:api-ms-win-crt-runtime-l1-1-0.dll
 0004:00000204       __imp___seh_filter_dll     10023204     ucrt:api-ms-win-crt-runtime-l1-1-0.dll
 0004:00000208       \177api-ms-win-crt-runtime-l1-1-0_NULL_THUNK_DATA 10023208     ucrt:api-ms-win-crt-runtime-l1-1-0.dll
 0004:0000023c       __imp____stdio_common_vsprintf 1002323c     ucrt:api-ms-win-crt-stdio-l1-1-0.dll
 0004:00000240       __imp____stdio_common_vsscanf 10023240     ucrt:api-ms-win-crt-stdio-l1-1-0.dll
 0004:00000244       __imp____acrt_iob_func     10023244     ucrt:api-ms-win-crt-stdio-l1-1-0.dll
 0004:00000248       __imp____stdio_common_vfprintf 10023248     ucrt:api-ms-win-crt-stdio-l1-1-0.dll
 0004:0000024c       \177api-ms-win-crt-stdio-l1-1-0_NULL_THUNK_DATA 1002324c     ucrt:api-ms-win-crt-stdio-l1-1-0.dll
 0004:00000278       __imp__strcmp              10023278     ucrt:api-ms-win-crt-string-l1-1-0.dll
 0004:0000027c       __imp__tolower             1002327c     ucrt:api-ms-win-crt-string-l1-1-0.dll
 0004:00000280       __imp__strcpy              10023280     ucrt:api-ms-win-crt-string-l1-1-0.dll
 0004:00000284       __imp__strncpy             10023284     ucrt:api-ms-win-crt-string-l1-1-0.dll
 0004:00000288       __imp__isalnum             10023288     ucrt:api-ms-win-crt-string-l1-1-0.dll
 0004:0000028c       __imp__strncmp             1002328c     ucrt:api-ms-win-crt-string-l1-1-0.dll
 0004:00000290       __imp__strlen              10023290     ucrt:api-ms-win-crt-string-l1-1-0.dll
 0004:00000294       \177api-ms-win-crt-string-l1-1-0_NULL_THUNK_DATA 10023294     ucrt:api-ms-win-crt-string-l1-1-0.dll
 0004:000002c4       __imp___time64             100232c4     ucrt:api-ms-win-crt-time-l1-1-0.dll
 0004:000002c8       \177api-ms-win-crt-time-l1-1-0_NULL_THUNK_DATA 100232c8     ucrt:api-ms-win-crt-time-l1-1-0.dll
 0004:000002f4       __imp__srand               100232f4     ucrt:api-ms-win-crt-utility-l1-1-0.dll
 0004:000002f8       __imp__rand                100232f8     ucrt:api-ms-win-crt-utility-l1-1-0.dll
 0004:000002fc       \177api-ms-win-crt-utility-l1-1-0_NULL_THUNK_DATA 100232fc     ucrt:api-ms-win-crt-utility-l1-1-0.dll
 0004:00000328       __imp__apr_initialize@0    10023328     libapr:libapr.dll
 0004:0000032c       __imp__apr_terminate       1002332c     libapr:libapr.dll
 0004:00000330       __imp__apr_allocator_max_free_set@8 10023330     libapr:libapr.dll
 0004:00000334       __imp__apr_thread_mutex_lock@4 10023334     libapr:libapr.dll
 0004:00000338       __imp__apr_strerror@12     10023338     libapr:libapr.dll
 0004:0000033c       __imp__apr_thread_mutex_unlock@4 1002333c     libapr:libapr.dll
 0004:00000340       __imp__apr_pool_create_ex@16 10023340     libapr:libapr.dll
 0004:00000344       __imp__apr_pool_allocator_get@4 10023344     libapr:libapr.dll
 0004:00000348       __imp__apr_pool_destroy@4  10023348     libapr:libapr.dll
 0004:0000034c       __imp__apr_palloc@8        1002334c     libapr:libapr.dll
 0004:00000350       __imp__apr_table_set@12    10023350     libapr:libapr.dll
 0004:00000354       __imp__apr_file_open@20    10023354     libapr:libapr.dll
 0004:00000358       __imp__apr_file_close@4    10023358     libapr:libapr.dll
 0004:0000035c       __imp__apr_pstrdup@8       1002335c     libapr:libapr.dll
 0004:00000360       __imp__apr_hash_set@16     10023360     libapr:libapr.dll
 0004:00000364       __imp__apr_env_get@12      10023364     libapr:libapr.dll
 0004:00000368       __imp__apr_psprintf        10023368     libapr:libapr.dll
 0004:0000036c       __imp__apr_table_addn@12   1002336c     libapr:libapr.dll
 0004:00000370       __imp__apr_table_elts@4    10023370     libapr:libapr.dll
 0004:00000374       __imp__apr_pstrndup@12     10023374     libapr:libapr.dll
 0004:00000378       __imp__apr_generate_random_bytes@8 10023378     libapr:libapr.dll
 0004:0000037c       __imp__apr_itoa@8          1002337c     libapr:libapr.dll
 0004:00000380       __imp__apr_table_overlap@12 10023380     libapr:libapr.dll
 0004:00000384       __imp__apr_table_copy@8    10023384     libapr:libapr.dll
 0004:00000388       __imp__apr_is_empty_table@4 10023388     libapr:libapr.dll
 0004:0000038c       __imp__apr_thread_cond_destroy@4 1002338c     libapr:libapr.dll
 0004:00000390       __imp__apr_thread_cond_broadcast@4 10023390     libapr:libapr.dll
 0004:00000394       __imp__apr_thread_cond_signal@4 10023394     libapr:libapr.dll
 0004:00000398       __imp__apr_thread_cond_timedwait@16 10023398     libapr:libapr.dll
 0004:0000039c       __imp__apr_thread_cond_create@8 1002339c     libapr:libapr.dll
 0004:000003a0       __imp__apr_atomic_dec32@4  100233a0     libapr:libapr.dll
 0004:000003a4       __imp__apr_atomic_inc32@4  100233a4     libapr:libapr.dll
 0004:000003a8       __imp__apr_atomic_read32@4 100233a8     libapr:libapr.dll
 0004:000003ac       __imp__apr_socket_connect@8 100233ac     libapr:libapr.dll
 0004:000003b0       __imp__apr_socket_close@4  100233b0     libapr:libapr.dll
 0004:000003b4       __imp__apr_socket_create@20 100233b4     libapr:libapr.dll
 0004:000003b8       __imp__apr_sleep@8         100233b8     libapr:libapr.dll
 0004:000003bc       __imp__apr_snprintf        100233bc     libapr:libapr.dll
 0004:000003c0       __imp__apr_os_thread_current@0 100233c0     libapr:libapr.dll
 0004:000003c4       __imp__apr_time_exp_lt@12  100233c4     libapr:libapr.dll
 0004:000003c8       __imp__apr_sockaddr_ip_get@8 100233c8     libapr:libapr.dll
 0004:000003cc       __imp__apr_sockaddr_info_get@24 100233cc     libapr:libapr.dll
 0004:000003d0       __imp__apr_table_make@8    100233d0     libapr:libapr.dll
 0004:000003d4       __imp__apr_array_pop@4     100233d4     libapr:libapr.dll
 0004:000003d8       __imp__apr_dir_make@12     100233d8     libapr:libapr.dll
 0004:000003dc       __imp__apr_file_read_full@16 100233dc     libapr:libapr.dll
 0004:000003e0       __imp__apr_file_write@12   100233e0     libapr:libapr.dll
 0004:000003e4       __imp__apr_stat@16         100233e4     libapr:libapr.dll
 0004:000003e8       __imp__apr_pstrcat         100233e8     libapr:libapr.dll
 0004:000003ec       __imp__apr_array_pstrcat@12 100233ec     libapr:libapr.dll
 0004:000003f0       __imp__apr_array_clear@4   100233f0     libapr:libapr.dll
 0004:000003f4       __imp__apr_array_push@4    100233f4     libapr:libapr.dll
 0004:000003f8       __imp__apr_array_make@12   100233f8     libapr:libapr.dll
 0004:000003fc       __imp__apr_time_now@0      100233fc     libapr:libapr.dll
 0004:00000400       __imp__apr_hash_do@12      10023400     libapr:libapr.dll
 0004:00000404       __imp__apr_hash_clear@4    10023404     libapr:libapr.dll
 0004:00000408       __imp__apr_hash_get@12     10023408     libapr:libapr.dll
 0004:0000040c       __imp__apr_hash_make@4     1002340c     libapr:libapr.dll
 0004:00000410       __imp__apr_thread_mutex_destroy@4 10023410     libapr:libapr.dll
 0004:00000414       __imp__apr_thread_mutex_create@12 10023414     libapr:libapr.dll
 0004:00000418       \177libapr_NULL_THUNK_DATA 10023418     libapr:libapr.dll
 0004:00000474       __imp__apr_thread_pool_create@16 10023474     libaprutil:libaprutil.dll
 0004:00000478       __imp__apr_thread_pool_destroy@4 10023478     libaprutil:libaprutil.dll
 0004:0000047c       __imp__apr_thread_pool_push@20 1002347c     libaprutil:libaprutil.dll
 0004:00000480       __imp__apr_thread_pool_schedule@24 10023480     libaprutil:libaprutil.dll
 0004:00000484       __imp__apr_thread_pool_tasks_cancel@8 10023484     libaprutil:libaprutil.dll
 0004:00000488       __imp__apr_thread_pool_idle_wait_set@12 10023488     libaprutil:libaprutil.dll
 0004:0000048c       __imp__apr_md5_init@4      1002348c     libaprutil:libaprutil.dll
 0004:00000490       __imp__apr_md5_update@12   10023490     libaprutil:libaprutil.dll
 0004:00000494       __imp__apr_md5_final@8     10023494     libaprutil:libaprutil.dll
 0004:00000498       \177libaprutil_NULL_THUNK_DATA 10023498     libaprutil:libaprutil.dll
 0004:000004c8       __imp__curl_global_init    100234c8     libcurl.dll:libcurl.dll
 0004:000004cc       __imp__curl_global_cleanup 100234cc     libcurl.dll:libcurl.dll
 0004:000004d0       __imp__curl_easy_strerror  100234d0     libcurl.dll:libcurl.dll
 0004:000004d4       __imp__curl_easy_init      100234d4     libcurl.dll:libcurl.dll
 0004:000004d8       __imp__curl_easy_cleanup   100234d8     libcurl.dll:libcurl.dll
 0004:000004dc       __imp__curl_easy_reset     100234dc     libcurl.dll:libcurl.dll
 0004:000004e0       __imp__curl_slist_append   100234e0     libcurl.dll:libcurl.dll
 0004:000004e4       __imp__curl_easy_setopt    100234e4     libcurl.dll:libcurl.dll
 0004:000004e8       __imp__curl_easy_perform   100234e8     libcurl.dll:libcurl.dll
 0004:000004ec       __imp__curl_easy_getinfo   100234ec     libcurl.dll:libcurl.dll
 0004:000004f0       __imp__curl_slist_free_all 100234f0     libcurl.dll:libcurl.dll
 0004:000004f4       \177libcurl_NULL_THUNK_DATA 100234f4     libcurl.dll:libcurl.dll
 0004:00000528       __IMPORT_DESCRIPTOR_libapr 10023528     libapr:libapr.dll
 0004:0000053c       __IMPORT_DESCRIPTOR_libaprutil 1002353c     libaprutil:libaprutil.dll
 0004:00000550       __IMPORT_DESCRIPTOR_libcurl 10023550     libcurl.dll:libcurl.dll
 0004:00000564       __IMPORT_DESCRIPTOR_WS2_32 10023564     ws2_32:WS2_32.dll
 0004:00000578       __IMPORT_DESCRIPTOR_VCRUNTIME140 10023578     vcruntime:VCRUNTIME140.dll
 0004:0000058c       __IMPORT_DESCRIPTOR_api-ms-win-crt-utility-l1-1-0 1002358c     ucrt:api-ms-win-crt-utility-l1-1-0.dll
 0004:000005a0       __IMPORT_DESCRIPTOR_api-ms-win-crt-string-l1-1-0 100235a0     ucrt:api-ms-win-crt-string-l1-1-0.dll
 0004:000005b4       __IMPORT_DESCRIPTOR_api-ms-win-crt-time-l1-1-0 100235b4     ucrt:api-ms-win-crt-time-l1-1-0.dll
 0004:000005c8       __IMPORT_DESCRIPTOR_api-ms-win-crt-stdio-l1-1-0 100235c8     ucrt:api-ms-win-crt-stdio-l1-1-0.dll
 0004:000005dc       __IMPORT_DESCRIPTOR_api-ms-win-crt-heap-l1-1-0 100235dc     ucrt:api-ms-win-crt-heap-l1-1-0.dll
 0004:000005f0       __IMPORT_DESCRIPTOR_api-ms-win-crt-convert-l1-1-0 100235f0     ucrt:api-ms-win-crt-convert-l1-1-0.dll
 0004:00000604       __IMPORT_DESCRIPTOR_api-ms-win-crt-locale-l1-1-0 10023604     ucrt:api-ms-win-crt-locale-l1-1-0.dll
 0004:00000618       __IMPORT_DESCRIPTOR_api-ms-win-crt-math-l1-1-0 10023618     ucrt:api-ms-win-crt-math-l1-1-0.dll
 0004:0000062c       __IMPORT_DESCRIPTOR_api-ms-win-crt-runtime-l1-1-0 1002362c     ucrt:api-ms-win-crt-runtime-l1-1-0.dll
 0004:00000640       __IMPORT_DESCRIPTOR_KERNEL32 10023640     kernel32:KERNEL32.dll
 0004:00000654       __NULL_IMPORT_DESCRIPTOR   10023654     libapr:libapr.dll
 0005:00000000       ___guard_check_icall_fptr  10025000     MSVCRT:guard_support.obj
 0005:00000004       ___guard_xfg_check_icall_fptr 10025004     MSVCRT:guard_support.obj
 0005:00000008       ___castguard_check_failure_os_handled_fptr 10025008     MSVCRT:guard_support.obj

 entry point at        0001:000005e1

 Static symbols

 0000:fffd7000       .debug$S                   10000000     httpdns.exp
 0000:00000000       _volmd                     10000000     hdns_api.obj
 0000:00000000       _volmd                     10000000     hdns_client.obj
 0000:00000000       _volmd                     10000000     hdns_config.obj
 0000:00000000       _volmd                     10000000     hdns_file.obj
 0000:00000000       _volmd                     10000000     hdns_log.obj
 0000:00000000       _volmd                     10000000     hdns_net.obj
 0000:00000000       _volmd                     10000000     hdns_resolver.obj
 0000:00000000       _volmd                     10000000     hdns_scheduler.obj
 0000:00000000       _volmd                     10000000     hdns_session.obj
 0000:00000000       _volmd                     10000000     hdns_sign.obj
 0000:00000000       _volmd                     10000000     hdns_status.obj
 0000:00000000       _volmd                     10000000     hdns_transport.obj
 0000:00000000       _volmd                     10000000     hdns_utils.obj
 0000:fffd7000       .debug$S                   10000000     ucrt:api-ms-win-crt-convert-l1-1-0.dll
 0000:fffd7000       .debug$S                   10000000     ucrt:api-ms-win-crt-heap-l1-1-0.dll
 0000:fffd7000       .debug$S                   10000000     ucrt:api-ms-win-crt-heap-l1-1-0.dll
 0000:fffd7000       .debug$S                   10000000     ucrt:api-ms-win-crt-heap-l1-1-0.dll
 0000:fffd7000       .debug$S                   10000000     ucrt:api-ms-win-crt-locale-l1-1-0.dll
 0000:fffd7000       .debug$S                   10000000     ucrt:api-ms-win-crt-math-l1-1-0.dll
 0000:fffd7000       .debug$S                   10000000     ucrt:api-ms-win-crt-runtime-l1-1-0.dll
 0000:fffd7000       .debug$S                   10000000     ucrt:api-ms-win-crt-runtime-l1-1-0.dll
 0000:fffd7000       .debug$S                   10000000     ucrt:api-ms-win-crt-runtime-l1-1-0.dll
 0000:fffd7000       .debug$S                   10000000     ucrt:api-ms-win-crt-runtime-l1-1-0.dll
 0000:fffd7000       .debug$S                   10000000     ucrt:api-ms-win-crt-runtime-l1-1-0.dll
 0000:fffd7000       .debug$S                   10000000     ucrt:api-ms-win-crt-runtime-l1-1-0.dll
 0000:fffd7000       .debug$S                   10000000     ucrt:api-ms-win-crt-runtime-l1-1-0.dll
 0000:fffd7000       .debug$S                   10000000     ucrt:api-ms-win-crt-runtime-l1-1-0.dll
 0000:fffd7000       .debug$S                   10000000     ucrt:api-ms-win-crt-runtime-l1-1-0.dll
 0000:fffd7000       .debug$S                   10000000     ucrt:api-ms-win-crt-runtime-l1-1-0.dll
 0000:fffd7000       .debug$S                   10000000     ucrt:api-ms-win-crt-runtime-l1-1-0.dll
 0000:fffd7000       .debug$S                   10000000     ucrt:api-ms-win-crt-runtime-l1-1-0.dll
 0000:fffd7000       .debug$S                   10000000     ucrt:api-ms-win-crt-stdio-l1-1-0.dll
 0000:fffd7000       .debug$S                   10000000     ucrt:api-ms-win-crt-stdio-l1-1-0.dll
 0000:fffd7000       .debug$S                   10000000     ucrt:api-ms-win-crt-stdio-l1-1-0.dll
 0000:fffd7000       .debug$S                   10000000     ucrt:api-ms-win-crt-stdio-l1-1-0.dll
 0000:fffd7000       .debug$S                   10000000     ucrt:api-ms-win-crt-string-l1-1-0.dll
 0000:fffd7000       .debug$S                   10000000     ucrt:api-ms-win-crt-string-l1-1-0.dll
 0000:fffd7000       .debug$S                   10000000     ucrt:api-ms-win-crt-string-l1-1-0.dll
 0000:fffd7000       .debug$S                   10000000     ucrt:api-ms-win-crt-string-l1-1-0.dll
 0000:fffd7000       .debug$S                   10000000     ucrt:api-ms-win-crt-string-l1-1-0.dll
 0000:fffd7000       .debug$S                   10000000     ucrt:api-ms-win-crt-string-l1-1-0.dll
 0000:fffd7000       .debug$S                   10000000     ucrt:api-ms-win-crt-string-l1-1-0.dll
 0000:fffd7000       .debug$S                   10000000     ucrt:api-ms-win-crt-time-l1-1-0.dll
 0000:fffd7000       .debug$S                   10000000     ucrt:api-ms-win-crt-utility-l1-1-0.dll
 0000:fffd7000       .debug$S                   10000000     ucrt:api-ms-win-crt-utility-l1-1-0.dll
 0000:fffd7000       .debug$S                   10000000     kernel32:KERNEL32.dll
 0000:fffd7000       .debug$S                   10000000     kernel32:KERNEL32.dll
 0000:fffd7000       .debug$S                   10000000     kernel32:KERNEL32.dll
 0000:fffd7000       .debug$S                   10000000     kernel32:KERNEL32.dll
 0000:fffd7000       .debug$S                   10000000     kernel32:KERNEL32.dll
 0000:fffd7000       .debug$S                   10000000     kernel32:KERNEL32.dll
 0000:fffd7000       .debug$S                   10000000     kernel32:KERNEL32.dll
 0000:fffd7000       .debug$S                   10000000     kernel32:KERNEL32.dll
 0000:fffd7000       .debug$S                   10000000     kernel32:KERNEL32.dll
 0000:fffd7000       .debug$S                   10000000     kernel32:KERNEL32.dll
 0000:fffd7000       .debug$S                   10000000     kernel32:KERNEL32.dll
 0000:fffd7000       .debug$S                   10000000     kernel32:KERNEL32.dll
 0000:fffd7000       .debug$S                   10000000     kernel32:KERNEL32.dll
 0000:fffd7000       .debug$S                   10000000     kernel32:KERNEL32.dll
 0000:fffd7000       .debug$S                   10000000     ws2_32:WS2_32.dll
 0000:fffd7000       .debug$S                   10000000     ws2_32:WS2_32.dll
 0000:fffd7000       .debug$S                   10000000     ws2_32:WS2_32.dll
 0000:fffd7000       .debug$S                   10000000     ws2_32:WS2_32.dll
 0000:fffd7000       .debug$S                   10000000     ws2_32:WS2_32.dll
 0000:fffd7000       .debug$S                   10000000     ws2_32:WS2_32.dll
 0000:fffd7000       .debug$S                   10000000     ws2_32:WS2_32.dll
 0000:fffd7000       .debug$S                   10000000     ws2_32:WS2_32.dll
 0000:fffd7000       .debug$S                   10000000     ws2_32:WS2_32.dll
 0000:fffd7000       .debug$S                   10000000     ws2_32:WS2_32.dll
 0000:fffd7000       .debug$S                   10000000     libapr:libapr.dll
 0000:fffd7000       .debug$S                   10000000     libapr:libapr.dll
 0000:fffd7000       .debug$S                   10000000     libapr:libapr.dll
 0000:fffd7000       .debug$S                   10000000     libapr:libapr.dll
 0000:fffd7000       .debug$S                   10000000     libapr:libapr.dll
 0000:fffd7000       .debug$S                   10000000     libapr:libapr.dll
 0000:fffd7000       .debug$S                   10000000     libapr:libapr.dll
 0000:fffd7000       .debug$S                   10000000     libapr:libapr.dll
 0000:fffd7000       .debug$S                   10000000     libapr:libapr.dll
 0000:fffd7000       .debug$S                   10000000     libapr:libapr.dll
 0000:fffd7000       .debug$S                   10000000     libapr:libapr.dll
 0000:fffd7000       .debug$S                   10000000     libapr:libapr.dll
 0000:fffd7000       .debug$S                   10000000     libapr:libapr.dll
 0000:fffd7000       .debug$S                   10000000     libapr:libapr.dll
 0000:fffd7000       .debug$S                   10000000     libapr:libapr.dll
 0000:fffd7000       .debug$S                   10000000     libapr:libapr.dll
 0000:fffd7000       .debug$S                   10000000     libapr:libapr.dll
 0000:fffd7000       .debug$S                   10000000     libapr:libapr.dll
 0000:fffd7000       .debug$S                   10000000     libapr:libapr.dll
 0000:fffd7000       .debug$S                   10000000     libapr:libapr.dll
 0000:fffd7000       .debug$S                   10000000     libapr:libapr.dll
 0000:fffd7000       .debug$S                   10000000     libapr:libapr.dll
 0000:fffd7000       .debug$S                   10000000     libapr:libapr.dll
 0000:fffd7000       .debug$S                   10000000     libapr:libapr.dll
 0000:fffd7000       .debug$S                   10000000     libapr:libapr.dll
 0000:fffd7000       .debug$S                   10000000     libapr:libapr.dll
 0000:fffd7000       .debug$S                   10000000     libapr:libapr.dll
 0000:fffd7000       .debug$S                   10000000     libapr:libapr.dll
 0000:fffd7000       .debug$S                   10000000     libapr:libapr.dll
 0000:fffd7000       .debug$S                   10000000     libapr:libapr.dll
 0000:fffd7000       .debug$S                   10000000     libapr:libapr.dll
 0000:fffd7000       .debug$S                   10000000     libapr:libapr.dll
 0000:fffd7000       .debug$S                   10000000     libapr:libapr.dll
 0000:fffd7000       .debug$S                   10000000     libapr:libapr.dll
 0000:fffd7000       .debug$S                   10000000     libapr:libapr.dll
 0000:fffd7000       .debug$S                   10000000     libapr:libapr.dll
 0000:fffd7000       .debug$S                   10000000     libapr:libapr.dll
 0000:fffd7000       .debug$S                   10000000     libapr:libapr.dll
 0000:fffd7000       .debug$S                   10000000     libapr:libapr.dll
 0000:fffd7000       .debug$S                   10000000     libapr:libapr.dll
 0000:fffd7000       .debug$S                   10000000     libapr:libapr.dll
 0000:fffd7000       .debug$S                   10000000     libapr:libapr.dll
 0000:fffd7000       .debug$S                   10000000     libapr:libapr.dll
 0000:fffd7000       .debug$S                   10000000     libapr:libapr.dll
 0000:fffd7000       .debug$S                   10000000     libapr:libapr.dll
 0000:fffd7000       .debug$S                   10000000     libapr:libapr.dll
 0000:fffd7000       .debug$S                   10000000     libapr:libapr.dll
 0000:fffd7000       .debug$S                   10000000     libapr:libapr.dll
 0000:fffd7000       .debug$S                   10000000     libapr:libapr.dll
 0000:fffd7000       .debug$S                   10000000     libapr:libapr.dll
 0000:fffd7000       .debug$S                   10000000     libapr:libapr.dll
 0000:fffd7000       .debug$S                   10000000     libapr:libapr.dll
 0000:fffd7000       .debug$S                   10000000     libapr:libapr.dll
 0000:fffd7000       .debug$S                   10000000     libapr:libapr.dll
 0000:fffd7000       .debug$S                   10000000     libapr:libapr.dll
 0000:fffd7000       .debug$S                   10000000     libapr:libapr.dll
 0000:fffd7000       .debug$S                   10000000     libapr:libapr.dll
 0000:fffd7000       .debug$S                   10000000     libapr:libapr.dll
 0000:fffd7000       .debug$S                   10000000     libapr:libapr.dll
 0000:fffd7000       .debug$S                   10000000     libapr:libapr.dll
 0000:fffd7000       .debug$S                   10000000     libaprutil:libaprutil.dll
 0000:fffd7000       .debug$S                   10000000     libaprutil:libaprutil.dll
 0000:fffd7000       .debug$S                   10000000     libaprutil:libaprutil.dll
 0000:fffd7000       .debug$S                   10000000     libaprutil:libaprutil.dll
 0000:fffd7000       .debug$S                   10000000     libaprutil:libaprutil.dll
 0000:fffd7000       .debug$S                   10000000     libaprutil:libaprutil.dll
 0000:fffd7000       .debug$S                   10000000     libaprutil:libaprutil.dll
 0000:fffd7000       .debug$S                   10000000     libaprutil:libaprutil.dll
 0000:fffd7000       .debug$S                   10000000     libaprutil:libaprutil.dll
 0000:fffd7000       .debug$S                   10000000     libcurl.dll:libcurl.dll
 0000:fffd7000       .debug$S                   10000000     libcurl.dll:libcurl.dll
 0000:fffd7000       .debug$S                   10000000     libcurl.dll:libcurl.dll
 0000:fffd7000       .debug$S                   10000000     libcurl.dll:libcurl.dll
 0000:fffd7000       .debug$S                   10000000     libcurl.dll:libcurl.dll
 0000:fffd7000       .debug$S                   10000000     libcurl.dll:libcurl.dll
 0000:fffd7000       .debug$S                   10000000     libcurl.dll:libcurl.dll
 0000:fffd7000       .debug$S                   10000000     libcurl.dll:libcurl.dll
 0000:fffd7000       .debug$S                   10000000     libcurl.dll:libcurl.dll
 0000:fffd7000       .debug$S                   10000000     libcurl.dll:libcurl.dll
 0000:fffd7000       .debug$S                   10000000     libcurl.dll:libcurl.dll
 0000:fffdb000       __guard_fids___except_handler4 10000000     MSVCRT:chandler4gs.obj
 0000:00000000       _volmd                     10000000     MSVCRT:cpu_disp.obj
 0000:fffdb000       __guard_fids_?dllmain_dispatch@@YAHQAUHINSTANCE__@@KQAX@Z 10000000     MSVCRT:dll_dllmain.obj
 0000:00000000       _volmd                     10000000     MSVCRT:gs_report.obj
 0000:fffdb000       __guard_fids__             10000000     MSVCRT:guard_support.obj
 0000:fffdb000       __guard_fids__             10000000     MSVCRT:guard_support.obj
 0000:fffdb000       __guard_fids___guard_icall_checks_enforced 10000000     MSVCRT:guard_support.obj
 0000:00000000       _volmd                     10000000     MSVCRT:guard_support.obj
 0000:00000000       _volmd                     10000000     MSVCRT:guard_support.obj
 0000:00000000       _volmd                     10000000     MSVCRT:guard_support.obj
 0000:00000000       _volmd                     10000000     MSVCRT:guard_support.obj
 0000:00000000       _volmd                     10000000     MSVCRT:guard_support.obj
 0000:00000000       _volmd                     10000000     MSVCRT:guard_support.obj
 0000:00000000       _volmd                     10000000     MSVCRT:guard_support.obj
 0000:00000000       _volmd                     10000000     MSVCRT:guard_support.obj
 0000:00000000       _volmd                     10000000     MSVCRT:guard_support.obj
 0000:fffdb000       __guard_fids____scrt_set_unhandled_exception_filter 10000000     MSVCRT:utility_desktop.obj
 0000:fffd7000       .debug$S                   10000000     vcruntime:VCRUNTIME140.dll
 0000:fffd7000       .debug$S                   10000000     vcruntime:VCRUNTIME140.dll
 0000:fffd7000       .debug$S                   10000000     vcruntime:VCRUNTIME140.dll
 0000:fffd7000       .debug$S                   10000000     vcruntime:VCRUNTIME140.dll
 0000:fffd7000       .debug$S                   10000000     vcruntime:VCRUNTIME140.dll
[...]
 0003:00001e38       $SG37766                   1001fe38     hdns_resolver.obj
 0003:00001e40       $SG37767                   1001fe40     hdns_resolver.obj
 0003:00001e48       $SG37768                   1001fe48     hdns_resolver.obj
 0003:00001e54       $SG37769                   1001fe54     hdns_resolver.obj
 0003:00001e78       $SG37770                   1001fe78     hdns_resolver.obj
 0003:00001e84       $SG37771                   1001fe84     hdns_resolver.obj
 0003:00001e88       $SG37773                   1001fe88     hdns_resolver.obj
 0003:00001e8c       $SG37774                   1001fe8c     hdns_resolver.obj
 0003:00001e90       $SG37776                   1001fe90     hdns_resolver.obj
 0003:00001e94       $SG37827                   1001fe94     hdns_resolver.obj
 0003:00001ea0       $SG37830                   1001fea0     hdns_resolver.obj
 0003:00001eb4       $SG37833                   1001feb4     hdns_resolver.obj
 0003:00001ed8       $SG37836                   1001fed8     hdns_resolver.obj
 0003:00001ee8       $SG37838                   1001fee8     hdns_resolver.obj
 0003:00001f00       $SG37883                   1001ff00     hdns_resolver.obj
 0003:00001f14       $SG37887                   1001ff14     hdns_resolver.obj
 0003:00001f18       $SG37889                   1001ff18     hdns_resolver.obj
 0003:00001f1c       $SG37890                   1001ff1c     hdns_resolver.obj
 0003:00001f20       $SG37893                   1001ff20     hdns_resolver.obj
 0003:00001f24       $SG37894                   1001ff24     hdns_resolver.obj
 0003:00001f28       $SG37895                   1001ff28     hdns_resolver.obj
 0003:00001f2c       $SG37896                   1001ff2c     hdns_resolver.obj
 0003:00001f30       $SG37897                   1001ff30     hdns_resolver.obj
 0003:00001f34       $SG37898                   1001ff34     hdns_resolver.obj
 0003:00001f3c       $SG37899                   1001ff3c     hdns_resolver.obj
 0003:00001f44       $SG37900                   1001ff44     hdns_resolver.obj
 0003:00001f54       $SG37901                   1001ff54     hdns_resolver.obj
 0003:00001f58       $SG37902                   1001ff58     hdns_resolver.obj
 0003:00001f60       $SG37903                   1001ff60     hdns_resolver.obj
 0003:00001f64       $SG37904                   1001ff64     hdns_resolver.obj
 0003:00001f70       $SG37905                   1001ff70     hdns_resolver.obj
 0003:00001f74       $SG37906                   1001ff74     hdns_resolver.obj
 0003:00001f7c       $SG37907                   1001ff7c     hdns_resolver.obj
 0003:00001f80       $SG37909                   1001ff80     hdns_resolver.obj
 0003:00001f8c       $SG37911                   1001ff8c     hdns_resolver.obj
 0003:00001f94       $SG37912                   1001ff94     hdns_resolver.obj
 0003:00001f98       $SG37913                   1001ff98     hdns_resolver.obj
 0003:00001fa0       $SG37914                   1001ffa0     hdns_resolver.obj
 0003:00001fa8       $SG37915                   1001ffa8     hdns_resolver.obj
 0003:00001fac       $SG37917                   1001ffac     hdns_resolver.obj
 0003:00001fb8       $SG37919                   1001ffb8     hdns_resolver.obj
 0003:000020d8       $SG37569                   100200d8     hdns_scheduler.obj
 0003:00002108       $SG37570                   10020108     hdns_scheduler.obj
 0003:00002128       $SG37571                   10020128     hdns_scheduler.obj
 0003:00002168       $SG37574                   10020168     hdns_scheduler.obj
 0003:000021a0       $SG37575                   100201a0     hdns_scheduler.obj
 0003:000021c0       $SG37576                   100201c0     hdns_scheduler.obj
 0003:00002200       $SG37577                   10020200     hdns_scheduler.obj
 0003:0000220c       $SG37579                   1002020c     hdns_scheduler.obj
 0003:0000221c       $SG37600                   1002021c     hdns_scheduler.obj
 0003:00002250       $SG37601                   10020250     hdns_scheduler.obj
 0003:00002268       $SG37602                   10020268     hdns_scheduler.obj
 0003:000022a8       $SG37620                   100202a8     hdns_scheduler.obj
 0003:000022dc       $SG37621                   100202dc     hdns_scheduler.obj
 0003:000022f8       $SG37622                   100202f8     hdns_scheduler.obj
 0003:00002338       $SG37626                   10020338     hdns_scheduler.obj
 0003:00002384       $SG37627                   10020384     hdns_scheduler.obj
 0003:000023a0       $SG37628                   100203a0     hdns_scheduler.obj
 0003:000023e0       $SG37632                   100203e0     hdns_scheduler.obj
 0003:0000242c       $SG37633                   1002042c     hdns_scheduler.obj
 0003:00002448       $SG37634                   10020448     hdns_scheduler.obj
 0003:00002488       $SG37643                   10020488     hdns_scheduler.obj
 0003:00002490       $SG37671                   10020490     hdns_scheduler.obj
 0003:00002498       $SG37672                   10020498     hdns_scheduler.obj
 0003:0000249c       $SG37673                   1002049c     hdns_scheduler.obj
 0003:000024a0       $SG37674                   100204a0     hdns_scheduler.obj
 0003:000024a8       $SG37675                   100204a8     hdns_scheduler.obj
 0003:000024b0       $SG37676                   100204b0     hdns_scheduler.obj
 0003:000024bc       $SG37677                   100204bc     hdns_scheduler.obj
 0003:000024e0       $SG37678                   100204e0     hdns_scheduler.obj
 0003:000024ec       $SG37679                   100204ec     hdns_scheduler.obj
 0003:000024f0       $SG37681                   100204f0     hdns_scheduler.obj
 0003:000024f4       $SG37682                   100204f4     hdns_scheduler.obj
 0003:000024f8       $SG37683                   100204f8     hdns_scheduler.obj
 0003:000024fc       $SG37699                   100204fc     hdns_scheduler.obj
 0003:00002528       $SG37700                   10020528     hdns_scheduler.obj
 0003:00002540       $SG37701                   10020540     hdns_scheduler.obj
 0003:00002580       $SG37703                   10020580     hdns_scheduler.obj
 0003:00002598       $SG37704                   10020598     hdns_scheduler.obj
 0003:000025b0       $SG37705                   100205b0     hdns_scheduler.obj
 0003:000025f0       $SG37717                   100205f0     hdns_scheduler.obj
 0003:00002604       $SG37739                   10020604     hdns_scheduler.obj
 0003:00002620       $SG37742                   10020620     hdns_scheduler.obj
 0003:00002634       $SG37744                   10020634     hdns_scheduler.obj
 0003:00002658       $SG37745                   10020658     hdns_scheduler.obj
 0003:0000267c       $SG37746                   1002067c     hdns_scheduler.obj
 0003:000026bc       $SG37751                   100206bc     hdns_scheduler.obj
 0003:000026e8       $SG37752                   100206e8     hdns_scheduler.obj
 0003:0000270c       $SG37753                   1002070c     hdns_scheduler.obj
 0003:00002750       $SG37755                   10020750     hdns_scheduler.obj
 0003:00002794       $SG37756                   10020794     hdns_scheduler.obj
 0003:000027b8       $SG37757                   100207b8     hdns_scheduler.obj
 0003:000027f8       $SG37772                   100207f8     hdns_scheduler.obj
 0003:0000280c       $SG37773                   1002080c     hdns_scheduler.obj
 0003:00002820       $SG37774                   10020820     hdns_scheduler.obj
 0003:00002860       $SG37780                   10020860     hdns_scheduler.obj
 0003:00002870       $SG37781                   10020870     hdns_scheduler.obj
 0003:00002874       $SG37783                   10020874     hdns_scheduler.obj
 0003:000028a0       $SG37784                   100208a0     hdns_scheduler.obj
 0003:000028b4       $SG37785                   100208b4     hdns_scheduler.obj
 0003:000028f8       $SG37796                   100208f8     hdns_scheduler.obj
 0003:0000293c       $SG37797                   1002093c     hdns_scheduler.obj
 0003:00002954       $SG37798                   10020954     hdns_scheduler.obj
 0003:00002b50       $SG36775                   10020b50     hdns_session.obj
 0003:00002b78       $SG36776                   10020b78     hdns_session.obj
 0003:00002b90       $SG36777                   10020b90     hdns_session.obj
 0003:00002bcc       $SG36780                   10020bcc     hdns_session.obj
 0003:00002bf4       $SG36781                   10020bf4     hdns_session.obj
 0003:00002c0c       $SG36782                   10020c0c     hdns_session.obj
 0003:00002c48       $SG36785                   10020c48     hdns_session.obj
 0003:00002c78       $SG36786                   10020c78     hdns_session.obj
 0003:00002c90       $SG36787                   10020c90     hdns_session.obj
 0003:00002d18       $SG36808                   10020d18     hdns_sign.obj
 0003:00002d20       $SG36809                   10020d20     hdns_sign.obj
 0003:00002d24       $SG36810                   10020d24     hdns_sign.obj
 0003:00002d28       $SG36812                   10020d28     hdns_sign.obj
 0003:00002d54       $SG36813                   10020d54     hdns_sign.obj
 0003:00002d68       $SG36814                   10020d68     hdns_sign.obj
 0003:00002dbc       $SG37186                   10020dbc     hdns_transport.obj
 0003:00002dd0       $SG37107                   10020dd0     hdns_transport.obj
 0003:00002de8       $SG37108                   10020de8     hdns_transport.obj
 0003:00002e04       $SG37109                   10020e04     hdns_transport.obj
 0003:00002e44       $SG37112                   10020e44     hdns_transport.obj
 0003:00002e60       $SG37113                   10020e60     hdns_transport.obj
 0003:00002e7c       $SG37114                   10020e7c     hdns_transport.obj
 0003:00002ebc       $SG37117                   10020ebc     hdns_transport.obj
 0003:00002edc       $SG37118                   10020edc     hdns_transport.obj
 0003:00002ef8       $SG37119                   10020ef8     hdns_transport.obj
 0003:00002f38       $SG37122                   10020f38     hdns_transport.obj
 0003:00002f54       $SG37123                   10020f54     hdns_transport.obj
 0003:00002f70       $SG37124                   10020f70     hdns_transport.obj
 0003:00002fb0       $SG37127                   10020fb0     hdns_transport.obj
 0003:00002fcc       $SG37128                   10020fcc     hdns_transport.obj
 0003:00002fe8       $SG37129                   10020fe8     hdns_transport.obj
 0003:00003028       $SG37132                   10021028     hdns_transport.obj
 0003:00003048       $SG37133                   10021048     hdns_transport.obj
 0003:00003064       $SG37134                   10021064     hdns_transport.obj
 0003:000030a4       $SG37137                   100210a4     hdns_transport.obj
 0003:000030c0       $SG37138                   100210c0     hdns_transport.obj
 0003:000030dc       $SG37139                   100210dc     hdns_transport.obj
 0003:0000311c       $SG37142                   1002111c     hdns_transport.obj
 0003:00003138       $SG37143                   10021138     hdns_transport.obj
 0003:00003154       $SG37144                   10021154     hdns_transport.obj
 0003:00003194       $SG37156                   10021194     hdns_transport.obj
 0003:0000319c       $SG37171                   1002119c     hdns_transport.obj
 0003:000031b4       $SG37172                   100211b4     hdns_transport.obj
 0003:000031bc       ?hex@?1??hdns_url_encode@@9@9 100211bc     hdns_transport.obj
 0003:000031c0       $SG37215                   100211c0     hdns_transport.obj
 0003:000031e4       $SG37216                   100211e4     hdns_transport.obj
 0003:00003200       $SG37217                   10021200     hdns_transport.obj
 0003:00003240       $SG37218                   10021240     hdns_transport.obj
 0003:00003248       $SG37222                   10021248     hdns_transport.obj
 0003:0000326c       $SG37223                   1002126c     hdns_transport.obj
 0003:00003288       $SG37224                   10021288     hdns_transport.obj
 0003:000032c8       $SG37225                   100212c8     hdns_transport.obj
 0003:000032cc       $SG37228                   100212cc     hdns_transport.obj
 0003:000032ec       $SG37229                   100212ec     hdns_transport.obj
 0003:00003308       $SG37230                   10021308     hdns_transport.obj
 0003:00003348       $SG37243                   10021348     hdns_transport.obj
 0003:00003360       $SG37245                   10021360     hdns_transport.obj
 0003:00003380       $SG37249                   10021380     hdns_transport.obj
 0003:0000338c       $SG37251                   1002138c     hdns_transport.obj
 0003:00003390       $SG37252                   10021390     hdns_transport.obj
 0003:00003394       $SG37255                   10021394     hdns_transport.obj
 0003:0000339c       $SG37256                   1002139c     hdns_transport.obj
 0003:000033a8       $SG37258                   100213a8     hdns_transport.obj
 0003:000033b0       $SG37259                   100213b0     hdns_transport.obj
 0003:000033c4       $SG37260                   100213c4     hdns_transport.obj
 0003:00003404       $SG37315                   10021404     hdns_transport.obj
 0003:00003414       $SG37316                   10021414     hdns_transport.obj
 0003:00003438       $SG37317                   10021438     hdns_transport.obj
 0003:00003478       $SG37320                   10021478     hdns_transport.obj
 0003:00003494       $SG37321                   10021494     hdns_transport.obj
 0003:000034b8       $SG37322                   100214b8     hdns_transport.obj
 0003:000034f8       $SG37326                   100214f8     hdns_transport.obj
 0003:0000352c       $SG37327                   1002152c     hdns_transport.obj
 0003:00003550       $SG37328                   10021550     hdns_transport.obj
 0003:00003590       $SG37341                   10021590     hdns_transport.obj
 0003:000035a8       $SG37342                   100215a8     hdns_transport.obj
 0003:000035cc       $SG37343                   100215cc     hdns_transport.obj
 0003:0000360c       $SG37346                   1002160c     hdns_transport.obj
 0003:00003628       $SG37347                   10021628     hdns_transport.obj
 0003:0000364c       $SG37348                   1002164c     hdns_transport.obj
 0003:0000368c       $SG37349                   1002168c     hdns_transport.obj
 0003:000036a0       $SG37361                   100216a0     hdns_transport.obj
 0003:000036b8       $SG37362                   100216b8     hdns_transport.obj
 0003:000036d8       $SG37363                   100216d8     hdns_transport.obj
 0003:00003718       $SG37366                   10021718     hdns_transport.obj
 0003:00003730       $SG37367                   10021730     hdns_transport.obj
 0003:00003750       $SG37368                   10021750     hdns_transport.obj
 0003:00003790       $SG37369                   10021790     hdns_transport.obj
 0003:000037a4       $SG37395                   100217a4     hdns_transport.obj
 0003:000037d4       $SG37396                   100217d4     hdns_transport.obj
 0003:000037f0       $SG37397                   100217f0     hdns_transport.obj
 0003:00003830       $SG37401                   10021830     hdns_transport.obj
 0003:00003860       $SG37402                   10021860     hdns_transport.obj
 0003:0000387c       $SG37403                   1002187c     hdns_transport.obj
 0003:000038bc       $SG37423                   100218bc     hdns_transport.obj
 0003:000038c8       $SG37436                   100218c8     hdns_transport.obj
 0003:000038d0       $SG37447                   100218d0     hdns_transport.obj
 0003:000038f8       $SG37448                   100218f8     hdns_transport.obj
 0003:00003914       $SG37449                   10021914     hdns_transport.obj
 0003:00003ba4       $SG36844                   10021ba4     hdns_utils.obj
 0003:00003bb0       $SG36848                   10021bb0     hdns_utils.obj
 0003:00003bd8       $SG36849                   10021bd8     hdns_utils.obj
 0003:00003bf0       $SG36850                   10021bf0     hdns_utils.obj
 0003:00003c2c       $SG36851                   10021c2c     hdns_utils.obj
 0003:00003c34       $SG36873                   10021c34     hdns_utils.obj
 0003:00003c68       _global_hooks              10021c68     cjson:cJSON.c.obj
 0003:00003e18       _g_hdns_api_pool           10021e18     hdns_api.obj
 0003:00003e1c       _g_hdns_api_thread_pool    10021e1c     hdns_api.obj
 0003:00003e20       _g_hdns_api_initialized    10021e20     hdns_api.obj
 0003:00003e24       _g_hdns_net_detector       10021e24     hdns_api.obj
 0003:00003e35       $SG37908                   10021e35     hdns_resolver.obj
 0003:00003e36       $SG37910                   10021e36     hdns_resolver.obj
 0003:00003e37       $SG37916                   10021e37     hdns_resolver.obj
 0003:00003e38       $SG37918                   10021e38     hdns_resolver.obj
 0003:00003e40       _g_hdns_session_stack_mutex 10021e40     hdns_session.obj
 0003:00003e44       _g_hdns_session_stack_size 10021e44     hdns_session.obj
 0003:00003e48       _g_hdns_session_stack      10021e48     hdns_session.obj
 0003:00003ec8       _g_hdns_session_pool       10021ec8     hdns_session.obj
 0003:00003ecc       _g_hdns_session_initialized 10021ecc     hdns_session.obj
 0003:00003eec       _global_error              10021eec     cjson:cJSON.c.obj
 0003:00003ef4       ?version@?1??cJSON_Version@@9@9 10021ef4     cjson:cJSON.c.obj
 0003:00003f08       _GS_ExceptionRecord        10021f08     MSVCRT:gs_report.obj
 0003:00003f58       _GS_ContextRecord          10021f58     MSVCRT:gs_report.obj
 0003:000042c4       ?__proc_attached@@3HA      100222c4     MSVCRT:dll_dllmain.obj
 0003:000042fc       ?is_initialized_as_dll@@3_NA 100222fc     MSVCRT:utility.obj
 0003:000042fd       ?module_local_atexit_table_initialized@@3_NA 100222fd     MSVCRT:utility.obj
 0003:00004300       ?module_local_atexit_table@@3U_onexit_table_t@@A 10022300     MSVCRT:utility.obj
 0003:0000430c       ?module_local_at_quick_exit_table@@3U_onexit_table_t@@A 1002230c     MSVCRT:utility.obj
 0004:000010d8       .idata$6                   100240d8     libapr:libapr.dll
 0004:000011de       .idata$6                   100241de     libaprutil:libaprutil.dll
 0004:000012cc       .idata$6                   100242cc     libcurl.dll:libcurl.dll
 0004:0000130e       .idata$6                   1002430e     ws2_32:WS2_32.dll
 0004:0000139c       .idata$6                   1002439c     vcruntime:VCRUNTIME140.dll
 0004:0000159e       .idata$6                   1002459e     ucrt:api-ms-win-crt-utility-l1-1-0.dll
 0004:000015c0       .idata$6                   100245c0     ucrt:api-ms-win-crt-string-l1-1-0.dll
 0004:000015e2       .idata$6                   100245e2     ucrt:api-ms-win-crt-time-l1-1-0.dll
 0004:00001602       .idata$6                   10024602     ucrt:api-ms-win-crt-stdio-l1-1-0.dll
 0004:00001622       .idata$6                   10024622     ucrt:api-ms-win-crt-heap-l1-1-0.dll
 0004:00001642       .idata$6                   10024642     ucrt:api-ms-win-crt-convert-l1-1-0.dll
 0004:00001664       .idata$6                   10024664     ucrt:api-ms-win-crt-locale-l1-1-0.dll
 0004:00001686       .idata$6                   10024686     ucrt:api-ms-win-crt-math-l1-1-0.dll
 0004:000016a6       .idata$6                   100246a6     ucrt:api-ms-win-crt-runtime-l1-1-0.dll
 0004:00001812       .idata$6                   10024812     kernel32:KERNEL32.dll
 0006:000001c0       $R000000                   100261c0     Resource.res
 0006:000004a0       $R0002E0                   100264a0     Resource.res
