 httpdns

 Timestamp is 67120b6c (Fri Oct 18 15:17:00 2024)

 Preferred load address is 10000000

 Start         Length     Name                   Class
 0001:00000000 000180cfH .text$mn                CODE
 0002:00000000 00000104H .CRT$XCA                DATA
 0002:00000104 00000104H .CRT$XCZ                DATA
 0002:00000208 00000104H .CRT$XIA                DATA
 0002:0000030c 00000104H .CRT$XIZ                DATA
 0002:00000410 00000104H .CRT$XPA                DATA
 0002:00000514 00000104H .CRT$XPZ                DATA
 0002:00000618 00000104H .CRT$XTA                DATA
 0002:0000071c 00000104H .CRT$XTZ                DATA
 0002:00000820 00000420H .rdata                  DATA
 0002:00000c40 00000180H .rdata$CastGuardVftablesA DATA
 0002:00000dc0 0000014cH .rdata$CastGuardVftablesC DATA
 0002:00000f0c 00000104H .rdata$sxdata           DATA
 0002:00001010 0000018cH .rdata$zzzdbg           DATA
 0002:0000119c 00000104H .rtc$IAA                DATA
 0002:000012a0 00000104H .rtc$IZZ                DATA
 0002:000013a4 00000104H .rtc$TAA                DATA
 0002:000014a8 00000108H .rtc$TZZ                DATA
 0002:000015b0 000001a0H .xdata$x                DATA
 0002:00001750 000026a2H .edata                  DATA
 0003:00000000 00003b60H .data                   DATA
 0003:00003b60 00000558H .bss                    DATA
 0004:00000000 0000052cH .idata$5                DATA
 0004:0000052c 0000012cH .idata$2                DATA
 0004:00000658 00000014H .idata$3                DATA
 0004:0000066c 0000052cH .idata$4                DATA
 0004:00000b98 00000ef2H .idata$6                DATA
 0005:00000000 0000010eH .00cfg                  DATA
 0006:00000000 000001c0H .rsrc$01                DATA
 0006:000001c0 00000640H .rsrc$02                DATA

  Address         Publics by Value              Rva+Base       Lib:Object

 0000:00000000       ___AbsoluteZero            00000000     <absolute>
 0000:00000000       ___arm64x_extra_rfe_table  00000000     <absolute>
 0000:00000000       ___arm64x_extra_rfe_table_size 00000000     <absolute>
 0000:00000000       ___arm64x_native_entrypoint 00000000     <absolute>
 0000:00000000       ___arm64x_redirection_metadata 00000000     <absolute>
 0000:00000000       ___arm64x_redirection_metadata_count 00000000     <absolute>
 0000:00000000       ___dynamic_value_reloc_table 00000000     <absolute>
 0000:00000000       ___enclave_config          00000000     <absolute>
 0000:00000000       ___guard_check_icall_a64n_fptr 00000000     <absolute>
 0000:00000000       ___guard_eh_cont_count     00000000     <absolute>
 0000:00000000       ___guard_eh_cont_table     00000000     <absolute>
 0000:00000000       ___guard_fids_count        00000000     <absolute>
 0000:00000000       ___guard_fids_table        00000000     <absolute>
 0000:00000000       ___guard_iat_count         00000000     <absolute>
 0000:00000000       ___guard_iat_table         00000000     <absolute>
 0000:00000000       ___guard_longjmp_count     00000000     <absolute>
 0000:00000000       ___guard_longjmp_table     00000000     <absolute>
 0000:00000000       ___hybrid_auxiliary_delayload_iat 00000000     <absolute>
 0000:00000000       ___hybrid_auxiliary_delayload_iat_copy 00000000     <absolute>
 0000:00000000       ___hybrid_auxiliary_iat    00000000     <absolute>
 0000:00000000       ___hybrid_auxiliary_iat_copy 00000000     <absolute>
 0000:00000000       ___hybrid_code_map         00000000     <absolute>
 0000:00000000       ___hybrid_code_map_count   00000000     <absolute>
 0000:00000000       ___hybrid_image_info_bitfield 00000000     <absolute>
 0000:00000000       ___volatile_metadata       00000000     <absolute>
 0000:00000000       ___x64_code_ranges_to_entry_points 00000000     <absolute>
 0000:00000000       ___x64_code_ranges_to_entry_points_count 00000000     <absolute>
 0000:00000001       ___safe_se_handler_count   00000001     <absolute>
 0000:00000100       ___guard_flags             00000100     <absolute>
 0000:00000000       ___ImageBase               10000000     <linker-defined>
 0001:00000d50       _hdns_sdk_init             10001d50 f   hdns_api.obj
 0001:00000f20       _hdns_client_create        10001f20 f   hdns_api.obj
 0001:00001000       _hdns_client_start         10002000 f   hdns_api.obj
 0001:00001160       _hdns_client_set_timeout   10002160 f   hdns_api.obj
 0001:000011a0       _hdns_client_set_using_cache 100021a0 f   hdns_api.obj
 0001:000011e0       _hdns_client_set_using_https 100021e0 f   hdns_api.obj
 0001:00001220       _hdns_client_set_using_sign 10002220 f   hdns_api.obj
 0001:00001260       _hdns_client_set_retry_times 10002260 f   hdns_api.obj
 0001:000012a0       _hdns_client_set_region    100022a0 f   hdns_api.obj
 0001:00001340       _hdns_client_set_schedule_center_region 10002340 f   hdns_api.obj
 0001:000014a0       _hdns_client_enable_update_cache_after_net_change 100024a0 f   hdns_api.obj
 0001:000014f0       _hdns_client_enable_expired_ip 100024f0 f   hdns_api.obj
 0001:00001530       _hdns_client_enable_failover_localdns 10002530 f   hdns_api.obj
 0001:00001570       _hdns_client_add_pre_resolve_host 10002570 f   hdns_api.obj
 0001:000015c0       _hdns_client_add_ip_probe_item 100025c0 f   hdns_api.obj
 0001:00001640       _hdns_client_add_custom_ttl_item 10002640 f   hdns_api.obj
 0001:000016c0       _hdns_client_get_session_id 100026c0 f   hdns_api.obj
 0001:00001700       _hdns_resv_req_create      10002700 f   hdns_api.obj
 0001:00001720       _hdns_resv_req_set_client_ip 10002720 f   hdns_api.obj
 0001:000017e0       _hdns_resv_req_set_host    100027e0 f   hdns_api.obj
 0001:000018a0       _hdns_resv_req_append_sdns_param 100028a0 f   hdns_api.obj
 0001:00001970       _hdns_resv_req_set_query_type 10002970 f   hdns_api.obj
 0001:00001a10       _hdns_resv_req_set_cache_key 10002a10 f   hdns_api.obj
 0001:00001ad0       _hdns_resv_req_cleanup     10002ad0 f   hdns_api.obj
 0001:00001af0       _hdns_list_create          10002af0 f   hdns_api.obj
 0001:00001b00       _hdns_list_add_str         10002b00 f   hdns_api.obj
 0001:00001ba0       _hdns_list_cleanup         10002ba0 f   hdns_api.obj
 0001:00001bc0       _hdns_get_result_for_host_sync_with_custom_request 10002bc0 f   hdns_api.obj
 0001:00001d20       _hdns_get_result_for_host_sync_with_cache 10002d20 f   hdns_api.obj
 0001:00001d70       _hdns_get_result_for_host_sync_without_cache 10002d70 f   hdns_api.obj
 0001:00001dc0       _hdns_get_results_for_hosts_sync_with_cache 10002dc0 f   hdns_api.obj
 0001:00001e10       _hdns_get_results_for_hosts_sync_without_cache 10002e10 f   hdns_api.obj
 0001:00001e60       _hdns_get_result_for_host_async_with_custom_request 10002e60 f   hdns_api.obj
 0001:00001fb0       _hdns_get_result_for_host_async_with_cache 10002fb0 f   hdns_api.obj
 0001:00002110       _hdns_get_result_for_host_async_without_cache 10003110 f   hdns_api.obj
 0001:00002270       _hdns_get_results_for_hosts_async_with_cache 10003270 f   hdns_api.obj
 0001:00002440       _hdns_get_results_for_hosts_async_without_cache 10003440 f   hdns_api.obj
 0001:00002610       _hdns_select_ip_randomly   10003610 f   hdns_api.obj
 0001:00002630       _hdns_select_first_ip      10003630 f   hdns_api.obj
 0001:00002650       _hdns_get_sdns_extra       10003650 f   hdns_api.obj
 0001:00002760       _hdns_log_set_log_file_path 10003760 f   hdns_api.obj
 0001:00002860       _hdns_log_set_log_level    10003860 f   hdns_api.obj
 0001:00002880       _hdns_remove_host_cache    10003880 f   hdns_api.obj
 0001:000028e0       _hdns_client_cleanup       100038e0 f   hdns_api.obj
 0001:00002930       _hdns_sdk_cleanup          10003930 f   hdns_api.obj
 0001:00002a80       _hdns_config_add_pre_resolve_host 10003a80 f   hdns_api.obj
 0001:00003c70       _hdns_create_buf           10004c70 f   hdns_buf.obj
 0001:00003cd0       _hdns_buf_pack             10004cd0 f   hdns_buf.obj
 0001:00003d30       _hdns_buf_list_content     10004d30 f   hdns_buf.obj
 0001:00003e10       _hdns_buf_append_string    10004e10 f   hdns_buf.obj
 0001:00003ef0       _hdns_buf_list_len         10004ef0 f   hdns_buf.obj
 0001:00004000       _hdns_cache_table_create   10005000 f   hdns_cache.obj
 0001:00004070       _hdns_cache_table_add      10005070 f   hdns_cache.obj
 0001:00004130       _hdns_cache_table_delete   10005130 f   hdns_cache.obj
 0001:000041b0       _hdns_cache_table_get      100051b0 f   hdns_cache.obj
 0001:00004250       _hdns_cache_table_clean    10005250 f   hdns_cache.obj
 0001:00004330       _hdns_cache_table_cleanup  10005330 f   hdns_cache.obj
 0001:00004360       _hdns_cache_get_keys       10005360 f   hdns_cache.obj
 0001:000046f0       _hdns_do_single_resolve    100056f0 f   hdns_client.obj
 0001:00004820       _hdns_do_batch_resolve     10005820 f   hdns_client.obj
 0001:00005030       _hdns_do_single_resolve_with_req 10006030 f   hdns_client.obj
 0001:00005620       _hdns_update_cache_on_net_change 10006620 f   hdns_client.obj
 0001:000056a0       _hdns_fetch_resv_results   100066a0 f   hdns_client.obj
 0001:000059d0       _hdns_batch_fetch_resv_results 100069d0 f   hdns_client.obj
 0001:00005fb0       _hdns_net_speed_cache_cb_fn 10006fb0 f   hdns_client.obj
 0001:000068f0       _hdns_config_create        100078f0 f   hdns_config.obj
 0001:00006950       _hdns_config_valid         10007950 f   hdns_config.obj
 0001:00006bc0       _hdns_config_cleanup       10007bc0 f   hdns_config.obj
 0001:00006bf0       _hdns_config_get_boot_servers 10007bf0 f   hdns_config.obj
 0001:00007480       _hdns_file_create_dir      10008480 f   hdns_file.obj
 0001:00007640       _hdns_file_write           10008640 f   hdns_file.obj
 0001:00007820       _hdns_file_read            10008820 f   hdns_file.obj
 0001:00007b90       _hdns_fstack_create        10008b90 f   hdns_fstack.obj
 0001:00007bb0       _hdns_fstack_pop           10008bb0 f   hdns_fstack.obj
 0001:00007c40       _hdns_fstack_destory       10008c40 f   hdns_fstack.obj
 0001:00007c60       _hdns_fstack_push          10008c60 f   hdns_fstack.obj
 0001:00007cd0       _hdns_http_controller_create 10008cd0 f   hdns_http.obj
 0001:00007d80       _hdns_http_request_create  10008d80 f   hdns_http.obj
 0001:00007e50       _hdns_http_response_create 10008e50 f   hdns_http.obj
 0001:00007f50       _hdns_http_should_retry    10008f50 f   hdns_http.obj
 0001:00007fa0       _hdns_http_send_request    10008fa0 f   hdns_http.obj
 0001:00008270       _hdns_ip_create            10009270 f   hdns_ip.obj
 0001:000082c0       _hdns_ip_cmp               100092c0 f   hdns_ip.obj
 0001:00008310       _hdns_ip_search            10009310 f   hdns_ip.obj
 0001:000083b0       _hdns_list_new             100093b0 f   hdns_list.obj
 0001:00008400       _hdns_list_free            10009400 f   hdns_list.obj
 0001:00008420       _hdns_list_add             10009420 f   hdns_list.obj
 0001:000084b0       _hdns_list_first           100094b0 f   hdns_list.obj
 0001:000084c0       _hdns_list_del             100094c0 f   hdns_list.obj
 0001:00008500       _hdns_list_rotate          10009500 f   hdns_list.obj
 0001:00008570       _hdns_list_dup             10009570 f   hdns_list.obj
 0001:000085d0       _hdns_list_get             100095d0 f   hdns_list.obj
 0001:00008630       _hdns_list_size            10009630 f   hdns_list.obj
 0001:00008680       _hdns_list_shuffle         10009680 f   hdns_list.obj
 0001:00008740       _hdns_list_contain         10009740 f   hdns_list.obj
 0001:000087a0       _hdns_list_min             100097a0 f   hdns_list.obj
 0001:00008810       _hdns_list_max             10009810 f   hdns_list.obj
 0001:00008880       _hdns_list_sort            10009880 f   hdns_list.obj
 0001:00008930       _hdns_list_search          10009930 f   hdns_list.obj
 0001:000089a0       _hdns_list_is_end_node     100099a0 f   hdns_list.obj
 0001:000089f0       _hdns_list_insert_tail     100099f0 f   hdns_list.obj
 0001:00008c40       _hdns_localdns_resolve     10009c40 f   hdns_localdns.obj
 0001:00008d50       _hdns_log_create           10009d50 f   hdns_log.obj
 0001:00008d70       _hdns_log_cleanup          10009d70 f   hdns_log.obj
 0001:00008d90       _hdns_log_set_print        10009d90 f   hdns_log.obj
 0001:00008da0       _hdns_log_set_format       10009da0 f   hdns_log.obj
 0001:00008db0       _hdns_log_set_level        10009db0 f   hdns_log.obj
 0001:00008dc0       _hdns_log_set_output       10009dc0 f   hdns_log.obj
 0001:00008e10       _hdns_log_print_default    10009e10 f   hdns_log.obj
 0001:00008e80       _hdns_log_format_default   10009e80 f   hdns_log.obj
 0001:000090f0       ___local_stdio_printf_options 1000a0f0 f i hdns_log.obj
 0001:00009100       __vfprintf_l               1000a100 f i hdns_log.obj
 0001:00009140       _fprintf                   1000a140 f i hdns_log.obj
 0001:00009180       _vsnprintf                 1000a180 f i hdns_log.obj
 0001:000091f0       _hdns_net_detector_create  1000a1f0 f   hdns_net.obj
 0001:00009360       _hdns_net_detector_stop    1000a360 f   hdns_net.obj
 0001:000093b0       _hdns_net_detector_cleanup 1000a3b0 f   hdns_net.obj
 0001:00009470       _hdns_net_add_chg_cb_task  1000a470 f   hdns_net.obj
 0001:000095b0       _hdns_net_cancel_chg_cb_task 1000a5b0 f   hdns_net.obj
 0001:00009660       _hdns_net_add_speed_detect_task 1000a660 f   hdns_net.obj
 0001:00009770       _hdns_net_get_type         1000a770 f   hdns_net.obj
 0001:00009840       _hdns_net_is_changed       1000a840 f   hdns_net.obj
 0001:00009f30       _hdns_net_type_detector_update_cache 1000af30 f   hdns_net.obj
 0001:0000aa90       _hdns_resv_resp_create_empty 1000ba90 f   hdns_resolver.obj
 0001:0000ab40       _hdns_resv_req_valid       1000bb40 f   hdns_resolver.obj
 0001:0000ad50       _hdns_resv_req_new         1000bd50 f   hdns_resolver.obj
 0001:0000aef0       _hdns_resv_req_free        1000bef0 f   hdns_resolver.obj
 0001:0000af20       _hdns_resv_req_clone       1000bf20 f   hdns_resolver.obj
 0001:0000b0d0       _hdns_resv_send_req        1000c0d0 f   hdns_resolver.obj
 0001:0000b360       _hdns_resv_resp_clone      1000c360 f   hdns_resolver.obj
 0001:0000b470       _hdns_resv_resp_destroy    1000c470 f   hdns_resolver.obj
 0001:0000b490       _hdns_parse_resv_resp      1000c490 f   hdns_resolver.obj
 0001:0000b4f0       _hdns_resv_resp_to_str     1000c4f0 f   hdns_resolver.obj
 0001:0000c4c0       _hdns_scheduler_create     1000d4c0 f   hdns_scheduler.obj
 0001:0000c680       _hdns_scheduler_refresh_async 1000d680 f   hdns_scheduler.obj
 0001:0000c750       _hdns_scheduler_failover   1000d750 f   hdns_scheduler.obj
 0001:0000c860       _hdns_scheduler_get        1000d860 f   hdns_scheduler.obj
 0001:0000c9c0       _hdns_scheduler_cleanup    1000d9c0 f   hdns_scheduler.obj
 0001:0000ca90       _hdns_scheduler_refresh_resolvers 1000da90 f   hdns_scheduler.obj
 0001:0000d600       _hdns_net_speed_resolver_cb_fn 1000e600 f   hdns_scheduler.obj
 0001:0000dbc0       __vsnprintf_l              1000ebc0 f i hdns_scheduler.obj
 0001:0000dc30       __vsprintf_l               1000ec30 f i hdns_scheduler.obj
 0001:0000dc60       _sprintf                   1000ec60 f i hdns_scheduler.obj
 0001:0000dca0       _hdns_session_pool_init    1000eca0 f   hdns_session.obj
 0001:0000de60       _hdns_session_require      1000ee60 f   hdns_session.obj
 0001:0000dee0       _hdns_session_release      1000eee0 f   hdns_session.obj
 0001:0000df50       _hdns_session_pool_cleanup 1000ef50 f   hdns_session.obj
 0001:0000e0d0       _hdns_gen_resv_req_sign    1000f0d0 f   hdns_sign.obj
 0001:0000e0f0       _hdns_gen_sched_req_sign   1000f0f0 f   hdns_sign.obj
 0001:0000e2d0       _hdns_status_is_ok         1000f2d0 f   hdns_status.obj
 0001:0000e300       _hdns_status_ok            1000f300 f   hdns_status.obj
 0001:0000ea50       _hdns_status_error         1000fa50 f   hdns_status.obj
 0001:0000ede0       _hdns_strip_space          1000fde0 f   hdns_string.obj
 0001:0000ee00       _hdns_trip_space_and_cntrl 1000fe00 f   hdns_string.obj
 0001:0000ee20       _hdns_unquote_str          1000fe20 f   hdns_string.obj
 0001:0000ee40       _hdns_pstrdup              1000fe40 f   hdns_string.obj
 0001:0000ee60       _hdns_ends_with            1000fe60 f   hdns_string.obj
 0001:0000eed0       _hdns_str_search           1000fed0 f   hdns_string.obj
 0001:0000ef20       _hdns_str_start_with       1000ff20 f   hdns_string.obj
 0001:0000f120       _hdns_http_transport_create 10010120 f   hdns_transport.obj
 0001:0000f250       _hdns_http_transport_perform 10010250 f   hdns_transport.obj
 0001:000108e0       _hdns_curl_response_headers_parse 100118e0 f   hdns_transport.obj
 0001:00010fb0       _hdns_get_user_home_dir    10011fb0 f   hdns_utils.obj
 0001:00011070       _hdns_is_valid_ipv6        10012070 f   hdns_utils.obj
 0001:000110d0       _hdns_is_valid_ipv4        100120d0 f   hdns_utils.obj
 0001:00011120       _hdns_md5                  10012120 f   hdns_utils.obj
 0001:00011180       _hdns_encode_hex           10012180 f   hdns_utils.obj
 0001:00011300       ___local_stdio_scanf_options 10012300 f i cjson:cJSON.c.obj
 0001:00011310       __vsscanf_l                10012310 f i cjson:cJSON.c.obj
 0001:000114b0       _cJSON_AddArrayToObject@8  100124b0 f   cjson:cJSON.c.obj
 0001:00011500       _cJSON_AddBoolToObject@12  10012500 f   cjson:cJSON.c.obj
 0001:00011550       _cJSON_AddFalseToObject@8  10012550 f   cjson:cJSON.c.obj
 0001:000115a0       _cJSON_AddItemReferenceToArray@8 100125a0 f   cjson:cJSON.c.obj
 0001:000115e0       _cJSON_AddItemReferenceToObject@12 100125e0 f   cjson:cJSON.c.obj
 0001:00011630       _cJSON_AddItemToArray@8    10012630 f   cjson:cJSON.c.obj
 0001:00011650       _cJSON_AddItemToObject@12  10012650 f   cjson:cJSON.c.obj
 0001:00011680       _cJSON_AddItemToObjectCS@12 10012680 f   cjson:cJSON.c.obj
 0001:000116b0       _cJSON_AddNullToObject@8   100126b0 f   cjson:cJSON.c.obj
 0001:00011700       _cJSON_AddNumberToObject@16 10012700 f   cjson:cJSON.c.obj
 0001:00011760       _cJSON_AddObjectToObject@8 10012760 f   cjson:cJSON.c.obj
 0001:000117b0       _cJSON_AddRawToObject@12   100127b0 f   cjson:cJSON.c.obj
 0001:00011800       _cJSON_AddStringToObject@12 10012800 f   cjson:cJSON.c.obj
 0001:00011850       _cJSON_AddTrueToObject@8   10012850 f   cjson:cJSON.c.obj
 0001:000118a0       _cJSON_Compare@12          100128a0 f   cjson:cJSON.c.obj
 0001:00011be0       _cJSON_CreateArray@0       10012be0 f   cjson:cJSON.c.obj
 0001:00011c00       _cJSON_CreateArrayReference@4 10012c00 f   cjson:cJSON.c.obj
 0001:00011c40       _cJSON_CreateBool@4        10012c40 f   cjson:cJSON.c.obj
 0001:00011c70       _cJSON_CreateDoubleArray@8 10012c70 f   cjson:cJSON.c.obj
 0001:00011d30       _cJSON_CreateFalse@0       10012d30 f   cjson:cJSON.c.obj
 0001:00011d50       _cJSON_CreateFloatArray@8  10012d50 f   cjson:cJSON.c.obj
 0001:00011e20       _cJSON_CreateIntArray@8    10012e20 f   cjson:cJSON.c.obj
 0001:00011ef0       _cJSON_CreateNull@0        10012ef0 f   cjson:cJSON.c.obj
 0001:00011f10       _cJSON_CreateNumber@8      10012f10 f   cjson:cJSON.c.obj
 0001:00011f90       _cJSON_CreateObject@0      10012f90 f   cjson:cJSON.c.obj
 0001:00011fb0       _cJSON_CreateObjectReference@4 10012fb0 f   cjson:cJSON.c.obj
 0001:00011ff0       _cJSON_CreateRaw@4         10012ff0 f   cjson:cJSON.c.obj
 0001:00012050       _cJSON_CreateString@4      10013050 f   cjson:cJSON.c.obj
 0001:000120b0       _cJSON_CreateStringArray@8 100130b0 f   cjson:cJSON.c.obj
 0001:00012150       _cJSON_CreateStringReference@4 10013150 f   cjson:cJSON.c.obj
 0001:00012190       _cJSON_CreateTrue@0        10013190 f   cjson:cJSON.c.obj
 0001:000121b0       _cJSON_Delete@4            100131b0 f   cjson:cJSON.c.obj
 0001:00012250       _cJSON_DeleteItemFromArray@8 10013250 f   cjson:cJSON.c.obj
 0001:00012270       _cJSON_DeleteItemFromObject@8 10013270 f   cjson:cJSON.c.obj
 0001:00012290       _cJSON_DeleteItemFromObjectCaseSensitive@8 10013290 f   cjson:cJSON.c.obj
 0001:000122b0       _cJSON_DetachItemFromArray@8 100132b0 f   cjson:cJSON.c.obj
 0001:000122f0       _cJSON_DetachItemFromObject@8 100132f0 f   cjson:cJSON.c.obj
 0001:00012310       _cJSON_DetachItemFromObjectCaseSensitive@8 10013310 f   cjson:cJSON.c.obj
 0001:00012330       _cJSON_DetachItemViaPointer@8 10013330 f   cjson:cJSON.c.obj
 0001:000123c0       _cJSON_Duplicate@8         100133c0 f   cjson:cJSON.c.obj
 0001:000124f0       _cJSON_GetArrayItem@8      100134f0 f   cjson:cJSON.c.obj
 0001:00012520       _cJSON_GetArraySize@4      10013520 f   cjson:cJSON.c.obj
 0001:00012550       _cJSON_GetErrorPtr@0       10013550 f   cjson:cJSON.c.obj
 0001:00012560       _cJSON_GetNumberValue@4    10013560 f   cjson:cJSON.c.obj
 0001:00012590       _cJSON_GetObjectItem@8     10013590 f   cjson:cJSON.c.obj
 0001:000125b0       _cJSON_GetObjectItemCaseSensitive@8 100135b0 f   cjson:cJSON.c.obj
 0001:000125d0       _cJSON_GetStringValue@4    100135d0 f   cjson:cJSON.c.obj
 0001:000125f0       _cJSON_HasObjectItem@8     100135f0 f   cjson:cJSON.c.obj
 0001:00012610       _cJSON_InitHooks@4         10013610 f   cjson:cJSON.c.obj
 0001:000126c0       _cJSON_InsertItemInArray@12 100136c0 f   cjson:cJSON.c.obj
 0001:00012750       _cJSON_IsArray@4           10013750 f   cjson:cJSON.c.obj
 0001:00012770       _cJSON_IsBool@4            10013770 f   cjson:cJSON.c.obj
 0001:00012790       _cJSON_IsFalse@4           10013790 f   cjson:cJSON.c.obj
 0001:000127b0       _cJSON_IsInvalid@4         100137b0 f   cjson:cJSON.c.obj
 0001:000127d0       _cJSON_IsNull@4            100137d0 f   cjson:cJSON.c.obj
 0001:000127f0       _cJSON_IsNumber@4          100137f0 f   cjson:cJSON.c.obj
 0001:00012810       _cJSON_IsObject@4          10013810 f   cjson:cJSON.c.obj
 0001:00012830       _cJSON_IsRaw@4             10013830 f   cjson:cJSON.c.obj
 0001:00012850       _cJSON_IsString@4          10013850 f   cjson:cJSON.c.obj
 0001:00012870       _cJSON_IsTrue@4            10013870 f   cjson:cJSON.c.obj
 0001:00012890       _cJSON_Minify@4            10013890 f   cjson:cJSON.c.obj
 0001:000129e0       _cJSON_Parse@4             100139e0 f   cjson:cJSON.c.obj
 0001:00012a00       _cJSON_ParseWithLength@8   10013a00 f   cjson:cJSON.c.obj
 0001:00012a20       _cJSON_ParseWithLengthOpts@16 10013a20 f   cjson:cJSON.c.obj
 0001:00012b90       _cJSON_ParseWithOpts@12    10013b90 f   cjson:cJSON.c.obj
 0001:00012bd0       _cJSON_Print@4             10013bd0 f   cjson:cJSON.c.obj
 0001:00012bf0       _cJSON_PrintBuffered@12    10013bf0 f   cjson:cJSON.c.obj
 0001:00012cb0       _cJSON_PrintPreallocated@16 10013cb0 f   cjson:cJSON.c.obj
 0001:00012d40       _cJSON_PrintUnformatted@4  10013d40 f   cjson:cJSON.c.obj
 0001:00012d60       _cJSON_ReplaceItemInArray@12 10013d60 f   cjson:cJSON.c.obj
 0001:00012da0       _cJSON_ReplaceItemInObject@12 10013da0 f   cjson:cJSON.c.obj
 0001:00012dc0       _cJSON_ReplaceItemInObjectCaseSensitive@12 10013dc0 f   cjson:cJSON.c.obj
 0001:00012de0       _cJSON_ReplaceItemViaPointer@12 10013de0 f   cjson:cJSON.c.obj
 0001:00012e80       _cJSON_SetNumberHelper@12  10013e80 f   cjson:cJSON.c.obj
 0001:00012ef0       _cJSON_SetValuestring@8    10013ef0 f   cjson:cJSON.c.obj
 0001:00012fb0       _cJSON_Version@0           10013fb0 f   cjson:cJSON.c.obj
 0001:00012fe0       _cJSON_free@4              10013fe0 f   cjson:cJSON.c.obj
 0001:00013000       _cJSON_malloc@4            10014000 f   cjson:cJSON.c.obj
 0001:00014bc0       _sscanf                    10015bc0 f i cjson:cJSON.c.obj
 0001:00014dd8       _apr_strerror@12           10015dd8 f   libapr:libapr.dll
 0001:00014dde       _apr_initialize@0          10015dde f   libapr:libapr.dll
 0001:00014de4       _apr_terminate             10015de4 f   libapr:libapr.dll
 0001:00014dea       _apr_allocator_max_free_set@8 10015dea f   libapr:libapr.dll
 0001:00014df0       _apr_thread_mutex_lock@4   10015df0 f   libapr:libapr.dll
 0001:00014df6       _apr_thread_mutex_unlock@4 10015df6 f   libapr:libapr.dll
 0001:00014dfc       _apr_pool_create_ex@16     10015dfc f   libapr:libapr.dll
 0001:00014e02       _apr_pool_allocator_get@4  10015e02 f   libapr:libapr.dll
 0001:00014e08       _apr_pool_destroy@4        10015e08 f   libapr:libapr.dll
 0001:00014e0e       _apr_palloc@8              10015e0e f   libapr:libapr.dll
 0001:00014e14       _apr_table_set@12          10015e14 f   libapr:libapr.dll
 0001:00014e1a       _apr_file_open@20          10015e1a f   libapr:libapr.dll
 0001:00014e20       _apr_file_close@4          10015e20 f   libapr:libapr.dll
 0001:00014e26       _apr_pstrdup@8             10015e26 f   libapr:libapr.dll
 0001:00014e2c       _apr_hash_set@16           10015e2c f   libapr:libapr.dll
 0001:00014e32       _apr_thread_mutex_create@12 10015e32 f   libapr:libapr.dll
 0001:00014e38       _apr_thread_mutex_destroy@4 10015e38 f   libapr:libapr.dll
 0001:00014e3e       _apr_hash_make@4           10015e3e f   libapr:libapr.dll
 0001:00014e44       _apr_hash_get@12           10015e44 f   libapr:libapr.dll
 0001:00014e4a       _apr_hash_clear@4          10015e4a f   libapr:libapr.dll
 0001:00014e50       _apr_hash_do@12            10015e50 f   libapr:libapr.dll
 0001:00014e56       _apr_time_now@0            10015e56 f   libapr:libapr.dll
 0001:00014e5c       _apr_array_make@12         10015e5c f   libapr:libapr.dll
 0001:00014e62       _apr_array_push@4          10015e62 f   libapr:libapr.dll
 0001:00014e68       _apr_array_clear@4         10015e68 f   libapr:libapr.dll
 0001:00014e6e       _apr_array_pstrcat@12      10015e6e f   libapr:libapr.dll
 0001:00014e74       _apr_pstrcat               10015e74 f   libapr:libapr.dll
 0001:00014e7a       _apr_stat@16               10015e7a f   libapr:libapr.dll
 0001:00014e80       _apr_file_write@12         10015e80 f   libapr:libapr.dll
 0001:00014e86       _apr_file_read_full@16     10015e86 f   libapr:libapr.dll
 0001:00014e8c       _apr_dir_make@12           10015e8c f   libapr:libapr.dll
 0001:00014e92       _apr_array_pop@4           10015e92 f   libapr:libapr.dll
 0001:00014e98       _apr_table_make@8          10015e98 f   libapr:libapr.dll
 0001:00014e9e       _apr_sockaddr_info_get@24  10015e9e f   libapr:libapr.dll
 0001:00014ea4       _apr_sockaddr_ip_get@8     10015ea4 f   libapr:libapr.dll
 0001:00014eaa       _apr_time_exp_lt@12        10015eaa f   libapr:libapr.dll
 0001:00014eb0       _apr_os_thread_current@0   10015eb0 f   libapr:libapr.dll
 0001:00014eb6       _apr_snprintf              10015eb6 f   libapr:libapr.dll
 0001:00014ebc       _apr_sleep@8               10015ebc f   libapr:libapr.dll
 0001:00014ec2       _apr_socket_create@20      10015ec2 f   libapr:libapr.dll
 0001:00014ec8       _apr_socket_close@4        10015ec8 f   libapr:libapr.dll
 0001:00014ece       _apr_socket_connect@8      10015ece f   libapr:libapr.dll
 0001:00014ed4       _apr_socket_timeout_set@12 10015ed4 f   libapr:libapr.dll
 0001:00014eda       _apr_atomic_read32@4       10015eda f   libapr:libapr.dll
 0001:00014ee0       _apr_atomic_inc32@4        10015ee0 f   libapr:libapr.dll
 0001:00014ee6       _apr_atomic_dec32@4        10015ee6 f   libapr:libapr.dll
 0001:00014eec       _apr_thread_cond_create@8  10015eec f   libapr:libapr.dll
 0001:00014ef2       _apr_thread_cond_timedwait@16 10015ef2 f   libapr:libapr.dll
 0001:00014ef8       _apr_thread_cond_signal@4  10015ef8 f   libapr:libapr.dll
 0001:00014efe       _apr_thread_cond_broadcast@4 10015efe f   libapr:libapr.dll
 0001:00014f04       _apr_thread_cond_destroy@4 10015f04 f   libapr:libapr.dll
 0001:00014f0a       _apr_is_empty_table@4      10015f0a f   libapr:libapr.dll
 0001:00014f10       _apr_table_copy@8          10015f10 f   libapr:libapr.dll
 0001:00014f16       _apr_table_overlap@12      10015f16 f   libapr:libapr.dll
 0001:00014f1c       _apr_itoa@8                10015f1c f   libapr:libapr.dll
 0001:00014f22       _apr_generate_random_bytes@8 10015f22 f   libapr:libapr.dll
 0001:00014f28       _apr_pstrndup@12           10015f28 f   libapr:libapr.dll
 0001:00014f2e       _apr_table_elts@4          10015f2e f   libapr:libapr.dll
 0001:00014f34       _apr_table_addn@12         10015f34 f   libapr:libapr.dll
 0001:00014f3a       _apr_psprintf              10015f3a f   libapr:libapr.dll
 0001:00014f40       _apr_env_get@12            10015f40 f   libapr:libapr.dll
 0001:00014f46       _apr_thread_pool_create@16 10015f46 f   libaprutil:libaprutil.dll
 0001:00014f4c       _apr_thread_pool_destroy@4 10015f4c f   libaprutil:libaprutil.dll
 0001:00014f52       _apr_thread_pool_push@20   10015f52 f   libaprutil:libaprutil.dll
 0001:00014f58       _apr_thread_pool_schedule@24 10015f58 f   libaprutil:libaprutil.dll
 0001:00014f5e       _apr_thread_pool_tasks_cancel@8 10015f5e f   libaprutil:libaprutil.dll
 0001:00014f64       _apr_thread_pool_idle_wait_set@12 10015f64 f   libaprutil:libaprutil.dll
 0001:00014f6a       _apr_md5_init@4            10015f6a f   libaprutil:libaprutil.dll
 0001:00014f70       _apr_md5_update@12         10015f70 f   libaprutil:libaprutil.dll
 0001:00014f76       _apr_md5_final@8           10015f76 f   libaprutil:libaprutil.dll
 0001:00014f7c       _curl_global_init          10015f7c f   libcurl.dll:libcurl.dll
 0001:00014f82       _curl_global_cleanup       10015f82 f   libcurl.dll:libcurl.dll
 0001:00014f88       _curl_easy_strerror        10015f88 f   libcurl.dll:libcurl.dll
 0001:00014f8e       _curl_easy_init            10015f8e f   libcurl.dll:libcurl.dll
 0001:00014f94       _curl_easy_cleanup         10015f94 f   libcurl.dll:libcurl.dll
 0001:00014f9a       _curl_easy_reset           10015f9a f   libcurl.dll:libcurl.dll
 0001:00014fa0       _curl_slist_append         10015fa0 f   libcurl.dll:libcurl.dll
 0001:00014fa6       _curl_slist_free_all       10015fa6 f   libcurl.dll:libcurl.dll
 0001:00014fac       _curl_easy_setopt          10015fac f   libcurl.dll:libcurl.dll
 0001:00014fb2       _curl_easy_perform         10015fb2 f   libcurl.dll:libcurl.dll
 0001:00014fb8       _curl_easy_getinfo         10015fb8 f   libcurl.dll:libcurl.dll
 0001:00014fbe       @__security_check_cookie@4 10015fbe f   MSVCRT:secchk.obj
 0001:00014fd0       __allmul                   10015fd0 f   MSVCRT:llmul.obj
 0001:00015020       __alldiv                   10016020 f   MSVCRT:lldiv.obj
 0001:000150f4       ___raise_securityfailure   100160f4 f   MSVCRT:gs_report.obj
 0001:00015126       ___report_gsfailure        10016126 f   MSVCRT:gs_report.obj
 0001:0001525f       ___report_rangecheckfailure 1001625f f   MSVCRT:gs_report.obj
 0001:0001526f       ___report_securityfailure  1001626f f   MSVCRT:gs_report.obj
 0001:00015373       ___report_securityfailureEx 10016373 f   MSVCRT:gs_report.obj
 0001:000154d0       __alloca_probe             100164d0 f   MSVCRT:chkstk.obj
 0001:000154d0       __chkstk                   100164d0 f   MSVCRT:chkstk.obj
 0001:00015912       __CRT_INIT@12              10016912 f   MSVCRT:dll_dllmain.obj
 0001:0001591d       __DllMainCRTStartup@12     1001691d f   MSVCRT:dll_dllmain.obj
 0001:000159a8       ___security_init_cookie    100169a8 f   MSVCRT:gs_support.obj
 0001:00015a05       _DllMain@12                10016a05 f   MSVCRT:dll_dllmain_stub.obj
 0001:00015a2f       ?__scrt_initialize_type_info@@YAXXZ 10016a2f f   MSVCRT:tncleanup.obj
 0001:00015a3e       ?__scrt_uninitialize_type_info@@YAXXZ 10016a3e f   MSVCRT:tncleanup.obj
 0001:00015a4d       ___scrt_initialize_default_local_stdio_options 10016a4d f   MSVCRT:default_local_stdio_options.obj
 0001:00015a71       ?configure_argv@__scrt_narrow_argv_policy@@SAHXZ 10016a71 f i MSVCRT:utility.obj
 0001:00015ad6       ?initialize_environment@__scrt_narrow_environment_policy@@SAHXZ 10016ad6 f i MSVCRT:utility.obj
 0001:00015b1a       _NtCurrentTeb              10016b1a f i MSVCRT:utility.obj
 0001:00015b21       ___scrt_acquire_startup_lock 10016b21 f   MSVCRT:utility.obj
 0001:00015b5f       ___scrt_dllmain_after_initialize_c 10016b5f f   MSVCRT:utility.obj
 0001:00015b94       ___scrt_dllmain_before_initialize_c 10016b94 f   MSVCRT:utility.obj
 0001:00015ba5       ___scrt_dllmain_crt_thread_attach 10016ba5 f   MSVCRT:utility.obj
 0001:00015bcb       ___scrt_dllmain_crt_thread_detach 10016bcb f   MSVCRT:utility.obj
 0001:00015bdb       ___scrt_dllmain_exception_filter 10016bdb f   MSVCRT:utility.obj
 0001:00015c1c       ___scrt_dllmain_uninitialize_c 10016c1c f   MSVCRT:utility.obj
 0001:00015c47       ___scrt_dllmain_uninitialize_critical 10016c47 f   MSVCRT:utility.obj
 0001:00015c57       ___scrt_initialize_crt     10016c57 f   MSVCRT:utility.obj
 0001:00015c9e       ___scrt_initialize_onexit_tables 10016c9e f   MSVCRT:utility.obj
 0001:00015d46       ___scrt_is_nonwritable_in_current_image 10016d46 f   MSVCRT:utility.obj
 0001:00015dff       ___scrt_release_startup_lock 10016dff f   MSVCRT:utility.obj
 0001:00015e23       ___scrt_uninitialize_crt   10016e23 f   MSVCRT:utility.obj
 0001:00015e55       __onexit                   10016e55 f   MSVCRT:utility.obj
 0001:00015e8d       _at_quick_exit             10016e8d f   MSVCRT:utility.obj
 0001:00015eb8       _atexit                    10016eb8 f   MSVCRT:utility.obj
 0001:00015ed2       ___scrt_get_dyn_tls_init_callback 10016ed2 f   MSVCRT:dyn_tls_init.obj
 0001:00015ed8       ___scrt_fastfail           10016ed8 f   MSVCRT:utility_desktop.obj
 0001:00016032       ___scrt_get_show_window_mode 10017032 f   MSVCRT:utility_desktop.obj
 0001:0001606f       ___scrt_initialize_mta     1001706f f   MSVCRT:utility_desktop.obj
 0001:00016074       ___scrt_initialize_winrt   10017074 f   MSVCRT:utility_desktop.obj
 0001:00016077       ___scrt_is_managed_app     10017077 f   MSVCRT:utility_desktop.obj
 0001:000160c9       ___scrt_set_unhandled_exception_filter 100170c9 f   MSVCRT:utility_desktop.obj
 0001:000160d8       ___scrt_exe_initialize_mta 100170d8 f   MSVCRT:utility_desktop.obj
 0001:000160d8       ___scrt_stub_for_initialize_mta 100170d8 f   MSVCRT:utility_desktop.obj
 0001:000160db       ___scrt_unhandled_exception_filter@4 100170db f   MSVCRT:utility_desktop.obj
 0001:00016146       __crt_debugger_hook        10017146 f   MSVCRT:utility_desktop.obj
 0001:00016150       __RTC_Initialize           10017150 f   MSVCRT:initsect.obj
 0001:00016187       __RTC_Terminate            10017187 f   MSVCRT:initsect.obj
 0001:000161c0       __SEH_prolog4              100171c0 f   MSVCRT:sehprolg4.obj
 0001:00016220       __SEH_epilog4              10017220 f   MSVCRT:sehprolg4.obj
 0001:00016239       __except_handler4          10017239 f   MSVCRT:chandler4gs.obj
 0001:00016273       @_guard_check_icall_nop@4  10017273 f i MSVCRT:guard_support.obj
 0001:00016276       _ReadNoFence               10017276 f i MSVCRT:guard_support.obj
 0001:00016282       _ReadPointerNoFence        10017282 f i MSVCRT:guard_support.obj
 0001:0001628e       __InlineInterlockedExchangePointer 1001728e f i MSVCRT:guard_support.obj
 0001:0001629e       ___castguard_check_failure_debugbreak 1001729e f i MSVCRT:guard_support.obj
 0001:000162bf       ___castguard_check_failure_fastfail 100172bf f i MSVCRT:guard_support.obj
 0001:000162e5       ___castguard_check_failure_nop 100172e5 f i MSVCRT:guard_support.obj
 0001:000162e8       ___castguard_check_failure_os_handled 100172e8 f i MSVCRT:guard_support.obj
 0001:0001632c       ___castguard_check_failure_user_handled 1001732c f i MSVCRT:guard_support.obj
 0001:000163b4       ___castguard_set_user_handler 100173b4 f i MSVCRT:guard_support.obj
 0001:000163c6       ___castguard_slow_path_check_debugbreak 100173c6 f i MSVCRT:guard_support.obj
 0001:000163fe       ___castguard_slow_path_check_fastfail 100173fe f i MSVCRT:guard_support.obj
 0001:0001643b       ___castguard_slow_path_check_nop 1001743b f i MSVCRT:guard_support.obj
 0001:0001643e       ___castguard_slow_path_check_os_handled 1001743e f i MSVCRT:guard_support.obj
 0001:00016489       ___castguard_slow_path_check_user_handled 10017489 f i MSVCRT:guard_support.obj
 0001:00016501       __guard_icall_checks_enforced 10017501 f i MSVCRT:guard_support.obj
 0001:00016517       ___isa_available_init      10017517 f   MSVCRT:cpu_disp.obj
 0001:0001690f       __get_startup_argv_mode    1001790f f   MSVCRT:argv_mode.obj
 0001:00016913       ___scrt_is_ucrt_dll_in_use 10017913 f   MSVCRT:ucrt_detection.obj
 0001:00016922       _closesocket@4             10017922 f   ws2_32:WS2_32.dll
 0001:00016928       _socket@12                 10017928 f   ws2_32:WS2_32.dll
 0001:0001692e       _gethostname@8             1001792e f   ws2_32:WS2_32.dll
 0001:00016934       _WSAStartup@8              10017934 f   ws2_32:WS2_32.dll
 0001:0001693a       _WSACleanup@0              1001793a f   ws2_32:WS2_32.dll
 0001:00016940       _WSAGetLastError@0         10017940 f   ws2_32:WS2_32.dll
 0001:00016946       _getaddrinfo@16            10017946 f   ws2_32:WS2_32.dll
 0001:0001694c       _freeaddrinfo@4            1001794c f   ws2_32:WS2_32.dll
 0001:00016952       _inet_ntop@16              10017952 f   ws2_32:WS2_32.dll
 0001:00016958       _inet_pton@12              10017958 f   ws2_32:WS2_32.dll
 0001:0001695e       _memcpy                    1001795e f   vcruntime:VCRUNTIME140.dll
 0001:00016964       _memset                    10017964 f   vcruntime:VCRUNTIME140.dll
 0001:0001696a       ___std_type_info_destroy_list 1001796a f   vcruntime:VCRUNTIME140.dll
 0001:00016970       ___current_exception       10017970 f   vcruntime:VCRUNTIME140.dll
 0001:00016976       ___current_exception_context 10017976 f   vcruntime:VCRUNTIME140.dll
 0001:0001697c       __except_handler4_common   1001797c f   vcruntime:VCRUNTIME140.dll
 0001:00016982       _srand                     10017982 f   ucrt:api-ms-win-crt-utility-l1-1-0.dll
 0001:00016988       _rand                      10017988 f   ucrt:api-ms-win-crt-utility-l1-1-0.dll
 0001:0001698e       _strcmp                    1001798e f   ucrt:api-ms-win-crt-string-l1-1-0.dll
 0001:00016994       _strcpy                    10017994 f   ucrt:api-ms-win-crt-string-l1-1-0.dll
 0001:0001699a       _strlen                    1001799a f   ucrt:api-ms-win-crt-string-l1-1-0.dll
 0001:000169a0       __time64                   100179a0 f   ucrt:api-ms-win-crt-time-l1-1-0.dll
 0001:000169a6       ___acrt_iob_func           100179a6 f   ucrt:api-ms-win-crt-stdio-l1-1-0.dll
 0001:000169ac       ___stdio_common_vfprintf   100179ac f   ucrt:api-ms-win-crt-stdio-l1-1-0.dll
 0001:000169b2       ___stdio_common_vsprintf   100179b2 f   ucrt:api-ms-win-crt-stdio-l1-1-0.dll
 0001:000169b8       _strncmp                   100179b8 f   ucrt:api-ms-win-crt-string-l1-1-0.dll
 0001:000169be       _strncpy                   100179be f   ucrt:api-ms-win-crt-string-l1-1-0.dll
 0001:000169c4       _isalnum                   100179c4 f   ucrt:api-ms-win-crt-string-l1-1-0.dll
 0001:000169ca       ___stdio_common_vsscanf    100179ca f   ucrt:api-ms-win-crt-stdio-l1-1-0.dll
 0001:000169d0       _free                      100179d0 f   ucrt:api-ms-win-crt-heap-l1-1-0.dll
 0001:000169d6       _malloc                    100179d6 f   ucrt:api-ms-win-crt-heap-l1-1-0.dll
 0001:000169dc       _realloc                   100179dc f   ucrt:api-ms-win-crt-heap-l1-1-0.dll
 0001:000169e2       _strtod                    100179e2 f   ucrt:api-ms-win-crt-convert-l1-1-0.dll
 0001:000169e8       _tolower                   100179e8 f   ucrt:api-ms-win-crt-string-l1-1-0.dll
 0001:000169ee       _localeconv                100179ee f   ucrt:api-ms-win-crt-locale-l1-1-0.dll
 0001:000169f4       __dclass                   100179f4 f   ucrt:api-ms-win-crt-math-l1-1-0.dll
 0001:000169fa       __initterm                 100179fa f   ucrt:api-ms-win-crt-runtime-l1-1-0.dll
 0001:00016a00       __initterm_e               10017a00 f   ucrt:api-ms-win-crt-runtime-l1-1-0.dll
 0001:00016a06       __seh_filter_dll           10017a06 f   ucrt:api-ms-win-crt-runtime-l1-1-0.dll
 0001:00016a0c       __configure_narrow_argv    10017a0c f   ucrt:api-ms-win-crt-runtime-l1-1-0.dll
 0001:00016a12       __initialize_narrow_environment 10017a12 f   ucrt:api-ms-win-crt-runtime-l1-1-0.dll
 0001:00016a18       __initialize_onexit_table  10017a18 f   ucrt:api-ms-win-crt-runtime-l1-1-0.dll
 0001:00016a1e       __register_onexit_function 10017a1e f   ucrt:api-ms-win-crt-runtime-l1-1-0.dll
 0001:00016a24       __execute_onexit_table     10017a24 f   ucrt:api-ms-win-crt-runtime-l1-1-0.dll
 0001:00016a2a       __crt_atexit               10017a2a f   ucrt:api-ms-win-crt-runtime-l1-1-0.dll
 0001:00016a30       __crt_at_quick_exit        10017a30 f   ucrt:api-ms-win-crt-runtime-l1-1-0.dll
 0001:00016a36       __cexit                    10017a36 f   ucrt:api-ms-win-crt-runtime-l1-1-0.dll
 0001:00016a3c       _terminate                 10017a3c f   ucrt:api-ms-win-crt-runtime-l1-1-0.dll
 0001:00016a42       _UnhandledExceptionFilter@4 10017a42 f   kernel32:KERNEL32.dll
 0001:00016a48       _SetUnhandledExceptionFilter@4 10017a48 f   kernel32:KERNEL32.dll
 0001:00016a4e       _GetCurrentProcess@0       10017a4e f   kernel32:KERNEL32.dll
 0001:00016a54       _TerminateProcess@8        10017a54 f   kernel32:KERNEL32.dll
 0001:00016a5a       _IsProcessorFeaturePresent@4 10017a5a f   kernel32:KERNEL32.dll
 0001:00016a60       _QueryPerformanceCounter@4 10017a60 f   kernel32:KERNEL32.dll
 0001:00016a66       _GetCurrentProcessId@0     10017a66 f   kernel32:KERNEL32.dll
 0001:00016a6c       _GetCurrentThreadId@0      10017a6c f   kernel32:KERNEL32.dll
 0001:00016a72       _GetSystemTimeAsFileTime@4 10017a72 f   kernel32:KERNEL32.dll
 0001:00016a78       _DisableThreadLibraryCalls@4 10017a78 f   kernel32:KERNEL32.dll
 0001:00016a7e       _InitializeSListHead@4     10017a7e f   kernel32:KERNEL32.dll
 0001:00016a84       _IsDebuggerPresent@0       10017a84 f   kernel32:KERNEL32.dll
 0001:00016a8a       _GetStartupInfoW@4         10017a8a f   kernel32:KERNEL32.dll
 0001:00016a90       _GetModuleHandleW@4        10017a90 f   kernel32:KERNEL32.dll
 0001:00016a96       ___acrt_initialize         10017a96 f   MSVCRT:ucrt_stubs.obj
 0001:00016a96       ___scrt_stub_for_acrt_initialize 10017a96 f   MSVCRT:ucrt_stubs.obj
 0001:00016a96       ___vcrt_initialize         10017a96 f   MSVCRT:ucrt_stubs.obj
 0001:00016a99       ___acrt_thread_attach      10017a99 f   MSVCRT:ucrt_stubs.obj
 0001:00016a99       ___scrt_stub_for_acrt_thread_attach 10017a99 f   MSVCRT:ucrt_stubs.obj
 0001:00016a99       ___vcrt_thread_attach      10017a99 f   MSVCRT:ucrt_stubs.obj
 0001:00016a9c       ___acrt_thread_detach      10017a9c f   MSVCRT:ucrt_stubs.obj
 0001:00016a9c       ___scrt_stub_for_acrt_thread_detach 10017a9c f   MSVCRT:ucrt_stubs.obj
 0001:00016a9c       ___vcrt_thread_detach      10017a9c f   MSVCRT:ucrt_stubs.obj
 0001:00016a9f       ___acrt_uninitialize       10017a9f f   MSVCRT:ucrt_stubs.obj
 0001:00016a9f       ___scrt_stub_for_acrt_uninitialize 10017a9f f   MSVCRT:ucrt_stubs.obj
 0001:00016a9f       ___vcrt_uninitialize       10017a9f f   MSVCRT:ucrt_stubs.obj
 0001:00016aa2       ___acrt_uninitialize_critical 10017aa2 f   MSVCRT:ucrt_stubs.obj
 0001:00016aa2       ___scrt_stub_for_acrt_uninitialize_critical 10017aa2 f   MSVCRT:ucrt_stubs.obj
 0001:00016aa2       ___vcrt_uninitialize_critical 10017aa2 f   MSVCRT:ucrt_stubs.obj
 0001:00016aa5       ___scrt_stub_for_is_c_termination_complete 10017aa5 f   MSVCRT:ucrt_stubs.obj
 0001:00016aa5       __is_c_termination_complete 10017aa5 f   MSVCRT:ucrt_stubs.obj
 0001:00016aa8       __filter_x86_sse2_floating_point_exception 10017aa8 f   MSVCRT:x86_exception_filter.obj
 0001:00016aa8       __filter_x86_sse2_floating_point_exception_default 10017aa8 f   MSVCRT:x86_exception_filter.obj
 0002:00000000       ___xc_a                    1001a000     MSVCRT:initializers.obj
 0002:00000104       ___xc_z                    1001a104     MSVCRT:initializers.obj
 0002:00000208       ___xi_a                    1001a208     MSVCRT:initializers.obj
 0002:0000030c       ___xi_z                    1001a30c     MSVCRT:initializers.obj
 0002:00000410       ___xp_a                    1001a410     MSVCRT:initializers.obj
 0002:00000514       ___xp_z                    1001a514     MSVCRT:initializers.obj
 0002:00000618       ___xt_a                    1001a618     MSVCRT:initializers.obj
 0002:0000071c       ___xt_z                    1001a71c     MSVCRT:initializers.obj
 0002:0000086c       _HDNS_INVALID_ARGUMENT_CODE 1001a86c     hdns_status.obj
 0002:0000087c       _HDNS_FAILED_VERIFICATION_CODE 1001a87c     hdns_status.obj
 0002:00000890       _HDNS_RESOLVE_FAIL_CODE    1001a890     hdns_status.obj
 0002:0000089c       _HDNS_OUT_MEMORY_CODE      1001a89c     hdns_status.obj
 0002:000008ac       _HDNS_SCHEDULE_FAIL_CODE   1001a8ac     hdns_status.obj
 0002:000008bc       _HDNS_OPEN_FILE_ERROR_CODE 1001a8bc     hdns_status.obj
 0002:000008e0       __real@412e848000000000    1001a8e0     hdns_transport.obj
 0002:000008f0       ??_C@_08IIKBNILN@?$CFi?4?$CFi?4?$CFi@ 1001a8f0     cjson:cJSON.c.obj
 0002:000008fc       ??_C@_04MLLLIHIP@null@     1001a8fc     cjson:cJSON.c.obj
 0002:00000904       ??_C@_02DPKJAMEF@?$CFd@    1001a904     cjson:cJSON.c.obj
 0002:00000908       ??_C@_06OEKDGAI@?$CF1?415g@ 1001a908     cjson:cJSON.c.obj
 0002:00000910       ??_C@_03CCCGLAML@?$CFlg@   1001a910     cjson:cJSON.c.obj
 0002:00000914       ??_C@_06NMOOCGG@?$CF1?417g@ 1001a914     cjson:cJSON.c.obj
 0002:0000091c       ??_C@_02JMMFPCED@?$CC?$CC@ 1001a91c     cjson:cJSON.c.obj
 0002:00000920       ??_C@_05CIFMCEEJ@u?$CF04x@ 1001a920     cjson:cJSON.c.obj
 0002:00000928       ??_C@_03PKPBNCAL@?o?$LL?$LP@ 1001a928     cjson:cJSON.c.obj
 0002:0000092c       ??_C@_05LAPONLG@false@     1001a92c     cjson:cJSON.c.obj
 0002:00000934       ??_C@_04LOAJBDKD@true@     1001a934     cjson:cJSON.c.obj
 0002:00000940       __real@3cb0000000000000    1001a940     cjson:cJSON.c.obj
 0002:00000950       __real@41dfffffffc00000    1001a950     cjson:cJSON.c.obj
 0002:00000960       __real@7ff8000000000000    1001a960     cjson:cJSON.c.obj
 0002:00000970       __real@c1e0000000000000    1001a970     cjson:cJSON.c.obj
 0002:00000980       __xmm@2e2e2e2e2e2e2e2e2e2e2e2e2e2e2e2e 1001a980     cjson:cJSON.c.obj
 0002:000009a0       __xmm@7fffffffffffffff7fffffffffffffff 1001a9a0     cjson:cJSON.c.obj
 0002:000009c0       __pDefaultRawDllMain       1001a9c0     MSVCRT:dll_dllmain.obj
 0002:000009c0       __pRawDllMain              1001a9c0     MSVCRT:dll_dllmain.obj
 0002:000009c8       __load_config_used         1001a9c8     MSVCRT:loadcfg.obj
 0002:00000c40       ___CastGuardVftablesStart  1001ac40     MSVCRT:guard_support.obj
 0002:00000dc0       ___CastGuardVftablesEnd    1001adc0     MSVCRT:guard_support.obj
 0002:00000f0c       ___safe_se_handler_table   1001af0c     <linker-defined>
 0002:0000119c       ___rtc_iaa                 1001b19c     MSVCRT:initsect.obj
 0002:000012a0       ___rtc_izz                 1001b2a0     MSVCRT:initsect.obj
 0002:000013a4       ___rtc_taa                 1001b3a4     MSVCRT:initsect.obj
 0002:000014a8       ___rtc_tzz                 1001b4a8     MSVCRT:initsect.obj
 0003:000010d0       _hdns_log_level            1001f0d0     hdns_log.obj
 0003:000010d4       _hdns_log_format           1001f0d4     hdns_log.obj
 0003:000010d8       _hdns_log_print            1001f0d8     hdns_log.obj
 0003:000039c0       ___security_cookie         100219c0     MSVCRT:gs_cookie.obj
 0003:00003a00       ___security_cookie_complement 10021a00     MSVCRT:gs_cookie.obj
 0003:00003a20       __fltused                  10021a20     MSVCRT:fltused.obj
 0003:00003a24       ___scrt_native_dllmain_reason 10021a24     MSVCRT:utility.obj
 0003:00003a30       ___isa_inverted            10021a30     MSVCRT:cpu_disp.obj
 0003:00003a38       ___isa_enabled             10021a38     MSVCRT:cpu_disp.obj
 0003:00003a40       ___scrt_ucrt_dll_is_in_use 10021a40     MSVCRT:ucrt_stubs.obj
 0003:00003b74       _hdns_stdout_file          10021b74     hdns_log.obj
 0003:00003b78       _hdns_print_lock           10021b78     hdns_log.obj
 0003:00004010       ?__type_info_root_node@@3U__type_info_node@@A 10022010     MSVCRT:tncleanup.obj
 0003:00004020       ?_OptionsStorage@?1??__local_stdio_printf_options@@9@4_KA 10022020     MSVCRT:default_local_stdio_options.obj
 0003:00004030       ?_OptionsStorage@?1??__local_stdio_scanf_options@@9@4_KA 10022030     MSVCRT:default_local_stdio_options.obj
 0003:0000403c       ___scrt_current_native_startup_state 1002203c     MSVCRT:utility.obj
 0003:00004040       ___scrt_native_startup_lock 10022040     MSVCRT:utility.obj
 0003:00004068       ___scrt_debugger_hook_flag 10022068     MSVCRT:utility_desktop.obj
 0003:0000406c       ___castguard_check_failure_user_handled_fptr 1002206c     MSVCRT:guard_support.obj
 0003:00004070       ___avx10_version           10022070     MSVCRT:cpu_disp.obj
 0003:00004074       ___isa_available           10022074     MSVCRT:cpu_disp.obj
 0003:00004078       ___favor                   10022078     MSVCRT:cpu_disp.obj
 0003:00004080       ?_OptionsStorage@?1??__local_stdio_printf_options@@9@9 10022080     <common>
 0003:00004098       ?_OptionsStorage@?1??__local_stdio_scanf_options@@9@9 10022098     <common>
 0003:000040ac       ___dyn_tls_init_callback   100220ac     <common>
 0004:00000000       __imp__GetCurrentThreadId@0 10023000     kernel32:KERNEL32.dll
 0004:00000004       __imp__UnhandledExceptionFilter@4 10023004     kernel32:KERNEL32.dll
 0004:00000008       __imp__SetUnhandledExceptionFilter@4 10023008     kernel32:KERNEL32.dll
 0004:0000000c       __imp__GetCurrentProcess@0 1002300c     kernel32:KERNEL32.dll
 0004:00000010       __imp__TerminateProcess@8  10023010     kernel32:KERNEL32.dll
 0004:00000014       __imp__IsProcessorFeaturePresent@4 10023014     kernel32:KERNEL32.dll
 0004:00000018       __imp__QueryPerformanceCounter@4 10023018     kernel32:KERNEL32.dll
 0004:0000001c       __imp__GetCurrentProcessId@0 1002301c     kernel32:KERNEL32.dll
 0004:00000020       __imp__GetStartupInfoW@4   10023020     kernel32:KERNEL32.dll
 0004:00000024       __imp__GetSystemTimeAsFileTime@4 10023024     kernel32:KERNEL32.dll
 0004:00000028       __imp__DisableThreadLibraryCalls@4 10023028     kernel32:KERNEL32.dll
 0004:0000002c       __imp__InitializeSListHead@4 1002302c     kernel32:KERNEL32.dll
 0004:00000030       __imp__IsDebuggerPresent@0 10023030     kernel32:KERNEL32.dll
 0004:00000034       __imp__GetModuleHandleW@4  10023034     kernel32:KERNEL32.dll
 0004:00000038       \177KERNEL32_NULL_THUNK_DATA 10023038     kernel32:KERNEL32.dll
 0004:0000006c       __imp__memcpy              1002306c     vcruntime:VCRUNTIME140.dll
 0004:00000070       __imp__memset              10023070     vcruntime:VCRUNTIME140.dll
 0004:00000074       __imp____std_type_info_destroy_list 10023074     vcruntime:VCRUNTIME140.dll
 0004:00000078       __imp____current_exception 10023078     vcruntime:VCRUNTIME140.dll
 0004:0000007c       __imp____current_exception_context 1002307c     vcruntime:VCRUNTIME140.dll
 0004:00000080       __imp___except_handler4_common 10023080     vcruntime:VCRUNTIME140.dll
 0004:00000084       \177VCRUNTIME140_NULL_THUNK_DATA 10023084     vcruntime:VCRUNTIME140.dll
 0004:000000b4       __imp__inet_ntop@16        100230b4     ws2_32:WS2_32.dll
 0004:000000b8       __imp__inet_pton@12        100230b8     ws2_32:WS2_32.dll
 0004:000000bc       __imp__closesocket@4       100230bc     ws2_32:WS2_32.dll
 0004:000000c0       __imp__freeaddrinfo@4      100230c0     ws2_32:WS2_32.dll
 0004:000000c4       __imp__getaddrinfo@16      100230c4     ws2_32:WS2_32.dll
 0004:000000c8       __imp__WSAGetLastError@0   100230c8     ws2_32:WS2_32.dll
 0004:000000cc       __imp__WSACleanup@0        100230cc     ws2_32:WS2_32.dll
 0004:000000d0       __imp__WSAStartup@8        100230d0     ws2_32:WS2_32.dll
 0004:000000d4       __imp__gethostname@8       100230d4     ws2_32:WS2_32.dll
 0004:000000d8       __imp__socket@12           100230d8     ws2_32:WS2_32.dll
 0004:000000dc       \177WS2_32_NULL_THUNK_DATA 100230dc     ws2_32:WS2_32.dll
 0004:00000110       __imp__strtod              10023110     ucrt:api-ms-win-crt-convert-l1-1-0.dll
 0004:00000114       \177api-ms-win-crt-convert-l1-1-0_NULL_THUNK_DATA 10023114     ucrt:api-ms-win-crt-convert-l1-1-0.dll
 0004:00000140       __imp__realloc             10023140     ucrt:api-ms-win-crt-heap-l1-1-0.dll
 0004:00000144       __imp__malloc              10023144     ucrt:api-ms-win-crt-heap-l1-1-0.dll
 0004:00000148       __imp__free                10023148     ucrt:api-ms-win-crt-heap-l1-1-0.dll
 0004:0000014c       \177api-ms-win-crt-heap-l1-1-0_NULL_THUNK_DATA 1002314c     ucrt:api-ms-win-crt-heap-l1-1-0.dll
 0004:00000178       __imp__localeconv          10023178     ucrt:api-ms-win-crt-locale-l1-1-0.dll
 0004:0000017c       \177api-ms-win-crt-locale-l1-1-0_NULL_THUNK_DATA 1002317c     ucrt:api-ms-win-crt-locale-l1-1-0.dll
 0004:000001a8       __imp___dclass             100231a8     ucrt:api-ms-win-crt-math-l1-1-0.dll
 0004:000001ac       \177api-ms-win-crt-math-l1-1-0_NULL_THUNK_DATA 100231ac     ucrt:api-ms-win-crt-math-l1-1-0.dll
 0004:000001d8       __imp___initterm_e         100231d8     ucrt:api-ms-win-crt-runtime-l1-1-0.dll
 0004:000001dc       __imp__terminate           100231dc     ucrt:api-ms-win-crt-runtime-l1-1-0.dll
 0004:000001e0       __imp___initterm           100231e0     ucrt:api-ms-win-crt-runtime-l1-1-0.dll
 0004:000001e4       __imp___configure_narrow_argv 100231e4     ucrt:api-ms-win-crt-runtime-l1-1-0.dll
 0004:000001e8       __imp___initialize_narrow_environment 100231e8     ucrt:api-ms-win-crt-runtime-l1-1-0.dll
 0004:000001ec       __imp___initialize_onexit_table 100231ec     ucrt:api-ms-win-crt-runtime-l1-1-0.dll
 0004:000001f0       __imp___register_onexit_function 100231f0     ucrt:api-ms-win-crt-runtime-l1-1-0.dll
 0004:000001f4       __imp___execute_onexit_table 100231f4     ucrt:api-ms-win-crt-runtime-l1-1-0.dll
 0004:000001f8       __imp___crt_atexit         100231f8     ucrt:api-ms-win-crt-runtime-l1-1-0.dll
 0004:000001fc       __imp___crt_at_quick_exit  100231fc     ucrt:api-ms-win-crt-runtime-l1-1-0.dll
 0004:00000200       __imp___cexit              10023200     ucrt:api-ms-win-crt-runtime-l1-1-0.dll
 0004:00000204       __imp___seh_filter_dll     10023204     ucrt:api-ms-win-crt-runtime-l1-1-0.dll
 0004:00000208       \177api-ms-win-crt-runtime-l1-1-0_NULL_THUNK_DATA 10023208     ucrt:api-ms-win-crt-runtime-l1-1-0.dll
 0004:0000023c       __imp____stdio_common_vsprintf 1002323c     ucrt:api-ms-win-crt-stdio-l1-1-0.dll
 0004:00000240       __imp____stdio_common_vsscanf 10023240     ucrt:api-ms-win-crt-stdio-l1-1-0.dll
 0004:00000244       __imp____acrt_iob_func     10023244     ucrt:api-ms-win-crt-stdio-l1-1-0.dll
 0004:00000248       __imp____stdio_common_vfprintf 10023248     ucrt:api-ms-win-crt-stdio-l1-1-0.dll
 0004:0000024c       \177api-ms-win-crt-stdio-l1-1-0_NULL_THUNK_DATA 1002324c     ucrt:api-ms-win-crt-stdio-l1-1-0.dll
 0004:00000278       __imp__strcmp              10023278     ucrt:api-ms-win-crt-string-l1-1-0.dll
 0004:0000027c       __imp__tolower             1002327c     ucrt:api-ms-win-crt-string-l1-1-0.dll
 0004:00000280       __imp__strcpy              10023280     ucrt:api-ms-win-crt-string-l1-1-0.dll
 0004:00000284       __imp__strncpy             10023284     ucrt:api-ms-win-crt-string-l1-1-0.dll
 0004:00000288       __imp__isalnum             10023288     ucrt:api-ms-win-crt-string-l1-1-0.dll
 0004:0000028c       __imp__strncmp             1002328c     ucrt:api-ms-win-crt-string-l1-1-0.dll
 0004:00000290       __imp__strlen              10023290     ucrt:api-ms-win-crt-string-l1-1-0.dll
 0004:00000294       \177api-ms-win-crt-string-l1-1-0_NULL_THUNK_DATA 10023294     ucrt:api-ms-win-crt-string-l1-1-0.dll
 0004:000002c4       __imp___time64             100232c4     ucrt:api-ms-win-crt-time-l1-1-0.dll
 0004:000002c8       \177api-ms-win-crt-time-l1-1-0_NULL_THUNK_DATA 100232c8     ucrt:api-ms-win-crt-time-l1-1-0.dll
 0004:000002f4       __imp__srand               100232f4     ucrt:api-ms-win-crt-utility-l1-1-0.dll
 0004:000002f8       __imp__rand                100232f8     ucrt:api-ms-win-crt-utility-l1-1-0.dll
 0004:000002fc       \177api-ms-win-crt-utility-l1-1-0_NULL_THUNK_DATA 100232fc     ucrt:api-ms-win-crt-utility-l1-1-0.dll
 0004:00000328       __imp__apr_initialize@0    10023328     libapr:libapr.dll
 0004:0000032c       __imp__apr_terminate       1002332c     libapr:libapr.dll
 0004:00000330       __imp__apr_allocator_max_free_set@8 10023330     libapr:libapr.dll
 0004:00000334       __imp__apr_thread_mutex_lock@4 10023334     libapr:libapr.dll
 0004:00000338       __imp__apr_thread_mutex_unlock@4 10023338     libapr:libapr.dll
 0004:0000033c       __imp__apr_strerror@12     1002333c     libapr:libapr.dll
 0004:00000340       __imp__apr_pool_create_ex@16 10023340     libapr:libapr.dll
 0004:00000344       __imp__apr_pool_allocator_get@4 10023344     libapr:libapr.dll
 0004:00000348       __imp__apr_pool_destroy@4  10023348     libapr:libapr.dll
 0004:0000034c       __imp__apr_palloc@8        1002334c     libapr:libapr.dll
 0004:00000350       __imp__apr_table_set@12    10023350     libapr:libapr.dll
 0004:00000354       __imp__apr_file_open@20    10023354     libapr:libapr.dll
 0004:00000358       __imp__apr_file_close@4    10023358     libapr:libapr.dll
 0004:0000035c       __imp__apr_pstrdup@8       1002335c     libapr:libapr.dll
 0004:00000360       __imp__apr_hash_set@16     10023360     libapr:libapr.dll
 0004:00000364       __imp__apr_env_get@12      10023364     libapr:libapr.dll
 0004:00000368       __imp__apr_psprintf        10023368     libapr:libapr.dll
 0004:0000036c       __imp__apr_table_addn@12   1002336c     libapr:libapr.dll
 0004:00000370       __imp__apr_table_elts@4    10023370     libapr:libapr.dll
 0004:00000374       __imp__apr_pstrndup@12     10023374     libapr:libapr.dll
 0004:00000378       __imp__apr_generate_random_bytes@8 10023378     libapr:libapr.dll
 0004:0000037c       __imp__apr_itoa@8          1002337c     libapr:libapr.dll
 0004:00000380       __imp__apr_table_overlap@12 10023380     libapr:libapr.dll
 0004:00000384       __imp__apr_table_copy@8    10023384     libapr:libapr.dll
 0004:00000388       __imp__apr_is_empty_table@4 10023388     libapr:libapr.dll
 0004:0000038c       __imp__apr_thread_cond_destroy@4 1002338c     libapr:libapr.dll
 0004:00000390       __imp__apr_thread_cond_broadcast@4 10023390     libapr:libapr.dll
 0004:00000394       __imp__apr_thread_cond_signal@4 10023394     libapr:libapr.dll
 0004:00000398       __imp__apr_thread_cond_timedwait@16 10023398     libapr:libapr.dll
 0004:0000039c       __imp__apr_thread_cond_create@8 1002339c     libapr:libapr.dll
 0004:000003a0       __imp__apr_atomic_dec32@4  100233a0     libapr:libapr.dll
 0004:000003a4       __imp__apr_atomic_inc32@4  100233a4     libapr:libapr.dll
 0004:000003a8       __imp__apr_atomic_read32@4 100233a8     libapr:libapr.dll
 0004:000003ac       __imp__apr_socket_timeout_set@12 100233ac     libapr:libapr.dll
 0004:000003b0       __imp__apr_socket_connect@8 100233b0     libapr:libapr.dll
 0004:000003b4       __imp__apr_socket_close@4  100233b4     libapr:libapr.dll
 0004:000003b8       __imp__apr_socket_create@20 100233b8     libapr:libapr.dll
 0004:000003bc       __imp__apr_sleep@8         100233bc     libapr:libapr.dll
 0004:000003c0       __imp__apr_snprintf        100233c0     libapr:libapr.dll
 0004:000003c4       __imp__apr_os_thread_current@0 100233c4     libapr:libapr.dll
 0004:000003c8       __imp__apr_time_exp_lt@12  100233c8     libapr:libapr.dll
 0004:000003cc       __imp__apr_sockaddr_ip_get@8 100233cc     libapr:libapr.dll
 0004:000003d0       __imp__apr_sockaddr_info_get@24 100233d0     libapr:libapr.dll
 0004:000003d4       __imp__apr_table_make@8    100233d4     libapr:libapr.dll
 0004:000003d8       __imp__apr_array_pop@4     100233d8     libapr:libapr.dll
 0004:000003dc       __imp__apr_dir_make@12     100233dc     libapr:libapr.dll
 0004:000003e0       __imp__apr_file_read_full@16 100233e0     libapr:libapr.dll
 0004:000003e4       __imp__apr_file_write@12   100233e4     libapr:libapr.dll
 0004:000003e8       __imp__apr_stat@16         100233e8     libapr:libapr.dll
 0004:000003ec       __imp__apr_pstrcat         100233ec     libapr:libapr.dll
 0004:000003f0       __imp__apr_array_pstrcat@12 100233f0     libapr:libapr.dll
 0004:000003f4       __imp__apr_array_clear@4   100233f4     libapr:libapr.dll
 0004:000003f8       __imp__apr_array_push@4    100233f8     libapr:libapr.dll
 0004:000003fc       __imp__apr_array_make@12   100233fc     libapr:libapr.dll
 0004:00000400       __imp__apr_time_now@0      10023400     libapr:libapr.dll
 0004:00000404       __imp__apr_hash_do@12      10023404     libapr:libapr.dll
 0004:00000408       __imp__apr_hash_clear@4    10023408     libapr:libapr.dll
 0004:0000040c       __imp__apr_hash_get@12     1002340c     libapr:libapr.dll
 0004:00000410       __imp__apr_hash_make@4     10023410     libapr:libapr.dll
 0004:00000414       __imp__apr_thread_mutex_destroy@4 10023414     libapr:libapr.dll
 0004:00000418       __imp__apr_thread_mutex_create@12 10023418     libapr:libapr.dll
 0004:0000041c       \177libapr_NULL_THUNK_DATA 1002341c     libapr:libapr.dll
 0004:00000478       __imp__apr_thread_pool_create@16 10023478     libaprutil:libaprutil.dll
 0004:0000047c       __imp__apr_thread_pool_destroy@4 1002347c     libaprutil:libaprutil.dll
 0004:00000480       __imp__apr_thread_pool_push@20 10023480     libaprutil:libaprutil.dll
 0004:00000484       __imp__apr_thread_pool_schedule@24 10023484     libaprutil:libaprutil.dll
 0004:00000488       __imp__apr_thread_pool_tasks_cancel@8 10023488     libaprutil:libaprutil.dll
 0004:0000048c       __imp__apr_thread_pool_idle_wait_set@12 1002348c     libaprutil:libaprutil.dll
 0004:00000490       __imp__apr_md5_init@4      10023490     libaprutil:libaprutil.dll
 0004:00000494       __imp__apr_md5_update@12   10023494     libaprutil:libaprutil.dll
 0004:00000498       __imp__apr_md5_final@8     10023498     libaprutil:libaprutil.dll
 0004:0000049c       \177libaprutil_NULL_THUNK_DATA 1002349c     libaprutil:libaprutil.dll
 0004:000004cc       __imp__curl_global_init    100234cc     libcurl.dll:libcurl.dll
 0004:000004d0       __imp__curl_global_cleanup 100234d0     libcurl.dll:libcurl.dll
 0004:000004d4       __imp__curl_easy_strerror  100234d4     libcurl.dll:libcurl.dll
 0004:000004d8       __imp__curl_easy_init      100234d8     libcurl.dll:libcurl.dll
 0004:000004dc       __imp__curl_easy_cleanup   100234dc     libcurl.dll:libcurl.dll
 0004:000004e0       __imp__curl_easy_reset     100234e0     libcurl.dll:libcurl.dll
 0004:000004e4       __imp__curl_slist_append   100234e4     libcurl.dll:libcurl.dll
 0004:000004e8       __imp__curl_easy_setopt    100234e8     libcurl.dll:libcurl.dll
 0004:000004ec       __imp__curl_easy_perform   100234ec     libcurl.dll:libcurl.dll
 0004:000004f0       __imp__curl_easy_getinfo   100234f0     libcurl.dll:libcurl.dll
 0004:000004f4       __imp__curl_slist_free_all 100234f4     libcurl.dll:libcurl.dll
 0004:000004f8       \177libcurl_NULL_THUNK_DATA 100234f8     libcurl.dll:libcurl.dll
 0004:0000052c       __IMPORT_DESCRIPTOR_libapr 1002352c     libapr:libapr.dll
 0004:00000540       __IMPORT_DESCRIPTOR_libaprutil 10023540     libaprutil:libaprutil.dll
 0004:00000554       __IMPORT_DESCRIPTOR_libcurl 10023554     libcurl.dll:libcurl.dll
 0004:00000568       __IMPORT_DESCRIPTOR_WS2_32 10023568     ws2_32:WS2_32.dll
 0004:0000057c       __IMPORT_DESCRIPTOR_VCRUNTIME140 1002357c     vcruntime:VCRUNTIME140.dll
 0004:00000590       __IMPORT_DESCRIPTOR_api-ms-win-crt-utility-l1-1-0 10023590     ucrt:api-ms-win-crt-utility-l1-1-0.dll
 0004:000005a4       __IMPORT_DESCRIPTOR_api-ms-win-crt-string-l1-1-0 100235a4     ucrt:api-ms-win-crt-string-l1-1-0.dll
 0004:000005b8       __IMPORT_DESCRIPTOR_api-ms-win-crt-time-l1-1-0 100235b8     ucrt:api-ms-win-crt-time-l1-1-0.dll
 0004:000005cc       __IMPORT_DESCRIPTOR_api-ms-win-crt-stdio-l1-1-0 100235cc     ucrt:api-ms-win-crt-stdio-l1-1-0.dll
 0004:000005e0       __IMPORT_DESCRIPTOR_api-ms-win-crt-heap-l1-1-0 100235e0     ucrt:api-ms-win-crt-heap-l1-1-0.dll
 0004:000005f4       __IMPORT_DESCRIPTOR_api-ms-win-crt-convert-l1-1-0 100235f4     ucrt:api-ms-win-crt-convert-l1-1-0.dll
 0004:00000608       __IMPORT_DESCRIPTOR_api-ms-win-crt-locale-l1-1-0 10023608     ucrt:api-ms-win-crt-locale-l1-1-0.dll
 0004:0000061c       __IMPORT_DESCRIPTOR_api-ms-win-crt-math-l1-1-0 1002361c     ucrt:api-ms-win-crt-math-l1-1-0.dll
 0004:00000630       __IMPORT_DESCRIPTOR_api-ms-win-crt-runtime-l1-1-0 10023630     ucrt:api-ms-win-crt-runtime-l1-1-0.dll
 0004:00000644       __IMPORT_DESCRIPTOR_KERNEL32 10023644     kernel32:KERNEL32.dll
 0004:00000658       __NULL_IMPORT_DESCRIPTOR   10023658     libapr:libapr.dll
 0005:00000000       ___guard_check_icall_fptr  10025000     MSVCRT:guard_support.obj
 0005:00000004       ___guard_xfg_check_icall_fptr 10025004     MSVCRT:guard_support.obj
 0005:00000008       ___castguard_check_failure_os_handled_fptr 10025008     MSVCRT:guard_support.obj

 entry point at        0001:000005dc

 Static symbols

 0000:fffd7000       .debug$S                   10000000     httpdns.exp
 0000:00000000       _volmd                     10000000     hdns_api.obj
 0000:00000000       _volmd                     10000000     hdns_client.obj
 0000:00000000       _volmd                     10000000     hdns_config.obj
 0000:00000000       _volmd                     10000000     hdns_file.obj
 0000:00000000       _volmd                     10000000     hdns_log.obj
 0000:00000000       _volmd                     10000000     hdns_net.obj
 0000:00000000       _volmd                     10000000     hdns_resolver.obj
 0000:00000000       _volmd                     10000000     hdns_scheduler.obj
 0000:00000000       _volmd                     10000000     hdns_session.obj
 0000:00000000       _volmd                     10000000     hdns_sign.obj
 0000:00000000       _volmd                     10000000     hdns_status.obj
 0000:00000000       _volmd                     10000000     hdns_transport.obj
 0000:00000000       _volmd                     10000000     hdns_utils.obj
 0000:fffd7000       .debug$S                   10000000     ucrt:api-ms-win-crt-convert-l1-1-0.dll
 0000:fffd7000       .debug$S                   10000000     ucrt:api-ms-win-crt-heap-l1-1-0.dll
 0000:fffd7000       .debug$S                   10000000     ucrt:api-ms-win-crt-heap-l1-1-0.dll
 0000:fffd7000       .debug$S                   10000000     ucrt:api-ms-win-crt-heap-l1-1-0.dll
 0000:fffd7000       .debug$S                   10000000     ucrt:api-ms-win-crt-locale-l1-1-0.dll
 0000:fffd7000       .debug$S                   10000000     ucrt:api-ms-win-crt-math-l1-1-0.dll
 0000:fffd7000       .debug$S                   10000000     ucrt:api-ms-win-crt-runtime-l1-1-0.dll
 0000:fffd7000       .debug$S                   10000000     ucrt:api-ms-win-crt-runtime-l1-1-0.dll
 0000:fffd7000       .debug$S                   10000000     ucrt:api-ms-win-crt-runtime-l1-1-0.dll
 0000:fffd7000       .debug$S                   10000000     ucrt:api-ms-win-crt-runtime-l1-1-0.dll
 0000:fffd7000       .debug$S                   10000000     ucrt:api-ms-win-crt-runtime-l1-1-0.dll
 0000:fffd7000       .debug$S                   10000000     ucrt:api-ms-win-crt-runtime-l1-1-0.dll
 0000:fffd7000       .debug$S                   10000000     ucrt:api-ms-win-crt-runtime-l1-1-0.dll
 0000:fffd7000       .debug$S                   10000000     ucrt:api-ms-win-crt-runtime-l1-1-0.dll
 0000:fffd7000       .debug$S                   10000000     ucrt:api-ms-win-crt-runtime-l1-1-0.dll
 0000:fffd7000       .debug$S                   10000000     ucrt:api-ms-win-crt-runtime-l1-1-0.dll
 0000:fffd7000       .debug$S                   10000000     ucrt:api-ms-win-crt-runtime-l1-1-0.dll
 0000:fffd7000       .debug$S                   10000000     ucrt:api-ms-win-crt-runtime-l1-1-0.dll
 0000:fffd7000       .debug$S                   10000000     ucrt:api-ms-win-crt-stdio-l1-1-0.dll
 0000:fffd7000       .debug$S                   10000000     ucrt:api-ms-win-crt-stdio-l1-1-0.dll
 0000:fffd7000       .debug$S                   10000000     ucrt:api-ms-win-crt-stdio-l1-1-0.dll
 0000:fffd7000       .debug$S                   10000000     ucrt:api-ms-win-crt-stdio-l1-1-0.dll
 0000:fffd7000       .debug$S                   10000000     ucrt:api-ms-win-crt-string-l1-1-0.dll
 0000:fffd7000       .debug$S                   10000000     ucrt:api-ms-win-crt-string-l1-1-0.dll
 0000:fffd7000       .debug$S                   10000000     ucrt:api-ms-win-crt-string-l1-1-0.dll
 0000:fffd7000       .debug$S                   10000000     ucrt:api-ms-win-crt-string-l1-1-0.dll
 0000:fffd7000       .debug$S                   10000000     ucrt:api-ms-win-crt-string-l1-1-0.dll
 0000:fffd7000       .debug$S                   10000000     ucrt:api-ms-win-crt-string-l1-1-0.dll
 0000:fffd7000       .debug$S                   10000000     ucrt:api-ms-win-crt-string-l1-1-0.dll
 0000:fffd7000       .debug$S                   10000000     ucrt:api-ms-win-crt-time-l1-1-0.dll
 0000:fffd7000       .debug$S                   10000000     ucrt:api-ms-win-crt-utility-l1-1-0.dll
 0000:fffd7000       .debug$S                   10000000     ucrt:api-ms-win-crt-utility-l1-1-0.dll
 0000:fffd7000       .debug$S                   10000000     kernel32:KERNEL32.dll
 0000:fffd7000       .debug$S                   10000000     kernel32:KERNEL32.dll
 0000:fffd7000       .debug$S                   10000000     kernel32:KERNEL32.dll
 0000:fffd7000       .debug$S                   10000000     kernel32:KERNEL32.dll
 0000:fffd7000       .debug$S                   10000000     kernel32:KERNEL32.dll
 0000:fffd7000       .debug$S                   10000000     kernel32:KERNEL32.dll
 0000:fffd7000       .debug$S                   10000000     kernel32:KERNEL32.dll
 0000:fffd7000       .debug$S                   10000000     kernel32:KERNEL32.dll
 0000:fffd7000       .debug$S                   10000000     kernel32:KERNEL32.dll
 0000:fffd7000       .debug$S                   10000000     kernel32:KERNEL32.dll
 0000:fffd7000       .debug$S                   10000000     kernel32:KERNEL32.dll
 0000:fffd7000       .debug$S                   10000000     kernel32:KERNEL32.dll
 0000:fffd7000       .debug$S                   10000000     kernel32:KERNEL32.dll
 0000:fffd7000       .debug$S                   10000000     kernel32:KERNEL32.dll
 0000:fffd7000       .debug$S                   10000000     ws2_32:WS2_32.dll
 0000:fffd7000       .debug$S                   10000000     ws2_32:WS2_32.dll
 0000:fffd7000       .debug$S                   10000000     ws2_32:WS2_32.dll
 0000:fffd7000       .debug$S                   10000000     ws2_32:WS2_32.dll
 0000:fffd7000       .debug$S                   10000000     ws2_32:WS2_32.dll
 0000:fffd7000       .debug$S                   10000000     ws2_32:WS2_32.dll
 0000:fffd7000       .debug$S                   10000000     ws2_32:WS2_32.dll
 0000:fffd7000       .debug$S                   10000000     ws2_32:WS2_32.dll
 0000:fffd7000       .debug$S                   10000000     ws2_32:WS2_32.dll
 0000:fffd7000       .debug$S                   10000000     ws2_32:WS2_32.dll
 0000:fffd7000       .debug$S                   10000000     libapr:libapr.dll
 0000:fffd7000       .debug$S                   10000000     libapr:libapr.dll
 0000:fffd7000       .debug$S                   10000000     libapr:libapr.dll
 0000:fffd7000       .debug$S                   10000000     libapr:libapr.dll
 0000:fffd7000       .debug$S                   10000000     libapr:libapr.dll
 0000:fffd7000       .debug$S                   10000000     libapr:libapr.dll
 0000:fffd7000       .debug$S                   10000000     libapr:libapr.dll
 0000:fffd7000       .debug$S                   10000000     libapr:libapr.dll
 0000:fffd7000       .debug$S                   10000000     libapr:libapr.dll
 0000:fffd7000       .debug$S                   10000000     libapr:libapr.dll
 0000:fffd7000       .debug$S                   10000000     libapr:libapr.dll
 0000:fffd7000       .debug$S                   10000000     libapr:libapr.dll
 0000:fffd7000       .debug$S                   10000000     libapr:libapr.dll
 0000:fffd7000       .debug$S                   10000000     libapr:libapr.dll
 0000:fffd7000       .debug$S                   10000000     libapr:libapr.dll
 0000:fffd7000       .debug$S                   10000000     libapr:libapr.dll
 0000:fffd7000       .debug$S                   10000000     libapr:libapr.dll
 0000:fffd7000       .debug$S                   10000000     libapr:libapr.dll
 0000:fffd7000       .debug$S                   10000000     libapr:libapr.dll
 0000:fffd7000       .debug$S                   10000000     libapr:libapr.dll
 0000:fffd7000       .debug$S                   10000000     libapr:libapr.dll
 0000:fffd7000       .debug$S                   10000000     libapr:libapr.dll
 0000:fffd7000       .debug$S                   10000000     libapr:libapr.dll
 0000:fffd7000       .debug$S                   10000000     libapr:libapr.dll
 0000:fffd7000       .debug$S                   10000000     libapr:libapr.dll
 0000:fffd7000       .debug$S                   10000000     libapr:libapr.dll
 0000:fffd7000       .debug$S                   10000000     libapr:libapr.dll
 0000:fffd7000       .debug$S                   10000000     libapr:libapr.dll
 0000:fffd7000       .debug$S                   10000000     libapr:libapr.dll
 0000:fffd7000       .debug$S                   10000000     libapr:libapr.dll
 0000:fffd7000       .debug$S                   10000000     libapr:libapr.dll
 0000:fffd7000       .debug$S                   10000000     libapr:libapr.dll
 0000:fffd7000       .debug$S                   10000000     libapr:libapr.dll
 0000:fffd7000       .debug$S                   10000000     libapr:libapr.dll
 0000:fffd7000       .debug$S                   10000000     libapr:libapr.dll
 0000:fffd7000       .debug$S                   10000000     libapr:libapr.dll
 0000:fffd7000       .debug$S                   10000000     libapr:libapr.dll
 0000:fffd7000       .debug$S                   10000000     libapr:libapr.dll
 0000:fffd7000       .debug$S                   10000000     libapr:libapr.dll
 0000:fffd7000       .debug$S                   10000000     libapr:libapr.dll
 0000:fffd7000       .debug$S                   10000000     libapr:libapr.dll
 0000:fffd7000       .debug$S                   10000000     libapr:libapr.dll
 0000:fffd7000       .debug$S                   10000000     libapr:libapr.dll
 0000:fffd7000       .debug$S                   10000000     libapr:libapr.dll
 0000:fffd7000       .debug$S                   10000000     libapr:libapr.dll
 0000:fffd7000       .debug$S                   10000000     libapr:libapr.dll
 0000:fffd7000       .debug$S                   10000000     libapr:libapr.dll
 0000:fffd7000       .debug$S                   10000000     libapr:libapr.dll
 0000:fffd7000       .debug$S                   10000000     libapr:libapr.dll
 0000:fffd7000       .debug$S                   10000000     libapr:libapr.dll
 0000:fffd7000       .debug$S                   10000000     libapr:libapr.dll
 0000:fffd7000       .debug$S                   10000000     libapr:libapr.dll
 0000:fffd7000       .debug$S                   10000000     libapr:libapr.dll
 0000:fffd7000       .debug$S                   10000000     libapr:libapr.dll
 0000:fffd7000       .debug$S                   10000000     libapr:libapr.dll
 0000:fffd7000       .debug$S                   10000000     libapr:libapr.dll
 0000:fffd7000       .debug$S                   10000000     libapr:libapr.dll
 0000:fffd7000       .debug$S                   10000000     libapr:libapr.dll
 0000:fffd7000       .debug$S                   10000000     libapr:libapr.dll
 0000:fffd7000       .debug$S                   10000000     libapr:libapr.dll
 0000:fffd7000       .debug$S                   10000000     libapr:libapr.dll
 0000:fffd7000       .debug$S                   10000000     libaprutil:libaprutil.dll
 0000:fffd7000       .debug$S                   10000000     libaprutil:libaprutil.dll
 0000:fffd7000       .debug$S                   10000000     libaprutil:libaprutil.dll
 0000:fffd7000       .debug$S                   10000000     libaprutil:libaprutil.dll
 0000:fffd7000       .debug$S                   10000000     libaprutil:libaprutil.dll
 0000:fffd7000       .debug$S                   10000000     libaprutil:libaprutil.dll
 0000:fffd7000       .debug$S                   10000000     libaprutil:libaprutil.dll
 0000:fffd7000       .debug$S                   10000000     libaprutil:libaprutil.dll
 0000:fffd7000       .debug$S                   10000000     libaprutil:libaprutil.dll
 0000:fffd7000       .debug$S                   10000000     libcurl.dll:libcurl.dll
 0000:fffd7000       .debug$S                   10000000     libcurl.dll:libcurl.dll
 0000:fffd7000       .debug$S                   10000000     libcurl.dll:libcurl.dll
 0000:fffd7000       .debug$S                   10000000     libcurl.dll:libcurl.dll
 0000:fffd7000       .debug$S                   10000000     libcurl.dll:libcurl.dll
 0000:fffd7000       .debug$S                   10000000     libcurl.dll:libcurl.dll
 0000:fffd7000       .debug$S                   10000000     libcurl.dll:libcurl.dll
 0000:fffd7000       .debug$S                   10000000     libcurl.dll:libcurl.dll
 0000:fffd7000       .debug$S                   10000000     libcurl.dll:libcurl.dll
 0000:fffd7000       .debug$S                   10000000     libcurl.dll:libcurl.dll
 0000:fffd7000       .debug$S                   10000000     libcurl.dll:libcurl.dll
 0000:fffdb000       __guard_fids___except_handler4 10000000     MSVCRT:chandler4gs.obj
 0000:00000000       _volmd                     10000000     MSVCRT:cpu_disp.obj
 0000:fffdb000       __guard_fids_?dllmain_dispatch@@YAHQAUHINSTANCE__@@KQAX@Z 10000000     MSVCRT:dll_dllmain.obj
 0000:00000000       _volmd                     10000000     MSVCRT:gs_report.obj
 0000:fffdb000       __guard_fids__             10000000     MSVCRT:guard_support.obj
 0000:fffdb000       __guard_fids__             10000000     MSVCRT:guard_support.obj
 0000:fffdb000       __guard_fids___guard_icall_checks_enforced 10000000     MSVCRT:guard_support.obj
 0000:00000000       _volmd                     10000000     MSVCRT:guard_support.obj
 0000:00000000       _volmd                     10000000     MSVCRT:guard_support.obj
 0000:00000000       _volmd                     10000000     MSVCRT:guard_support.obj
 0000:00000000       _volmd                     10000000     MSVCRT:guard_support.obj
 0000:00000000       _volmd                     10000000     MSVCRT:guard_support.obj
 0000:00000000       _volmd                     10000000     MSVCRT:guard_support.obj
 0000:00000000       _volmd                     10000000     MSVCRT:guard_support.obj
 0000:00000000       _volmd                     10000000     MSVCRT:guard_support.obj
 0000:00000000       _volmd                     10000000     MSVCRT:guard_support.obj
 0000:fffdb000       __guard_fids____scrt_set_unhandled_exception_filter 10000000     MSVCRT:utility_desktop.obj
 0000:fffd7000       .debug$S                   10000000     vcruntime:VCRUNTIME140.dll
 0000:fffd7000       .debug$S                   10000000     vcruntime:VCRUNTIME140.dll
 0000:fffd7000       .debug$S                   10000000     vcruntime:VCRUNTIME140.dll
[...]
 0003:00001cd8       $SG37736                   1001fcd8     hdns_resolver.obj
 0003:00001d0c       $SG37737                   1001fd0c     hdns_resolver.obj
 0003:00001d24       $SG37738                   1001fd24     hdns_resolver.obj
 0003:00001d64       $SG37739                   1001fd64     hdns_resolver.obj
 0003:00001d68       $SG37743                   1001fd68     hdns_resolver.obj
 0003:00001d90       $SG37744                   1001fd90     hdns_resolver.obj
 0003:00001da8       $SG37745                   1001fda8     hdns_resolver.obj
 0003:00001de8       $SG37758                   1001fde8     hdns_resolver.obj
 0003:00001df4       $SG37759                   1001fdf4     hdns_resolver.obj
 0003:00001dfc       $SG37760                   1001fdfc     hdns_resolver.obj
 0003:00001e0c       $SG37761                   1001fe0c     hdns_resolver.obj
 0003:00001e18       $SG37762                   1001fe18     hdns_resolver.obj
 0003:00001e20       $SG37763                   1001fe20     hdns_resolver.obj
 0003:00001e24       $SG37764                   1001fe24     hdns_resolver.obj
 0003:00001e28       $SG37765                   1001fe28     hdns_resolver.obj
 0003:00001e30       $SG37766                   1001fe30     hdns_resolver.obj
 0003:00001e38       $SG37767                   1001fe38     hdns_resolver.obj
 0003:00001e40       $SG37768                   1001fe40     hdns_resolver.obj
 0003:00001e4c       $SG37769                   1001fe4c     hdns_resolver.obj
 0003:00001e70       $SG37770                   1001fe70     hdns_resolver.obj
 0003:00001e7c       $SG37771                   1001fe7c     hdns_resolver.obj
 0003:00001e80       $SG37773                   1001fe80     hdns_resolver.obj
 0003:00001e84       $SG37774                   1001fe84     hdns_resolver.obj
 0003:00001e88       $SG37776                   1001fe88     hdns_resolver.obj
 0003:00001e8c       $SG37827                   1001fe8c     hdns_resolver.obj
 0003:00001e98       $SG37830                   1001fe98     hdns_resolver.obj
 0003:00001eac       $SG37833                   1001feac     hdns_resolver.obj
 0003:00001ed0       $SG37836                   1001fed0     hdns_resolver.obj
 0003:00001ee0       $SG37838                   1001fee0     hdns_resolver.obj
 0003:00001ef8       $SG37883                   1001fef8     hdns_resolver.obj
 0003:00001f0c       $SG37887                   1001ff0c     hdns_resolver.obj
 0003:00001f10       $SG37889                   1001ff10     hdns_resolver.obj
 0003:00001f14       $SG37890                   1001ff14     hdns_resolver.obj
 0003:00001f18       $SG37893                   1001ff18     hdns_resolver.obj
 0003:00001f1c       $SG37894                   1001ff1c     hdns_resolver.obj
 0003:00001f20       $SG37895                   1001ff20     hdns_resolver.obj
 0003:00001f24       $SG37896                   1001ff24     hdns_resolver.obj
 0003:00001f28       $SG37897                   1001ff28     hdns_resolver.obj
 0003:00001f2c       $SG37898                   1001ff2c     hdns_resolver.obj
 0003:00001f34       $SG37899                   1001ff34     hdns_resolver.obj
 0003:00001f3c       $SG37900                   1001ff3c     hdns_resolver.obj
 0003:00001f4c       $SG37901                   1001ff4c     hdns_resolver.obj
 0003:00001f50       $SG37902                   1001ff50     hdns_resolver.obj
 0003:00001f58       $SG37903                   1001ff58     hdns_resolver.obj
 0003:00001f5c       $SG37904                   1001ff5c     hdns_resolver.obj
 0003:00001f68       $SG37905                   1001ff68     hdns_resolver.obj
 0003:00001f6c       $SG37906                   1001ff6c     hdns_resolver.obj
 0003:00001f74       $SG37907                   1001ff74     hdns_resolver.obj
 0003:00001f78       $SG37909                   1001ff78     hdns_resolver.obj
 0003:00001f84       $SG37911                   1001ff84     hdns_resolver.obj
 0003:00001f8c       $SG37912                   1001ff8c     hdns_resolver.obj
 0003:00001f90       $SG37913                   1001ff90     hdns_resolver.obj
 0003:00001f98       $SG37914                   1001ff98     hdns_resolver.obj
 0003:00001fa0       $SG37915                   1001ffa0     hdns_resolver.obj
 0003:00001fa4       $SG37917                   1001ffa4     hdns_resolver.obj
 0003:00001fb0       $SG37919                   1001ffb0     hdns_resolver.obj
 0003:000020d0       $SG37569                   100200d0     hdns_scheduler.obj
 0003:00002100       $SG37570                   10020100     hdns_scheduler.obj
 0003:00002120       $SG37571                   10020120     hdns_scheduler.obj
 0003:00002160       $SG37574                   10020160     hdns_scheduler.obj
 0003:00002198       $SG37575                   10020198     hdns_scheduler.obj
 0003:000021b8       $SG37576                   100201b8     hdns_scheduler.obj
 0003:000021f8       $SG37577                   100201f8     hdns_scheduler.obj
 0003:00002204       $SG37579                   10020204     hdns_scheduler.obj
 0003:00002214       $SG37600                   10020214     hdns_scheduler.obj
 0003:00002248       $SG37601                   10020248     hdns_scheduler.obj
 0003:00002260       $SG37602                   10020260     hdns_scheduler.obj
 0003:000022a0       $SG37620                   100202a0     hdns_scheduler.obj
 0003:000022d4       $SG37621                   100202d4     hdns_scheduler.obj
 0003:000022f0       $SG37622                   100202f0     hdns_scheduler.obj
 0003:00002330       $SG37626                   10020330     hdns_scheduler.obj
 0003:0000237c       $SG37627                   1002037c     hdns_scheduler.obj
 0003:00002398       $SG37628                   10020398     hdns_scheduler.obj
 0003:000023d8       $SG37632                   100203d8     hdns_scheduler.obj
 0003:00002424       $SG37633                   10020424     hdns_scheduler.obj
 0003:00002440       $SG37634                   10020440     hdns_scheduler.obj
 0003:00002480       $SG37643                   10020480     hdns_scheduler.obj
 0003:00002488       $SG37671                   10020488     hdns_scheduler.obj
 0003:00002490       $SG37672                   10020490     hdns_scheduler.obj
 0003:00002494       $SG37673                   10020494     hdns_scheduler.obj
 0003:00002498       $SG37674                   10020498     hdns_scheduler.obj
 0003:000024a0       $SG37675                   100204a0     hdns_scheduler.obj
 0003:000024a8       $SG37676                   100204a8     hdns_scheduler.obj
 0003:000024b4       $SG37677                   100204b4     hdns_scheduler.obj
 0003:000024d8       $SG37678                   100204d8     hdns_scheduler.obj
 0003:000024e4       $SG37679                   100204e4     hdns_scheduler.obj
 0003:000024e8       $SG37681                   100204e8     hdns_scheduler.obj
 0003:000024ec       $SG37682                   100204ec     hdns_scheduler.obj
 0003:000024f0       $SG37683                   100204f0     hdns_scheduler.obj
 0003:000024f4       $SG37699                   100204f4     hdns_scheduler.obj
 0003:00002520       $SG37700                   10020520     hdns_scheduler.obj
 0003:00002538       $SG37701                   10020538     hdns_scheduler.obj
 0003:00002578       $SG37703                   10020578     hdns_scheduler.obj
 0003:00002590       $SG37704                   10020590     hdns_scheduler.obj
 0003:000025a8       $SG37705                   100205a8     hdns_scheduler.obj
 0003:000025e8       $SG37717                   100205e8     hdns_scheduler.obj
 0003:000025fc       $SG37739                   100205fc     hdns_scheduler.obj
 0003:00002618       $SG37742                   10020618     hdns_scheduler.obj
 0003:0000262c       $SG37744                   1002062c     hdns_scheduler.obj
 0003:00002650       $SG37745                   10020650     hdns_scheduler.obj
 0003:00002674       $SG37746                   10020674     hdns_scheduler.obj
 0003:000026b4       $SG37751                   100206b4     hdns_scheduler.obj
 0003:000026e0       $SG37752                   100206e0     hdns_scheduler.obj
 0003:00002704       $SG37753                   10020704     hdns_scheduler.obj
 0003:00002748       $SG37755                   10020748     hdns_scheduler.obj
 0003:0000278c       $SG37756                   1002078c     hdns_scheduler.obj
 0003:000027b0       $SG37757                   100207b0     hdns_scheduler.obj
 0003:000027f0       $SG37772                   100207f0     hdns_scheduler.obj
 0003:00002804       $SG37773                   10020804     hdns_scheduler.obj
 0003:00002818       $SG37774                   10020818     hdns_scheduler.obj
 0003:00002858       $SG37780                   10020858     hdns_scheduler.obj
 0003:0000285c       $SG37782                   1002085c     hdns_scheduler.obj
 0003:00002888       $SG37783                   10020888     hdns_scheduler.obj
 0003:0000289c       $SG37784                   1002089c     hdns_scheduler.obj
 0003:000028e0       $SG37795                   100208e0     hdns_scheduler.obj
 0003:00002924       $SG37796                   10020924     hdns_scheduler.obj
 0003:0000293c       $SG37797                   1002093c     hdns_scheduler.obj
 0003:00002b38       $SG36775                   10020b38     hdns_session.obj
 0003:00002b60       $SG36776                   10020b60     hdns_session.obj
 0003:00002b78       $SG36777                   10020b78     hdns_session.obj
 0003:00002bb4       $SG36780                   10020bb4     hdns_session.obj
 0003:00002bdc       $SG36781                   10020bdc     hdns_session.obj
 0003:00002bf4       $SG36782                   10020bf4     hdns_session.obj
 0003:00002c30       $SG36785                   10020c30     hdns_session.obj
 0003:00002c60       $SG36786                   10020c60     hdns_session.obj
 0003:00002c78       $SG36787                   10020c78     hdns_session.obj
 0003:00002d00       $SG36808                   10020d00     hdns_sign.obj
 0003:00002d08       $SG36809                   10020d08     hdns_sign.obj
 0003:00002d0c       $SG36810                   10020d0c     hdns_sign.obj
 0003:00002d10       $SG36812                   10020d10     hdns_sign.obj
 0003:00002d3c       $SG36813                   10020d3c     hdns_sign.obj
 0003:00002d50       $SG36814                   10020d50     hdns_sign.obj
 0003:00002da4       $SG37157                   10020da4     hdns_transport.obj
 0003:00002db8       $SG37103                   10020db8     hdns_transport.obj
 0003:00002dd0       $SG37104                   10020dd0     hdns_transport.obj
 0003:00002dec       $SG37105                   10020dec     hdns_transport.obj
 0003:00002e2c       $SG37108                   10020e2c     hdns_transport.obj
 0003:00002e4c       $SG37109                   10020e4c     hdns_transport.obj
 0003:00002e68       $SG37110                   10020e68     hdns_transport.obj
 0003:00002ea8       $SG37113                   10020ea8     hdns_transport.obj
 0003:00002ec8       $SG37114                   10020ec8     hdns_transport.obj
 0003:00002ee4       $SG37115                   10020ee4     hdns_transport.obj
 0003:00002f24       $SG37127                   10020f24     hdns_transport.obj
 0003:00002f2c       $SG37142                   10020f2c     hdns_transport.obj
 0003:00002f44       $SG37143                   10020f44     hdns_transport.obj
 0003:00002f4c       ?hex@?1??hdns_url_encode@@9@9 10020f4c     hdns_transport.obj
 0003:00002f50       $SG37186                   10020f50     hdns_transport.obj
 0003:00002f74       $SG37187                   10020f74     hdns_transport.obj
 0003:00002f90       $SG37188                   10020f90     hdns_transport.obj
 0003:00002fd0       $SG37189                   10020fd0     hdns_transport.obj
 0003:00002fd8       $SG37193                   10020fd8     hdns_transport.obj
 0003:00002ffc       $SG37194                   10020ffc     hdns_transport.obj
 0003:00003018       $SG37195                   10021018     hdns_transport.obj
 0003:00003058       $SG37196                   10021058     hdns_transport.obj
 0003:0000305c       $SG37199                   1002105c     hdns_transport.obj
 0003:0000307c       $SG37200                   1002107c     hdns_transport.obj
 0003:00003098       $SG37201                   10021098     hdns_transport.obj
 0003:000030d8       $SG37214                   100210d8     hdns_transport.obj
 0003:000030f0       $SG37216                   100210f0     hdns_transport.obj
 0003:00003110       $SG37220                   10021110     hdns_transport.obj
 0003:0000311c       $SG37222                   1002111c     hdns_transport.obj
 0003:00003120       $SG37223                   10021120     hdns_transport.obj
 0003:00003124       $SG37226                   10021124     hdns_transport.obj
 0003:0000312c       $SG37227                   1002112c     hdns_transport.obj
 0003:00003138       $SG37229                   10021138     hdns_transport.obj
 0003:00003140       $SG37230                   10021140     hdns_transport.obj
 0003:00003154       $SG37231                   10021154     hdns_transport.obj
 0003:00003194       $SG37286                   10021194     hdns_transport.obj
 0003:000031a4       $SG37287                   100211a4     hdns_transport.obj
 0003:000031c8       $SG37288                   100211c8     hdns_transport.obj
 0003:00003208       $SG37291                   10021208     hdns_transport.obj
 0003:00003224       $SG37292                   10021224     hdns_transport.obj
 0003:00003248       $SG37293                   10021248     hdns_transport.obj
 0003:00003288       $SG37297                   10021288     hdns_transport.obj
 0003:000032bc       $SG37298                   100212bc     hdns_transport.obj
 0003:000032e0       $SG37299                   100212e0     hdns_transport.obj
 0003:00003320       $SG37312                   10021320     hdns_transport.obj
 0003:00003338       $SG37313                   10021338     hdns_transport.obj
 0003:0000335c       $SG37314                   1002135c     hdns_transport.obj
 0003:0000339c       $SG37317                   1002139c     hdns_transport.obj
 0003:000033b8       $SG37318                   100213b8     hdns_transport.obj
 0003:000033dc       $SG37319                   100213dc     hdns_transport.obj
 0003:0000341c       $SG37320                   1002141c     hdns_transport.obj
 0003:00003430       $SG37332                   10021430     hdns_transport.obj
 0003:00003448       $SG37333                   10021448     hdns_transport.obj
 0003:00003468       $SG37334                   10021468     hdns_transport.obj
 0003:000034a8       $SG37337                   100214a8     hdns_transport.obj
 0003:000034c0       $SG37338                   100214c0     hdns_transport.obj
 0003:000034e0       $SG37339                   100214e0     hdns_transport.obj
 0003:00003520       $SG37340                   10021520     hdns_transport.obj
 0003:00003534       $SG37366                   10021534     hdns_transport.obj
 0003:00003564       $SG37367                   10021564     hdns_transport.obj
 0003:00003580       $SG37368                   10021580     hdns_transport.obj
 0003:000035c0       $SG37372                   100215c0     hdns_transport.obj
 0003:000035f0       $SG37373                   100215f0     hdns_transport.obj
 0003:0000360c       $SG37374                   1002160c     hdns_transport.obj
 0003:0000364c       $SG37394                   1002164c     hdns_transport.obj
 0003:00003658       $SG37400                   10021658     hdns_transport.obj
 0003:00003670       $SG37408                   10021670     hdns_transport.obj
 0003:00003678       $SG37419                   10021678     hdns_transport.obj
 0003:000036a0       $SG37420                   100216a0     hdns_transport.obj
 0003:000036bc       $SG37421                   100216bc     hdns_transport.obj
 0003:000038d8       $SG36844                   100218d8     hdns_utils.obj
 0003:000038e4       $SG36848                   100218e4     hdns_utils.obj
 0003:0000390c       $SG36849                   1002190c     hdns_utils.obj
 0003:00003924       $SG36850                   10021924     hdns_utils.obj
 0003:00003960       $SG36851                   10021960     hdns_utils.obj
 0003:00003968       $SG36873                   10021968     hdns_utils.obj
 0003:0000399c       _global_hooks              1002199c     cjson:cJSON.c.obj
 0003:00003b60       _g_hdns_api_pool           10021b60     hdns_api.obj
 0003:00003b64       _g_hdns_api_thread_pool    10021b64     hdns_api.obj
 0003:00003b68       _g_hdns_api_initialized    10021b68     hdns_api.obj
 0003:00003b6c       _g_hdns_net_detector       10021b6c     hdns_api.obj
 0003:00003b7d       $SG37908                   10021b7d     hdns_resolver.obj
 0003:00003b7e       $SG37910                   10021b7e     hdns_resolver.obj
 0003:00003b7f       $SG37916                   10021b7f     hdns_resolver.obj
 0003:00003b80       $SG37918                   10021b80     hdns_resolver.obj
 0003:00003b88       _g_hdns_session_stack_mutex 10021b88     hdns_session.obj
 0003:00003b8c       _g_hdns_session_stack_size 10021b8c     hdns_session.obj
 0003:00003b90       _g_hdns_session_stack      10021b90     hdns_session.obj
 0003:00003c10       _g_hdns_session_pool       10021c10     hdns_session.obj
 0003:00003c14       _g_hdns_session_initialized 10021c14     hdns_session.obj
 0003:00003c34       _global_error              10021c34     cjson:cJSON.c.obj
 0003:00003c3c       ?version@?1??cJSON_Version@@9@9 10021c3c     cjson:cJSON.c.obj
 0003:00003c50       _GS_ExceptionRecord        10021c50     MSVCRT:gs_report.obj
 0003:00003ca0       _GS_ContextRecord          10021ca0     MSVCRT:gs_report.obj
 0003:0000400c       ?__proc_attached@@3HA      1002200c     MSVCRT:dll_dllmain.obj
 0003:00004044       ?is_initialized_as_dll@@3_NA 10022044     MSVCRT:utility.obj
 0003:00004045       ?module_local_atexit_table_initialized@@3_NA 10022045     MSVCRT:utility.obj
 0003:00004048       ?module_local_atexit_table@@3U_onexit_table_t@@A 10022048     MSVCRT:utility.obj
 0003:00004054       ?module_local_at_quick_exit_table@@3U_onexit_table_t@@A 10022054     MSVCRT:utility.obj
 0004:000010fe       .idata$6                   100240fe     libapr:libapr.dll
 0004:00001204       .idata$6                   10024204     libaprutil:libaprutil.dll
 0004:000012f2       .idata$6                   100242f2     libcurl.dll:libcurl.dll
 0004:00001334       .idata$6                   10024334     ws2_32:WS2_32.dll
 0004:000013c2       .idata$6                   100243c2     vcruntime:VCRUNTIME140.dll
 0004:000015c4       .idata$6                   100245c4     ucrt:api-ms-win-crt-utility-l1-1-0.dll
 0004:000015e6       .idata$6                   100245e6     ucrt:api-ms-win-crt-string-l1-1-0.dll
 0004:00001608       .idata$6                   10024608     ucrt:api-ms-win-crt-time-l1-1-0.dll
 0004:00001628       .idata$6                   10024628     ucrt:api-ms-win-crt-stdio-l1-1-0.dll
 0004:00001648       .idata$6                   10024648     ucrt:api-ms-win-crt-heap-l1-1-0.dll
 0004:00001668       .idata$6                   10024668     ucrt:api-ms-win-crt-convert-l1-1-0.dll
 0004:0000168a       .idata$6                   1002468a     ucrt:api-ms-win-crt-locale-l1-1-0.dll
 0004:000016ac       .idata$6                   100246ac     ucrt:api-ms-win-crt-math-l1-1-0.dll
 0004:000016cc       .idata$6                   100246cc     ucrt:api-ms-win-crt-runtime-l1-1-0.dll
 0004:00001838       .idata$6                   10024838     kernel32:KERNEL32.dll
 0006:000001c0       $R000000                   100261c0     Resource.res
 0006:000004a0       $R0002E0                   100264a0     Resource.res
